Archive member included to satisfy reference by file (symbol)

c:/program files (x86)/atmel/studio/7.0/toolchain/arm/arm-gnu-toolchain/bin/../lib/gcc/arm-none-eabi/6.3.1/../../../../arm-none-eabi/lib/thumb/v6-m\libm.a(lib_a-s_cos.o)
                              src/sensors.o (cos)
c:/program files (x86)/atmel/studio/7.0/toolchain/arm/arm-gnu-toolchain/bin/../lib/gcc/arm-none-eabi/6.3.1/../../../../arm-none-eabi/lib/thumb/v6-m\libm.a(lib_a-s_floor.o)
                              src/EEPROM.o (floor)
c:/program files (x86)/atmel/studio/7.0/toolchain/arm/arm-gnu-toolchain/bin/../lib/gcc/arm-none-eabi/6.3.1/../../../../arm-none-eabi/lib/thumb/v6-m\libm.a(lib_a-s_sin.o)
                              src/calibration.o (sin)
c:/program files (x86)/atmel/studio/7.0/toolchain/arm/arm-gnu-toolchain/bin/../lib/gcc/arm-none-eabi/6.3.1/../../../../arm-none-eabi/lib/thumb/v6-m\libm.a(lib_a-w_atan2.o)
                              src/calibration.o (atan2)
c:/program files (x86)/atmel/studio/7.0/toolchain/arm/arm-gnu-toolchain/bin/../lib/gcc/arm-none-eabi/6.3.1/../../../../arm-none-eabi/lib/thumb/v6-m\libm.a(lib_a-w_pow.o)
                              src/sensors.o (pow)
c:/program files (x86)/atmel/studio/7.0/toolchain/arm/arm-gnu-toolchain/bin/../lib/gcc/arm-none-eabi/6.3.1/../../../../arm-none-eabi/lib/thumb/v6-m\libm.a(lib_a-w_sqrt.o)
                              src/sensors.o (sqrt)
c:/program files (x86)/atmel/studio/7.0/toolchain/arm/arm-gnu-toolchain/bin/../lib/gcc/arm-none-eabi/6.3.1/../../../../arm-none-eabi/lib/thumb/v6-m\libm.a(lib_a-e_atan2.o)
                              c:/program files (x86)/atmel/studio/7.0/toolchain/arm/arm-gnu-toolchain/bin/../lib/gcc/arm-none-eabi/6.3.1/../../../../arm-none-eabi/lib/thumb/v6-m\libm.a(lib_a-w_atan2.o) (__ieee754_atan2)
c:/program files (x86)/atmel/studio/7.0/toolchain/arm/arm-gnu-toolchain/bin/../lib/gcc/arm-none-eabi/6.3.1/../../../../arm-none-eabi/lib/thumb/v6-m\libm.a(lib_a-e_pow.o)
                              c:/program files (x86)/atmel/studio/7.0/toolchain/arm/arm-gnu-toolchain/bin/../lib/gcc/arm-none-eabi/6.3.1/../../../../arm-none-eabi/lib/thumb/v6-m\libm.a(lib_a-w_pow.o) (__ieee754_pow)
c:/program files (x86)/atmel/studio/7.0/toolchain/arm/arm-gnu-toolchain/bin/../lib/gcc/arm-none-eabi/6.3.1/../../../../arm-none-eabi/lib/thumb/v6-m\libm.a(lib_a-e_rem_pio2.o)
                              c:/program files (x86)/atmel/studio/7.0/toolchain/arm/arm-gnu-toolchain/bin/../lib/gcc/arm-none-eabi/6.3.1/../../../../arm-none-eabi/lib/thumb/v6-m\libm.a(lib_a-s_cos.o) (__ieee754_rem_pio2)
c:/program files (x86)/atmel/studio/7.0/toolchain/arm/arm-gnu-toolchain/bin/../lib/gcc/arm-none-eabi/6.3.1/../../../../arm-none-eabi/lib/thumb/v6-m\libm.a(lib_a-e_sqrt.o)
                              c:/program files (x86)/atmel/studio/7.0/toolchain/arm/arm-gnu-toolchain/bin/../lib/gcc/arm-none-eabi/6.3.1/../../../../arm-none-eabi/lib/thumb/v6-m\libm.a(lib_a-w_sqrt.o) (__ieee754_sqrt)
c:/program files (x86)/atmel/studio/7.0/toolchain/arm/arm-gnu-toolchain/bin/../lib/gcc/arm-none-eabi/6.3.1/../../../../arm-none-eabi/lib/thumb/v6-m\libm.a(lib_a-k_cos.o)
                              c:/program files (x86)/atmel/studio/7.0/toolchain/arm/arm-gnu-toolchain/bin/../lib/gcc/arm-none-eabi/6.3.1/../../../../arm-none-eabi/lib/thumb/v6-m\libm.a(lib_a-s_cos.o) (__kernel_cos)
c:/program files (x86)/atmel/studio/7.0/toolchain/arm/arm-gnu-toolchain/bin/../lib/gcc/arm-none-eabi/6.3.1/../../../../arm-none-eabi/lib/thumb/v6-m\libm.a(lib_a-k_rem_pio2.o)
                              c:/program files (x86)/atmel/studio/7.0/toolchain/arm/arm-gnu-toolchain/bin/../lib/gcc/arm-none-eabi/6.3.1/../../../../arm-none-eabi/lib/thumb/v6-m\libm.a(lib_a-e_rem_pio2.o) (__kernel_rem_pio2)
c:/program files (x86)/atmel/studio/7.0/toolchain/arm/arm-gnu-toolchain/bin/../lib/gcc/arm-none-eabi/6.3.1/../../../../arm-none-eabi/lib/thumb/v6-m\libm.a(lib_a-k_sin.o)
                              c:/program files (x86)/atmel/studio/7.0/toolchain/arm/arm-gnu-toolchain/bin/../lib/gcc/arm-none-eabi/6.3.1/../../../../arm-none-eabi/lib/thumb/v6-m\libm.a(lib_a-s_cos.o) (__kernel_sin)
c:/program files (x86)/atmel/studio/7.0/toolchain/arm/arm-gnu-toolchain/bin/../lib/gcc/arm-none-eabi/6.3.1/../../../../arm-none-eabi/lib/thumb/v6-m\libm.a(lib_a-s_atan.o)
                              c:/program files (x86)/atmel/studio/7.0/toolchain/arm/arm-gnu-toolchain/bin/../lib/gcc/arm-none-eabi/6.3.1/../../../../arm-none-eabi/lib/thumb/v6-m\libm.a(lib_a-e_atan2.o) (atan)
c:/program files (x86)/atmel/studio/7.0/toolchain/arm/arm-gnu-toolchain/bin/../lib/gcc/arm-none-eabi/6.3.1/../../../../arm-none-eabi/lib/thumb/v6-m\libm.a(lib_a-s_fabs.o)
                              c:/program files (x86)/atmel/studio/7.0/toolchain/arm/arm-gnu-toolchain/bin/../lib/gcc/arm-none-eabi/6.3.1/../../../../arm-none-eabi/lib/thumb/v6-m\libm.a(lib_a-e_atan2.o) (fabs)
[...]
Memory Configuration

Name             Origin             Length             Attributes
rom              0x00000000         0x00040000         xr
ram              0x20000000         0x00008000         xrw
lpram            0x30000000         0x00002000         xrw
*default*        0x00000000         0xffffffff

Linker script and memory map

LOAD c:/program files (x86)/atmel/studio/7.0/toolchain/arm/arm-gnu-toolchain/bin/../lib/gcc/arm-none-eabi/6.3.1/thumb/v6-m/crti.o
LOAD c:/program files (x86)/atmel/studio/7.0/toolchain/arm/arm-gnu-toolchain/bin/../lib/gcc/arm-none-eabi/6.3.1/thumb/v6-m/crtbegin.o
LOAD c:/program files (x86)/atmel/studio/7.0/toolchain/arm/arm-gnu-toolchain/bin/../lib/gcc/arm-none-eabi/6.3.1/../../../../arm-none-eabi/lib/thumb/v6-m/crt0.o
LOAD src/ASF/common2/boards/user_board/init.o
LOAD src/ASF/common/services/usb/class/msc/device/udi_msc.o
LOAD src/ASF/common/services/usb/class/msc/device/udi_msc_desc.o
LOAD src/ASF/common/services/usb/udc/udc.o
LOAD src/ASF/common/utils/interrupt/interrupt_sam_nvic.o
LOAD src/ASF/sam0/drivers/sercom/spi/spi_interrupt.o
LOAD src/ASF/sam0/drivers/usb/stack_interface/usb_device_udd.o
LOAD src/ASF/sam0/drivers/usb/stack_interface/usb_dual.o
LOAD src/ASF/sam0/drivers/usb/usb_sam_l/usb.o
LOAD src/ASF/sam0/drivers/wdt/wdt.o
LOAD src/ASF/sam0/drivers/wdt/wdt_callback.o
LOAD src/ASF/sam0/utils/cmsis/saml21/source/gcc/startup_saml21.o
LOAD src/ASF/sam0/utils/cmsis/saml21/source/system_saml21.o
LOAD src/ASF/sam0/utils/syscalls/gcc/syscalls.o
LOAD src/backlight.o
LOAD src/batteryManagement.o
LOAD src/clockSetup.o
LOAD src/EEPROM.o
LOAD src/sensors.o
LOAD src/timers.o
LOAD src/ASF/common2/components/memory/sd_mmc/sd_mmc.o
LOAD src/ASF/common2/components/memory/sd_mmc/sd_mmc_spi.o
LOAD src/ASF/common/services/sleepmgr/saml/sleepmgr.o
LOAD src/ASF/common/services/storage/ctrl_access/ctrl_access.o
LOAD src/ASF/sam0/drivers/extint/extint_callback.o
LOAD src/ASF/sam0/drivers/extint/extint_sam_l_c/extint.o
LOAD src/ASF/sam0/drivers/rtc/rtc_sam_l_c/rtc_count.o
LOAD src/ASF/sam0/drivers/rtc/rtc_sam_l_c/rtc_count_interrupt.o
LOAD src/ASF/sam0/drivers/sercom/i2c/i2c_sam0/i2c_master.o
LOAD src/ASF/sam0/drivers/sercom/i2c/i2c_sam0/i2c_master_interrupt.o
LOAD src/ASF/sam0/drivers/sercom/sercom_interrupt.o
LOAD src/ASF/sam0/drivers/sercom/usart/usart_interrupt.o
LOAD src/ASF/sam0/drivers/tc/tc_interrupt.o
LOAD src/ASF/sam0/drivers/tc/tc_sam_l_c/tc.o
LOAD src/calibration.o
LOAD src/comms/comms.o
LOAD src/comms/sd_mmc_mem.o
LOAD src/FatFS_R13C/diskio.o
LOAD src/FatFS_R13C/fattime_rtc.o
LOAD src/FatFS_R13C/ff.o
LOAD src/FatFS_R13C/ffsystem.o
LOAD src/FatFS_R13C/ffunicode.o
LOAD src/glcd/ATSAML21.o
LOAD src/glcd/glcd.o
LOAD src/glcd/graphics.o
LOAD src/glcd/graphs.o
LOAD src/glcd/ST7565R.o
LOAD src/glcd/text.o
LOAD src/glcd/text_tiny.o
LOAD src/glcd/unit_tests.o
LOAD src/ASF/sam0/drivers/sercom/usart/usart.o
LOAD src/ASF/sam0/drivers/sercom/spi/spi.o
LOAD src/ASF/sam0/drivers/sercom/sercom.o
LOAD src/ASF/common2/services/delay/sam0/systick_counter.o
LOAD src/ASF/sam0/drivers/port/port.o
LOAD src/ASF/sam0/drivers/system/clock/clock_saml21/clock.o
LOAD src/ASF/sam0/drivers/system/clock/clock_saml21/gclk.o
LOAD src/ASF/sam0/drivers/system/interrupt/system_interrupt.o
LOAD src/ASF/sam0/drivers/system/pinmux/pinmux.o
LOAD src/ASF/sam0/drivers/system/system.o
LOAD src/main.o
START GROUP
LOAD ../src/ASF/thirdparty/CMSIS/Lib/GCC\libarm_cortexM0l_math.a
LOAD c:/program files (x86)/atmel/studio/7.0/toolchain/arm/arm-gnu-toolchain/bin/../lib/gcc/arm-none-eabi/6.3.1/../../../../arm-none-eabi/lib/thumb/v6-m\libm.a
END GROUP
START GROUP
LOAD c:/program files (x86)/atmel/studio/7.0/toolchain/arm/arm-gnu-toolchain/bin/../lib/gcc/arm-none-eabi/6.3.1/thumb/v6-m\libgcc.a
LOAD c:/program files (x86)/atmel/studio/7.0/toolchain/arm/arm-gnu-toolchain/bin/../lib/gcc/arm-none-eabi/6.3.1/../../../../arm-none-eabi/lib/thumb/v6-m\libc_nano.a
END GROUP
START GROUP
LOAD c:/program files (x86)/atmel/studio/7.0/toolchain/arm/arm-gnu-toolchain/bin/../lib/gcc/arm-none-eabi/6.3.1/thumb/v6-m\libgcc.a
LOAD c:/program files (x86)/atmel/studio/7.0/toolchain/arm/arm-gnu-toolchain/bin/../lib/gcc/arm-none-eabi/6.3.1/../../../../arm-none-eabi/lib/thumb/v6-m\libc_nano.a
END GROUP
LOAD c:/program files (x86)/atmel/studio/7.0/toolchain/arm/arm-gnu-toolchain/bin/../lib/gcc/arm-none-eabi/6.3.1/thumb/v6-m/crtend.o
LOAD c:/program files (x86)/atmel/studio/7.0/toolchain/arm/arm-gnu-toolchain/bin/../lib/gcc/arm-none-eabi/6.3.1/thumb/v6-m/crtn.o
                0x00002000                STACK_SIZE = DEFINED (STACK_SIZE)?STACK_SIZE:DEFINED (__stack_size__)?__stack_size__:0x2000

.text           0x00000000    0x2a404
                0x00000000                . = ALIGN (0x4)
                0x00000000                _sfixed = .
 *(.vectors .vectors.*)
 .vectors       0x00000000       0xb4 src/ASF/sam0/utils/cmsis/saml21/source/gcc/startup_saml21.o
                0x00000000                exception_table
 *(.text .text.* .gnu.linkonce.t.*)
 .text          0x000000b4       0x60 c:/program files (x86)/atmel/studio/7.0/toolchain/arm/arm-gnu-toolchain/bin/../lib/gcc/arm-none-eabi/6.3.1/thumb/v6-m/crtbegin.o
 .text.system_board_init
                0x00000114        0xa src/ASF/common2/boards/user_board/init.o
                0x00000114                board_init
                0x00000114                system_board_init
 *fill*         0x0000011e        0x2 
 .text.udi_msc_enable
                0x00000120       0xb4 src/ASF/common/services/usb/class/msc/device/udi_msc.o
                0x00000120                udi_msc_enable
 .text.udi_msc_disable
                0x000001d4       0x30 src/ASF/common/services/usb/class/msc/device/udi_msc.o
                0x000001d4                udi_msc_disable
 .text.udi_msc_setup
                0x00000204       0xc4 src/ASF/common/services/usb/class/msc/device/udi_msc.o
                0x00000204                udi_msc_setup
 .text.udi_msc_getsetting
                0x000002c8        0xc src/ASF/common/services/usb/class/msc/device/udi_msc.o
                0x000002c8                udi_msc_getsetting
 .text.udi_msc_cbw_invalid
                0x000002d4       0x3c src/ASF/common/services/usb/class/msc/device/udi_msc.o
 .text.udi_msc_csw_invalid
                0x00000310       0x3c src/ASF/common/services/usb/class/msc/device/udi_msc.o
 .text.udi_msc_cbw_wait
                0x0000034c       0x4c src/ASF/common/services/usb/class/msc/device/udi_msc.o
 .text.udi_msc_cbw_received
                0x00000398      0x130 src/ASF/common/services/usb/class/msc/device/udi_msc.o
 .text.udi_msc_cbw_validate
                0x000004c8       0x50 src/ASF/common/services/usb/class/msc/device/udi_msc.o
 .text.udi_msc_data_send
                0x00000518       0x50 src/ASF/common/services/usb/class/msc/device/udi_msc.o
 .text.udi_msc_data_sent
                0x00000568       0x48 src/ASF/common/services/usb/class/msc/device/udi_msc.o
 .text.udi_msc_csw_process
                0x000005b0       0x50 src/ASF/common/services/usb/class/msc/device/udi_msc.o
 .text.udi_msc_csw_send
                0x00000600       0x4c src/ASF/common/services/usb/class/msc/device/udi_msc.o
                0x00000600                udi_msc_csw_send
 .text.udi_msc_csw_sent
                0x0000064c       0x28 src/ASF/common/services/usb/class/msc/device/udi_msc.o
 .text.udi_msc_clear_sense
                0x00000674       0x2c src/ASF/common/services/usb/class/msc/device/udi_msc.o
 .text.udi_msc_sense_fail
                0x000006a0       0x78 src/ASF/common/services/usb/class/msc/device/udi_msc.o
 .text.udi_msc_sense_pass
                0x00000718       0x1c src/ASF/common/services/usb/class/msc/device/udi_msc.o
 .text.udi_msc_sense_fail_not_present
                0x00000734       0x1c src/ASF/common/services/usb/class/msc/device/udi_msc.o
 .text.udi_msc_sense_fail_busy_or_change
                0x00000750       0x1c src/ASF/common/services/usb/class/msc/device/udi_msc.o
 .text.udi_msc_sense_fail_hardware
                0x0000076c       0x18 src/ASF/common/services/usb/class/msc/device/udi_msc.o
 .text.udi_msc_sense_fail_protected
                0x00000784       0x1c src/ASF/common/services/usb/class/msc/device/udi_msc.o
 .text.udi_msc_sense_fail_cdb_invalid
                0x000007a0       0x1c src/ASF/common/services/usb/class/msc/device/udi_msc.o
 .text.udi_msc_sense_command_invalid
                0x000007bc       0x1c src/ASF/common/services/usb/class/msc/device/udi_msc.o
 .text.udi_msc_spc_requestsense
                0x000007d8       0x60 src/ASF/common/services/usb/class/msc/device/udi_msc.o
 .text.udi_msc_spc_inquiry
                0x00000838      0x11c src/ASF/common/services/usb/class/msc/device/udi_msc.o
 .text.udi_msc_spc_testunitready_global
                0x00000954       0x50 src/ASF/common/services/usb/class/msc/device/udi_msc.o
 .text.udi_msc_spc_testunitready
                0x000009a4       0x28 src/ASF/common/services/usb/class/msc/device/udi_msc.o
 .text.udi_msc_spc_mode_sense
                0x000009cc      0x174 src/ASF/common/services/usb/class/msc/device/udi_msc.o
 .text.udi_msc_spc_prevent_allow_medium_removal
                0x00000b40       0x3c src/ASF/common/services/usb/class/msc/device/udi_msc.o
 .text.udi_msc_sbc_start_stop
                0x00000b7c       0x74 src/ASF/common/services/usb/class/msc/device/udi_msc.o
 .text.udi_msc_sbc_read_capacity
                0x00000bf0       0xa0 src/ASF/common/services/usb/class/msc/device/udi_msc.o
 .text.udi_msc_sbc_trans
                0x00000c90       0xe4 src/ASF/common/services/usb/class/msc/device/udi_msc.o
 .text.udi_msc_process_trans
                0x00000d74       0xdc src/ASF/common/services/usb/class/msc/device/udi_msc.o
                0x00000d74                udi_msc_process_trans
 .text.udi_msc_trans_ack
                0x00000e50       0x3c src/ASF/common/services/usb/class/msc/device/udi_msc.o
 .text.udi_msc_trans_block
                0x00000e8c       0xe8 src/ASF/common/services/usb/class/msc/device/udi_msc.o
                0x00000e8c                udi_msc_trans_block
 .text.udc_get_string_serial_name
                0x00000f74       0x10 src/ASF/common/services/usb/udc/udc.o
 .text.udc_get_eof_conf
                0x00000f84       0x28 src/ASF/common/services/usb/udc/udc.o
 .text.udc_next_desc_in_iface
                0x00000fac       0x64 src/ASF/common/services/usb/udc/udc.o
 .text.udc_update_iface_desc
                0x00001010       0xa4 src/ASF/common/services/usb/udc/udc.o
 .text.udc_iface_disable
                0x000010b4       0xb0 src/ASF/common/services/usb/udc/udc.o
 .text.udc_iface_enable
                0x00001164       0xb0 src/ASF/common/services/usb/udc/udc.o
 .text.udc_start
                0x00001214       0x14 src/ASF/common/services/usb/udc/udc.o
                0x00001214                udc_start
 .text.udc_reset
                0x00001228       0x60 src/ASF/common/services/usb/udc/udc.o
                0x00001228                udc_reset
 .text.udc_sof_notify
                0x00001288       0x6c src/ASF/common/services/usb/udc/udc.o
                0x00001288                udc_sof_notify
 .text.udc_req_std_dev_get_status
                0x000012f4       0x30 src/ASF/common/services/usb/udc/udc.o
 .text.udc_req_std_ep_get_status
                0x00001324       0x48 src/ASF/common/services/usb/udc/udc.o
 .text.udc_req_std_dev_clear_feature
                0x0000136c       0x3c src/ASF/common/services/usb/udc/udc.o
 .text.udc_req_std_ep_clear_feature
                0x000013a8       0x38 src/ASF/common/services/usb/udc/udc.o
 .text.udc_req_std_dev_set_feature
                0x000013e0       0x2c src/ASF/common/services/usb/udc/udc.o
 .text.udc_req_std_ep_set_feature
                0x0000140c       0x48 src/ASF/common/services/usb/udc/udc.o
 .text.udc_valid_address
                0x00001454       0x24 src/ASF/common/services/usb/udc/udc.o
 .text.udc_req_std_dev_set_address
                0x00001478       0x28 src/ASF/common/services/usb/udc/udc.o
 .text.udc_req_std_dev_get_str_desc
                0x000014a0       0xf8 src/ASF/common/services/usb/udc/udc.o
 .text.udc_req_std_dev_get_descriptor
                0x00001598       0xfc src/ASF/common/services/usb/udc/udc.o
 .text.udc_req_std_dev_get_configuration
                0x00001694       0x30 src/ASF/common/services/usb/udc/udc.o
 .text.udc_req_std_dev_set_configuration
                0x000016c4       0xd0 src/ASF/common/services/usb/udc/udc.o
 .text.udc_req_std_iface_get_setting
                0x00001794       0xa4 src/ASF/common/services/usb/udc/udc.o
 .text.udc_req_std_iface_set_setting
                0x00001838       0x74 src/ASF/common/services/usb/udc/udc.o
 .text.udc_reqstd
                0x000018ac      0x15c src/ASF/common/services/usb/udc/udc.o
 .text.udc_req_iface
                0x00001a08       0xa8 src/ASF/common/services/usb/udc/udc.o
 .text.udc_req_ep
                0x00001ab0       0xa0 src/ASF/common/services/usb/udc/udc.o
 .text.udc_process_setup
                0x00001b50       0x90 src/ASF/common/services/usb/udc/udc.o
                0x00001b50                udc_process_setup
 .text.cpu_irq_enter_critical
                0x00001be0       0x54 src/ASF/common/utils/interrupt/interrupt_sam_nvic.o
                0x00001be0                cpu_irq_enter_critical
 .text.cpu_irq_leave_critical
                0x00001c34       0x40 src/ASF/common/utils/interrupt/interrupt_sam_nvic.o
                0x00001c34                cpu_irq_leave_critical
 .text.spi_register_callback
                0x00001c74       0x48 src/ASF/sam0/drivers/sercom/spi/spi_interrupt.o
                0x00001c74                spi_register_callback
 .text._spi_write
                0x00001cbc       0x7a src/ASF/sam0/drivers/sercom/spi/spi_interrupt.o
 *fill*         0x00001d36        0x2 
 .text._spi_write_dummy
                0x00001d38       0x34 src/ASF/sam0/drivers/sercom/spi/spi_interrupt.o
 .text._spi_read_dummy
                0x00001d6c       0x36 src/ASF/sam0/drivers/sercom/spi/spi_interrupt.o
 .text._spi_read
                0x00001da2       0x70 src/ASF/sam0/drivers/sercom/spi/spi_interrupt.o
 *fill*         0x00001e12        0x2 
 .text._spi_interrupt_handler
                0x00001e14      0x280 src/ASF/sam0/drivers/sercom/spi/spi_interrupt.o
                0x00001e14                _spi_interrupt_handler
 .text.cpu_irq_save
                0x00002094       0x30 src/ASF/sam0/drivers/usb/stack_interface/usb_device_udd.o
 .text.cpu_irq_is_enabled_flags
                0x000020c4       0x18 src/ASF/sam0/drivers/usb/stack_interface/usb_device_udd.o
 .text.cpu_irq_restore
                0x000020dc       0x30 src/ASF/sam0/drivers/usb/stack_interface/usb_device_udd.o
 .text.usb_device_attach
                0x0000210c       0x24 src/ASF/sam0/drivers/usb/stack_interface/usb_device_udd.o
 .text.usb_device_get_address
                0x00002130       0x1c src/ASF/sam0/drivers/usb/stack_interface/usb_device_udd.o
 .text.usb_device_set_address
                0x0000214c       0x28 src/ASF/sam0/drivers/usb/stack_interface/usb_device_udd.o
 .text.usb_device_set_lpm_mode
                0x00002174       0x40 src/ASF/sam0/drivers/usb/stack_interface/usb_device_udd.o
 .text.sleepmgr_lock_mode
                0x000021b4       0x50 src/ASF/sam0/drivers/usb/stack_interface/usb_device_udd.o
 .text.sleepmgr_unlock_mode
                0x00002204       0x50 src/ASF/sam0/drivers/usb/stack_interface/usb_device_udd.o
 .text.udd_wait_clock_ready
                0x00002254       0x48 src/ASF/sam0/drivers/usb/stack_interface/usb_device_udd.o
 .text.udd_sleep_mode
                0x0000229c       0x78 src/ASF/sam0/drivers/usb/stack_interface/usb_device_udd.o
 .text.udd_ep_get_job
                0x00002314       0x54 src/ASF/sam0/drivers/usb/stack_interface/usb_device_udd.o
 .text.udd_ep_trans_in_next
                0x00002368      0x188 src/ASF/sam0/drivers/usb/stack_interface/usb_device_udd.o
 .text.udd_ep_trans_out_next
                0x000024f0      0x1d8 src/ASF/sam0/drivers/usb/stack_interface/usb_device_udd.o
 .text.udd_ep_transfer_process
                0x000026c8       0x48 src/ASF/sam0/drivers/usb/stack_interface/usb_device_udd.o
 .text.udd_ep_abort
                0x00002710       0x70 src/ASF/sam0/drivers/usb/stack_interface/usb_device_udd.o
                0x00002710                udd_ep_abort
 .text.udd_ep_free
                0x00002780       0x8c src/ASF/sam0/drivers/usb/stack_interface/usb_device_udd.o
                0x00002780                udd_ep_free
 .text.udd_ep_alloc
                0x0000280c      0x1a8 src/ASF/sam0/drivers/usb/stack_interface/usb_device_udd.o
                0x0000280c                udd_ep_alloc
 .text.udd_ep_is_halted
                0x000029b4       0x2c src/ASF/sam0/drivers/usb/stack_interface/usb_device_udd.o
                0x000029b4                udd_ep_is_halted
 .text.udd_ep_set_halt
                0x000029e0       0x58 src/ASF/sam0/drivers/usb/stack_interface/usb_device_udd.o
                0x000029e0                udd_ep_set_halt
 .text.udd_ep_clear_halt
                0x00002a38       0x78 src/ASF/sam0/drivers/usb/stack_interface/usb_device_udd.o
                0x00002a38                udd_ep_clear_halt
 .text.udd_ep_wait_stall_clear
                0x00002ab0       0xa4 src/ASF/sam0/drivers/usb/stack_interface/usb_device_udd.o
                0x00002ab0                udd_ep_wait_stall_clear
 .text.udd_ctrl_stall_data
                0x00002b54       0x34 src/ASF/sam0/drivers/usb/stack_interface/usb_device_udd.o
 .text.udd_ep_run
                0x00002b88      0x2e8 src/ASF/sam0/drivers/usb/stack_interface/usb_device_udd.o
                0x00002b88                udd_ep_run
 .text.udd_set_address
                0x00002e70       0x2c src/ASF/sam0/drivers/usb/stack_interface/usb_device_udd.o
                0x00002e70                udd_set_address
 .text.udd_getaddress
                0x00002e9c       0x1c src/ASF/sam0/drivers/usb/stack_interface/usb_device_udd.o
                0x00002e9c                udd_getaddress
 .text.udd_set_setup_payload
                0x00002eb8       0x28 src/ASF/sam0/drivers/usb/stack_interface/usb_device_udd.o
                0x00002eb8                udd_set_setup_payload
 .text.udd_ctrl_fetch_ram
                0x00002ee0       0x6c src/ASF/sam0/drivers/usb/stack_interface/usb_device_udd.o
 .text.udd_ctrl_send_zlp_in
                0x00002f4c       0x44 src/ASF/sam0/drivers/usb/stack_interface/usb_device_udd.o
 .text.udd_ctrl_in_sent
                0x00002f90       0xec src/ASF/sam0/drivers/usb/stack_interface/usb_device_udd.o
 .text.udd_ctrl_out_received
                0x0000307c      0x154 src/ASF/sam0/drivers/usb/stack_interface/usb_device_udd.o
 .text._usb_ep0_on_setup
                0x000031d0       0xe4 src/ASF/sam0/drivers/usb/stack_interface/usb_device_udd.o
 .text.udd_ctrl_underflow
                0x000032b4       0x48 src/ASF/sam0/drivers/usb/stack_interface/usb_device_udd.o
 .text.udd_ctrl_overflow
                0x000032fc       0x48 src/ASF/sam0/drivers/usb/stack_interface/usb_device_udd.o
 .text._usb_ep0_on_tansfer_fail
                0x00003344       0x3c src/ASF/sam0/drivers/usb/stack_interface/usb_device_udd.o
 .text._usb_ep0_on_tansfer_ok
                0x00003380       0x58 src/ASF/sam0/drivers/usb/stack_interface/usb_device_udd.o
 .text.udd_ctrl_ep_enable
                0x000033d8       0xc0 src/ASF/sam0/drivers/usb/stack_interface/usb_device_udd.o
 .text._usb_on_suspend
                0x00003498       0x3c src/ASF/sam0/drivers/usb/stack_interface/usb_device_udd.o
 .text._usb_device_lpm_suspend
                0x000034d4       0x4c src/ASF/sam0/drivers/usb/stack_interface/usb_device_udd.o
 .text._usb_on_sof_notify
                0x00003520       0x1c src/ASF/sam0/drivers/usb/stack_interface/usb_device_udd.o
 .text._usb_on_bus_reset
                0x0000353c       0x34 src/ASF/sam0/drivers/usb/stack_interface/usb_device_udd.o
 .text._usb_on_wakeup
                0x00003570       0x64 src/ASF/sam0/drivers/usb/stack_interface/usb_device_udd.o
 .text.udd_attach
                0x000035d4       0xb0 src/ASF/sam0/drivers/usb/stack_interface/usb_device_udd.o
                0x000035d4                udd_attach
 .text.udd_enable
                0x00003684       0x74 src/ASF/sam0/drivers/usb/stack_interface/usb_device_udd.o
                0x00003684                udd_enable
 .text.system_gclk_chan_get_config_defaults
                0x000036f8       0x16 src/ASF/sam0/drivers/usb/usb_sam_l/usb.o
 *fill*         0x0000370e        0x2 
 .text.system_apb_clock_set_mask
                0x00003710       0x7c src/ASF/sam0/drivers/usb/usb_sam_l/usb.o
 .text.system_pinmux_get_config_defaults
                0x0000378c       0x28 src/ASF/sam0/drivers/usb/usb_sam_l/usb.o
 .text.system_interrupt_enable
                0x000037b4       0x2c src/ASF/sam0/drivers/usb/usb_sam_l/usb.o
 .text._usb_host_interrupt_handler
                0x000037e0      0x67c src/ASF/sam0/drivers/usb/usb_sam_l/usb.o
 .text.usb_device_register_callback
                0x00003e5c       0x50 src/ASF/sam0/drivers/usb/usb_sam_l/usb.o
                0x00003e5c                usb_device_register_callback
 .text.usb_device_enable_callback
                0x00003eac       0x5c src/ASF/sam0/drivers/usb/usb_sam_l/usb.o
                0x00003eac                usb_device_enable_callback
 .text.usb_device_disable_callback
                0x00003f08       0x54 src/ASF/sam0/drivers/usb/usb_sam_l/usb.o
                0x00003f08                usb_device_disable_callback
 .text.usb_device_endpoint_register_callback
                0x00003f5c       0x80 src/ASF/sam0/drivers/usb/usb_sam_l/usb.o
                0x00003f5c                usb_device_endpoint_register_callback
 .text.usb_device_endpoint_unregister_callback
                0x00003fdc       0x78 src/ASF/sam0/drivers/usb/usb_sam_l/usb.o
                0x00003fdc                usb_device_endpoint_unregister_callback
 .text.usb_device_endpoint_enable_callback
                0x00004054      0x19c src/ASF/sam0/drivers/usb/usb_sam_l/usb.o
                0x00004054                usb_device_endpoint_enable_callback
 .text.usb_device_endpoint_disable_callback
                0x000041f0      0x1a4 src/ASF/sam0/drivers/usb/usb_sam_l/usb.o
                0x000041f0                usb_device_endpoint_disable_callback
 .text.usb_device_endpoint_get_config_defaults
                0x00004394       0x28 src/ASF/sam0/drivers/usb/usb_sam_l/usb.o
                0x00004394                usb_device_endpoint_get_config_defaults
 .text.usb_device_endpoint_set_config
                0x000043bc      0x4f8 src/ASF/sam0/drivers/usb/usb_sam_l/usb.o
                0x000043bc                usb_device_endpoint_set_config
 .text.usb_device_endpoint_is_configured
                0x000048b4       0x74 src/ASF/sam0/drivers/usb/usb_sam_l/usb.o
                0x000048b4                usb_device_endpoint_is_configured
 .text.usb_device_endpoint_abort_job
                0x00004928       0x88 src/ASF/sam0/drivers/usb/usb_sam_l/usb.o
                0x00004928                usb_device_endpoint_abort_job
 .text.usb_device_endpoint_is_halted
                0x000049b0       0x74 src/ASF/sam0/drivers/usb/usb_sam_l/usb.o
                0x000049b0                usb_device_endpoint_is_halted
 .text.usb_device_endpoint_set_halt
                0x00004a24       0x5c src/ASF/sam0/drivers/usb/usb_sam_l/usb.o
                0x00004a24                usb_device_endpoint_set_halt
 .text.usb_device_endpoint_clear_halt
                0x00004a80      0x12c src/ASF/sam0/drivers/usb/usb_sam_l/usb.o
                0x00004a80                usb_device_endpoint_clear_halt
 .text.usb_device_endpoint_write_buffer_job
                0x00004bac       0xb4 src/ASF/sam0/drivers/usb/usb_sam_l/usb.o
                0x00004bac                usb_device_endpoint_write_buffer_job
 .text.usb_device_endpoint_read_buffer_job
                0x00004c60       0xb0 src/ASF/sam0/drivers/usb/usb_sam_l/usb.o
                0x00004c60                usb_device_endpoint_read_buffer_job
 .text.usb_device_endpoint_setup_buffer_job
                0x00004d10       0x48 src/ASF/sam0/drivers/usb/usb_sam_l/usb.o
                0x00004d10                usb_device_endpoint_setup_buffer_job
 .text._usb_device_interrupt_handler
                0x00004d58      0x580 src/ASF/sam0/drivers/usb/usb_sam_l/usb.o
 .text.usb_enable
                0x000052d8       0x32 src/ASF/sam0/drivers/usb/usb_sam_l/usb.o
                0x000052d8                usb_enable
 *fill*         0x0000530a        0x2 
 .text.USB_Handler
                0x0000530c       0x34 src/ASF/sam0/drivers/usb/usb_sam_l/usb.o
                0x0000530c                USB_Handler
 .text.usb_get_config_defaults
                0x00005340       0x28 src/ASF/sam0/drivers/usb/usb_sam_l/usb.o
                0x00005340                usb_get_config_defaults
 .text.usb_init
                0x00005368      0x338 src/ASF/sam0/drivers/usb/usb_sam_l/usb.o
                0x00005368                usb_init
 .text.system_apb_clock_set_mask
                0x000056a0       0x7c src/ASF/sam0/drivers/wdt/wdt.o
 .text.wdt_is_syncing
                0x0000571c       0x24 src/ASF/sam0/drivers/wdt/wdt.o
 .text.wdt_is_locked
                0x00005740       0x28 src/ASF/sam0/drivers/wdt/wdt.o
 .text.wdt_set_config
                0x00005768      0x138 src/ASF/sam0/drivers/wdt/wdt.o
                0x00005768                wdt_set_config
 .text.wdt_reset_count
                0x000058a0       0x2c src/ASF/sam0/drivers/wdt/wdt.o
                0x000058a0                wdt_reset_count
 .text.wdt_clear_early_warning
                0x000058cc       0x1c src/ASF/sam0/drivers/wdt/wdt_callback.o
 .text.WDT_Handler
                0x000058e8       0x24 src/ASF/sam0/drivers/wdt/wdt_callback.o
                0x000058e8                WDT_Handler
 .text.Reset_Handler
                0x0000590c       0x94 src/ASF/sam0/utils/cmsis/saml21/source/gcc/startup_saml21.o
                0x0000590c                Reset_Handler
 .text.Dummy_Handler
                0x000059a0        0x6 src/ASF/sam0/utils/cmsis/saml21/source/gcc/startup_saml21.o
                0x000059a0                DMAC_Handler
                0x000059a0                TRNG_Handler
                0x000059a0                HardFault_Handler
                0x000059a0                AC_Handler
                0x000059a0                SysTick_Handler
                0x000059a0                PendSV_Handler
                0x000059a0                NMI_Handler
                0x000059a0                ADC_Handler
                0x000059a0                TCC1_Handler
                0x000059a0                TCC0_Handler
                0x000059a0                Dummy_Handler
                0x000059a0                SVC_Handler
                0x000059a0                TCC2_Handler
                0x000059a0                EVSYS_Handler
                0x000059a0                NVMCTRL_Handler
                0x000059a0                SYSTEM_Handler
                0x000059a0                DAC_Handler
                0x000059a0                PTC_Handler
                0x000059a0                AES_Handler
 *fill*         0x000059a6        0x2 
 .text._sbrk    0x000059a8       0x3c src/ASF/sam0/utils/syscalls/gcc/syscalls.o
                0x000059a8                _sbrk
 .text.backlightCustomAdjust
                0x000059e4       0xec src/backlight.o
                0x000059e4                backlightCustomAdjust
 .text.backlightColorToggle
                0x00005ad0       0x30 src/backlight.o
                0x00005ad0                backlightColorToggle
 .text.backlightPlus
                0x00005b00       0x30 src/backlight.o
                0x00005b00                backlightPlus
 .text.backlightMinus
                0x00005b30       0x2c src/backlight.o
                0x00005b30                backlightMinus
 .text.backlightLevelToggle
                0x00005b5c       0x34 src/backlight.o
                0x00005b5c                backlightLevelToggle
 .text.backlightGetCurrentColor
                0x00005b90       0x20 src/backlight.o
                0x00005b90                backlightGetCurrentColor
 .text.backlightOn
                0x00005bb0       0x1c src/backlight.o
                0x00005bb0                backlightOn
 .text.backlight_level
                0x00005bcc      0x294 src/backlight.o
                0x00005bcc                backlight_level
 .text.backlightOff
                0x00005e60       0xe4 src/backlight.o
                0x00005e60                backlightOff
 .text.setup_batt
                0x00005f44       0x64 src/batteryManagement.o
                0x00005f44                setup_batt
 .text.config_batt
                0x00005fa8      0x168 src/batteryManagement.o
                0x00005fa8                config_batt
 .text.getBatteryLevel
                0x00006110       0x7c src/batteryManagement.o
                0x00006110                getBatteryLevel
 .text.setup_charger
                0x0000618c       0x3c src/batteryManagement.o
                0x0000618c                setup_charger
 .text.getChargerStatus
                0x000061c8       0x30 src/batteryManagement.o
                0x000061c8                getChargerStatus
 .text.getChargerRegister
                0x000061f8       0x30 src/batteryManagement.o
                0x000061f8                getChargerRegister
 .text.bin2str  0x00006228       0x86 src/batteryManagement.o
                0x00006228                bin2str
 .text.system_gclk_gen_get_config_defaults
                0x000062ae       0x2e src/clockSetup.o
 .text.system_clock_source_xosc32k_get_config_defaults
                0x000062dc       0x42 src/clockSetup.o
 *fill*         0x0000631e        0x2 
 .text.setup_XOSC32k
                0x00006320       0x84 src/clockSetup.o
                0x00006320                setup_XOSC32k
 .text.clock_32k_source
                0x000063a4       0x60 src/clockSetup.o
                0x000063a4                clock_32k_source
 .text.bcd_adj  0x00006404       0x62 src/clockSetup.o
                0x00006404                bcd_adj
 *fill*         0x00006466        0x2 
 .text.get_time
                0x00006468      0x124 src/clockSetup.o
                0x00006468                get_time
 .text.set_time
                0x0000658c       0x60 src/clockSetup.o
                0x0000658c                set_time
 .text.ext_osc_onoff
                0x000065ec       0x78 src/clockSetup.o
                0x000065ec                ext_osc_onoff
 .text.gen_posix_time
                0x00006664       0xf8 src/clockSetup.o
                0x00006664                gen_posix_time
 .text.bcd2dec  0x0000675c       0x62 src/clockSetup.o
                0x0000675c                bcd2dec
 *fill*         0x000067be        0x2 
 .text.load_user_settings
                0x000067c0       0x4c src/EEPROM.o
                0x000067c0                load_user_settings
 .text.save_user_settings
                0x0000680c       0x20 src/EEPROM.o
                0x0000680c                save_user_settings
 .text.load_calibration
                0x0000682c       0xd8 src/EEPROM.o
                0x0000682c                load_calibration
 .text.save_calibration
                0x00006904       0xac src/EEPROM.o
                0x00006904                save_calibration
 .text.EEPROM_read
                0x000069b0      0x108 src/EEPROM.o
                0x000069b0                EEPROM_read
 .text.EEPROM_write
                0x00006ab8      0x1c8 src/EEPROM.o
                0x00006ab8                EEPROM_write
 .text.arch_ioport_pin_to_port_id
                0x00006c80       0x14 src/sensors.o
 .text.arch_ioport_port_to_base
                0x00006c94       0x20 src/sensors.o
 .text.arch_ioport_pin_to_base
                0x00006cb4       0x2c src/sensors.o
 .text.arch_ioport_pin_to_mask
                0x00006ce0       0x1c src/sensors.o
 .text.arch_ioport_set_pin_level
                0x00006cfc       0x54 src/sensors.o
 .text.ioport_set_pin_level
                0x00006d50       0x28 src/sensors.o
 .text.calc_magnitude
                0x00006d78       0xb4 src/sensors.o
                0x00006d78                calc_magnitude
 .text.quick_measurement
                0x00006e2c       0xd0 src/sensors.o
                0x00006e2c                quick_measurement
 .text.full_measurement
                0x00006efc      0x4e8 src/sensors.o
                0x00006efc                full_measurement
 .text.laser_delay
                0x000073e4       0x58 src/sensors.o
                0x000073e4                laser_delay
 .text.laser_beep
                0x0000743c       0x3c src/sensors.o
                0x0000743c                laser_beep
 .text.laser_parse_buffer
                0x00007478      0x2d4 src/sensors.o
                0x00007478                laser_parse_buffer
 .text.rangefinder_on_off
                0x0000774c       0x48 src/sensors.o
                0x0000774c                rangefinder_on_off
 .text.laser_on_off
                0x00007794       0x8c src/sensors.o
                0x00007794                laser_on_off
 .text.read_accel
                0x00007820      0x180 src/sensors.o
                0x00007820                read_accel
 .text.parse_acc_data
                0x000079a0       0x60 src/sensors.o
                0x000079a0                parse_acc_data
 .text.setup_accel
                0x00007a00       0x7c src/sensors.o
                0x00007a00                setup_accel
 .text.read_mag
                0x00007a7c      0x1d4 src/sensors.o
                0x00007a7c                read_mag
 .text.parse_mag_data
                0x00007c50       0x6c src/sensors.o
                0x00007c50                parse_mag_data
 .text.setup_mag
                0x00007cbc      0x14c src/sensors.o
                0x00007cbc                setup_mag
 .text.adjustErrorSensitivity
                0x00007e08       0x4c src/sensors.o
                0x00007e08                adjustErrorSensitivity
 .text.increment_error_count
                0x00007e54       0x42 src/sensors.o
                0x00007e54                increment_error_count
 *fill*         0x00007e96        0x2 
 .text.error_check
                0x00007e98      0x7d0 src/sensors.o
                0x00007e98                error_check
 .text.gen_err_message
                0x00008668      0x2c8 src/sensors.o
                0x00008668                gen_err_message
 .text.arch_ioport_pin_to_port_id
                0x00008930       0x14 src/timers.o
 .text.arch_ioport_port_to_base
                0x00008944       0x20 src/timers.o
 .text.arch_ioport_pin_to_base
                0x00008964       0x2c src/timers.o
 .text.arch_ioport_pin_to_mask
                0x00008990       0x1c src/timers.o
 .text.arch_ioport_get_pin_level
                0x000089ac       0x38 src/timers.o
 .text.ioport_get_pin_level
                0x000089e4       0x20 src/timers.o
 .text.system_interrupt_enable
                0x00008a04       0x2c src/timers.o
 .text.rtc_count_get_config_defaults
                0x00008a30       0x5c src/timers.o
 .text.tc_is_syncing
                0x00008a8c       0x20 src/timers.o
 .text.tc_get_config_defaults
                0x00008aac       0xa2 src/timers.o
 *fill*         0x00008b4e        0x2 
 .text.tc_enable
                0x00008b50       0x34 src/timers.o
 .text.tc_disable
                0x00008b84       0x44 src/timers.o
 .text.tc_stop_counter
                0x00008bc8       0x30 src/timers.o
 .text.tc_start_counter
                0x00008bf8       0x44 src/timers.o
 .text._tc_interrupt_get_interrupt_vector
                0x00008c3c       0x20 src/timers.o
 .text.tc_enable_callback
                0x00008c5c       0xac src/timers.o
 .text.wdt_get_config_defaults
                0x00008d08       0x2e src/timers.o
 *fill*         0x00008d36        0x2 
 .text.setup_rtc
                0x00008d38       0x4c src/timers.o
                0x00008d38                setup_rtc
 .text.wdt_enable
                0x00008d84       0x2c src/timers.o
                0x00008d84                wdt_enable
 .text.wdt_disable
                0x00008db0       0x2c src/timers.o
                0x00008db0                wdt_disable
 .text.idle_timeout
                0x00008ddc       0x44 src/timers.o
                0x00008ddc                idle_timeout
 .text.configure_timers
                0x00008e20       0x84 src/timers.o
                0x00008e20                configure_timers
 .text.configure_timer_1s
                0x00008ea4       0xb8 src/timers.o
                0x00008ea4                configure_timer_1s
 .text.configure_timer_laser_timeout
                0x00008f5c       0xc4 src/timers.o
                0x00008f5c                configure_timer_laser_timeout
 .text.configure_timer_longbutton
                0x00009020       0xc8 src/timers.o
                0x00009020                configure_timer_longbutton
 .text.timer_callback_1s
                0x000090e8       0x1c src/timers.o
                0x000090e8                timer_callback_1s
 .text.timer_callback_laser_timeout
                0x00009104       0x48 src/timers.o
                0x00009104                timer_callback_laser_timeout
 .text.timer_callback_longbutton
                0x0000914c       0x50 src/timers.o
                0x0000914c                timer_callback_longbutton
 .text.laser_timeout_timer
                0x0000919c       0x5c src/timers.o
                0x0000919c                laser_timeout_timer
 .text.SDMMC_UNSTUFF_BITS
                0x000091f8      0x15c src/ASF/common2/components/memory/sd_mmc/sd_mmc.o
 .text.mmc_spi_op_cond
                0x00009354       0xac src/ASF/common2/components/memory/sd_mmc/sd_mmc.o
 .text.sd_spi_op_cond
                0x00009400       0xe4 src/ASF/common2/components/memory/sd_mmc/sd_mmc.o
 .text.sdio_op_cond
                0x000094e4        0xc src/ASF/common2/components/memory/sd_mmc/sd_mmc.o
 .text.sd_cmd8  0x000094f0       0x70 src/ASF/common2/components/memory/sd_mmc/sd_mmc.o
 .text.mmc_cmd8
                0x00009560      0x12c src/ASF/common2/components/memory/sd_mmc/sd_mmc.o
 .text.sd_mmc_cmd9_spi
                0x0000968c       0x70 src/ASF/common2/components/memory/sd_mmc/sd_mmc.o
 .text.mmc_decode_csd
                0x000096fc      0x130 src/ASF/common2/components/memory/sd_mmc/sd_mmc.o
 .text.sd_decode_csd
                0x0000982c       0xec src/ASF/common2/components/memory/sd_mmc/sd_mmc.o
 .text.sd_mmc_cmd13
                0x00009918       0x5c src/ASF/common2/components/memory/sd_mmc/sd_mmc.o
 .text.sd_acmd51
                0x00009974      0x108 src/ASF/common2/components/memory/sd_mmc/sd_mmc.o
 .text.sd_mmc_select_slot
                0x00009a7c       0xc4 src/ASF/common2/components/memory/sd_mmc/sd_mmc.o
 .text.sd_mmc_configure_slot
                0x00009b40       0x38 src/ASF/common2/components/memory/sd_mmc/sd_mmc.o
 .text.sd_mmc_deselect_slot
                0x00009b78       0x24 src/ASF/common2/components/memory/sd_mmc/sd_mmc.o
 .text.sd_mmc_spi_card_init
                0x00009b9c      0x1e8 src/ASF/common2/components/memory/sd_mmc/sd_mmc.o
 .text.sd_mmc_spi_install_mmc
                0x00009d84      0x100 src/ASF/common2/components/memory/sd_mmc/sd_mmc.o
 .text.sd_mmc_init
                0x00009e84       0x50 src/ASF/common2/components/memory/sd_mmc/sd_mmc.o
                0x00009e84                sd_mmc_init
 .text.sd_mmc_check
                0x00009ed4       0x74 src/ASF/common2/components/memory/sd_mmc/sd_mmc.o
                0x00009ed4                sd_mmc_check
 .text.sd_mmc_get_type
                0x00009f48       0x3c src/ASF/common2/components/memory/sd_mmc/sd_mmc.o
                0x00009f48                sd_mmc_get_type
 .text.sd_mmc_get_capacity
                0x00009f84       0x3c src/ASF/common2/components/memory/sd_mmc/sd_mmc.o
                0x00009f84                sd_mmc_get_capacity
 .text.sd_mmc_is_write_protected
                0x00009fc0       0x16 src/ASF/common2/components/memory/sd_mmc/sd_mmc.o
                0x00009fc0                sd_mmc_is_write_protected
 *fill*         0x00009fd6        0x2 
 .text.sd_mmc_init_read_blocks
                0x00009fd8       0xec src/ASF/common2/components/memory/sd_mmc/sd_mmc.o
                0x00009fd8                sd_mmc_init_read_blocks
 .text.sd_mmc_start_read_blocks
                0x0000a0c4       0x58 src/ASF/common2/components/memory/sd_mmc/sd_mmc.o
                0x0000a0c4                sd_mmc_start_read_blocks
 .text.sd_mmc_wait_end_of_read_blocks
                0x0000a11c       0x98 src/ASF/common2/components/memory/sd_mmc/sd_mmc.o
                0x0000a11c                sd_mmc_wait_end_of_read_blocks
 .text.sd_mmc_init_write_blocks
                0x0000a1b4       0xe8 src/ASF/common2/components/memory/sd_mmc/sd_mmc.o
                0x0000a1b4                sd_mmc_init_write_blocks
 .text.sd_mmc_start_write_blocks
                0x0000a29c       0x58 src/ASF/common2/components/memory/sd_mmc/sd_mmc.o
                0x0000a29c                sd_mmc_start_write_blocks
 .text.sd_mmc_wait_end_of_write_blocks
                0x0000a2f4       0x6c src/ASF/common2/components/memory/sd_mmc/sd_mmc.o
                0x0000a2f4                sd_mmc_wait_end_of_write_blocks
 .text.system_pinmux_get_group_from_gpio_pin
                0x0000a360       0x60 src/ASF/common2/components/memory/sd_mmc/sd_mmc_spi.o
 .text.port_get_group_from_gpio_pin
                0x0000a3c0       0x24 src/ASF/common2/components/memory/sd_mmc/sd_mmc_spi.o
 .text.port_get_config_defaults
                0x0000a3e4       0x22 src/ASF/common2/components/memory/sd_mmc/sd_mmc_spi.o
 *fill*         0x0000a406        0x2 
 .text.port_pin_set_output_level
                0x0000a408       0x54 src/ASF/common2/components/memory/sd_mmc/sd_mmc_spi.o
 .text.system_interrupt_enable
                0x0000a45c       0x2c src/ASF/common2/components/memory/sd_mmc/sd_mmc_spi.o
 .text.spi_is_syncing
                0x0000a488       0x20 src/ASF/common2/components/memory/sd_mmc/sd_mmc_spi.o
 .text.spi_get_config_defaults
                0x0000a4a8       0x84 src/ASF/common2/components/memory/sd_mmc/sd_mmc_spi.o
 .text.spi_slave_inst_get_config_defaults
                0x0000a52c       0x22 src/ASF/common2/components/memory/sd_mmc/sd_mmc_spi.o
 *fill*         0x0000a54e        0x2 
 .text.spi_attach_slave
                0x0000a550       0x64 src/ASF/common2/components/memory/sd_mmc/sd_mmc_spi.o
 .text.spi_enable
                0x0000a5b4       0x50 src/ASF/common2/components/memory/sd_mmc/sd_mmc_spi.o
 .text.sd_mmc_spi_crc7
                0x0000a604       0xbc src/ASF/common2/components/memory/sd_mmc/sd_mmc_spi.o
 .text.sd_mmc_spi_wait_busy
                0x0000a6c0       0x6c src/ASF/common2/components/memory/sd_mmc/sd_mmc_spi.o
 .text.sd_mmc_spi_start_read_block
                0x0000a72c       0x84 src/ASF/common2/components/memory/sd_mmc/sd_mmc_spi.o
 .text.sd_mmc_spi_stop_read_block
                0x0000a7b0       0x2c src/ASF/common2/components/memory/sd_mmc/sd_mmc_spi.o
 .text.sd_mmc_spi_start_write_block
                0x0000a7dc       0x50 src/ASF/common2/components/memory/sd_mmc/sd_mmc_spi.o
 .text.sd_mmc_spi_stop_write_block
                0x0000a82c       0x94 src/ASF/common2/components/memory/sd_mmc/sd_mmc_spi.o
 .text.sd_mmc_spi_stop_multiwrite_block
                0x0000a8c0       0x9c src/ASF/common2/components/memory/sd_mmc/sd_mmc_spi.o
 .text.sd_mmc_spi_init
                0x0000a95c       0xc4 src/ASF/common2/components/memory/sd_mmc/sd_mmc_spi.o
                0x0000a95c                sd_mmc_spi_init
 .text.sd_mmc_spi_select_device
                0x0000aa20       0x88 src/ASF/common2/components/memory/sd_mmc/sd_mmc_spi.o
                0x0000aa20                sd_mmc_spi_select_device
 .text.sd_mmc_spi_deselect_device
                0x0000aaa8       0x44 src/ASF/common2/components/memory/sd_mmc/sd_mmc_spi.o
                0x0000aaa8                sd_mmc_spi_deselect_device
 .text.sd_mmc_spi_send_clock
                0x0000aaec       0x4c src/ASF/common2/components/memory/sd_mmc/sd_mmc_spi.o
                0x0000aaec                sd_mmc_spi_send_clock
 .text.sd_mmc_spi_send_cmd
                0x0000ab38       0x28 src/ASF/common2/components/memory/sd_mmc/sd_mmc_spi.o
                0x0000ab38                sd_mmc_spi_send_cmd
 .text.sd_mmc_spi_adtc_start
                0x0000ab60      0x218 src/ASF/common2/components/memory/sd_mmc/sd_mmc_spi.o
                0x0000ab60                sd_mmc_spi_adtc_start
 .text.sd_mmc_spi_get_response
                0x0000ad78       0x14 src/ASF/common2/components/memory/sd_mmc/sd_mmc_spi.o
                0x0000ad78                sd_mmc_spi_get_response
 .text.sd_mmc_spi_read_word
                0x0000ad8c       0xa4 src/ASF/common2/components/memory/sd_mmc/sd_mmc_spi.o
                0x0000ad8c                sd_mmc_spi_read_word
 .text.sd_mmc_spi_start_read_blocks
                0x0000ae30       0xa4 src/ASF/common2/components/memory/sd_mmc/sd_mmc_spi.o
                0x0000ae30                sd_mmc_spi_start_read_blocks
 .text.sd_mmc_spi_wait_end_of_read_blocks
                0x0000aed4        0xc src/ASF/common2/components/memory/sd_mmc/sd_mmc_spi.o
                0x0000aed4                sd_mmc_spi_wait_end_of_read_blocks
 .text.sd_mmc_spi_start_write_blocks
                0x0000aee0       0xc0 src/ASF/common2/components/memory/sd_mmc/sd_mmc_spi.o
                0x0000aee0                sd_mmc_spi_start_write_blocks
 .text.sd_mmc_spi_wait_end_of_write_blocks
                0x0000afa0       0x38 src/ASF/common2/components/memory/sd_mmc/sd_mmc_spi.o
                0x0000afa0                sd_mmc_spi_wait_end_of_write_blocks
 .text.get_nb_lun
                0x0000afd8        0xc src/ASF/common/services/storage/ctrl_access/ctrl_access.o
                0x0000afd8                get_nb_lun
 .text.mem_test_unit_ready
                0x0000afe4       0x48 src/ASF/common/services/storage/ctrl_access/ctrl_access.o
                0x0000afe4                mem_test_unit_ready
 .text.mem_read_capacity
                0x0000b02c       0x50 src/ASF/common/services/storage/ctrl_access/ctrl_access.o
                0x0000b02c                mem_read_capacity
 .text.mem_sector_size
                0x0000b07c       0x2a src/ASF/common/services/storage/ctrl_access/ctrl_access.o
                0x0000b07c                mem_sector_size
 *fill*         0x0000b0a6        0x2 
 .text.mem_unload
                0x0000b0a8       0x8c src/ASF/common/services/storage/ctrl_access/ctrl_access.o
                0x0000b0a8                mem_unload
 .text.mem_wr_protect
                0x0000b134       0x4c src/ASF/common/services/storage/ctrl_access/ctrl_access.o
                0x0000b134                mem_wr_protect
 .text.mem_removal
                0x0000b180       0x4c src/ASF/common/services/storage/ctrl_access/ctrl_access.o
                0x0000b180                mem_removal
 .text.mem_name
                0x0000b1cc       0x28 src/ASF/common/services/storage/ctrl_access/ctrl_access.o
                0x0000b1cc                mem_name
 .text.memory_2_usb
                0x0000b1f4       0x5c src/ASF/common/services/storage/ctrl_access/ctrl_access.o
                0x0000b1f4                memory_2_usb
 .text.usb_2_memory
                0x0000b250       0x5c src/ASF/common/services/storage/ctrl_access/ctrl_access.o
                0x0000b250                usb_2_memory
 .text.memory_2_ram
                0x0000b2ac       0x5c src/ASF/common/services/storage/ctrl_access/ctrl_access.o
                0x0000b2ac                memory_2_ram
 .text.ram_2_memory
                0x0000b308       0x5c src/ASF/common/services/storage/ctrl_access/ctrl_access.o
                0x0000b308                ram_2_memory
 .text._extint_get_eic_from_channel
                0x0000b364       0x4c src/ASF/sam0/drivers/extint/extint_callback.o
 .text.extint_chan_is_detected
                0x0000b3b0       0x44 src/ASF/sam0/drivers/extint/extint_callback.o
 .text.extint_chan_clear_detected
                0x0000b3f4       0x3c src/ASF/sam0/drivers/extint/extint_callback.o
 .text.extint_register_callback
                0x0000b430       0x64 src/ASF/sam0/drivers/extint/extint_callback.o
                0x0000b430                extint_register_callback
 .text.extint_chan_enable_callback
                0x0000b494       0x48 src/ASF/sam0/drivers/extint/extint_callback.o
                0x0000b494                extint_chan_enable_callback
 .text.extint_get_current_channel
                0x0000b4dc       0x14 src/ASF/sam0/drivers/extint/extint_callback.o
                0x0000b4dc                extint_get_current_channel
 .text.EIC_Handler
                0x0000b4f0       0x6c src/ASF/sam0/drivers/extint/extint_callback.o
                0x0000b4f0                EIC_Handler
 .text.system_apb_clock_set_mask
                0x0000b55c       0x7c src/ASF/sam0/drivers/extint/extint_sam_l_c/extint.o
 .text.system_pinmux_get_config_defaults
                0x0000b5d8       0x28 src/ASF/sam0/drivers/extint/extint_sam_l_c/extint.o
 .text.system_interrupt_enable
                0x0000b600       0x2c src/ASF/sam0/drivers/extint/extint_sam_l_c/extint.o
 .text._extint_get_eic_from_channel
                0x0000b62c       0x4c src/ASF/sam0/drivers/extint/extint_sam_l_c/extint.o
 .text.extint_is_syncing
                0x0000b678       0x60 src/ASF/sam0/drivers/extint/extint_sam_l_c/extint.o
 .text._system_extint_init
                0x0000b6d8       0xd8 src/ASF/sam0/drivers/extint/extint_sam_l_c/extint.o
                0x0000b6d8                _system_extint_init
 .text._extint_enable
                0x0000b7b0       0x64 src/ASF/sam0/drivers/extint/extint_sam_l_c/extint.o
 .text._extint_disable
                0x0000b814       0x64 src/ASF/sam0/drivers/extint/extint_sam_l_c/extint.o
 .text.extint_chan_get_config_defaults
                0x0000b878       0x34 src/ASF/sam0/drivers/extint/extint_sam_l_c/extint.o
                0x0000b878                extint_chan_get_config_defaults
 .text.extint_chan_set_config
                0x0000b8ac      0x114 src/ASF/sam0/drivers/extint/extint_sam_l_c/extint.o
                0x0000b8ac                extint_chan_set_config
 .text.system_apb_clock_set_mask
                0x0000b9c0       0x7c src/ASF/sam0/drivers/rtc/rtc_sam_l_c/rtc_count.o
 .text.system_interrupt_enable
                0x0000ba3c       0x2c src/ASF/sam0/drivers/rtc/rtc_sam_l_c/rtc_count.o
 .text.system_interrupt_disable
                0x0000ba68       0x30 src/ASF/sam0/drivers/rtc/rtc_sam_l_c/rtc_count.o
 .text.rtc_count_is_syncing
                0x0000ba98       0x24 src/ASF/sam0/drivers/rtc/rtc_sam_l_c/rtc_count.o
 .text.rtc_count_enable
                0x0000babc       0x50 src/ASF/sam0/drivers/rtc/rtc_sam_l_c/rtc_count.o
                0x0000babc                rtc_count_enable
 .text.rtc_count_disable
                0x0000bb0c       0x60 src/ASF/sam0/drivers/rtc/rtc_sam_l_c/rtc_count.o
                0x0000bb0c                rtc_count_disable
 .text.rtc_count_reset
                0x0000bb6c       0x60 src/ASF/sam0/drivers/rtc/rtc_sam_l_c/rtc_count.o
                0x0000bb6c                rtc_count_reset
 .text._rtc_count_set_config
                0x0000bbcc      0x104 src/ASF/sam0/drivers/rtc/rtc_sam_l_c/rtc_count.o
 .text.rtc_count_init
                0x0000bcd0       0x64 src/ASF/sam0/drivers/rtc/rtc_sam_l_c/rtc_count.o
                0x0000bcd0                rtc_count_init
 .text.rtc_count_get_count
                0x0000bd34       0x50 src/ASF/sam0/drivers/rtc/rtc_sam_l_c/rtc_count.o
                0x0000bd34                rtc_count_get_count
 .text.rtc_count_set_compare
                0x0000bd84       0x98 src/ASF/sam0/drivers/rtc/rtc_sam_l_c/rtc_count.o
                0x0000bd84                rtc_count_set_compare
 .text._rtc_interrupt_handler
                0x0000be1c      0x174 src/ASF/sam0/drivers/rtc/rtc_sam_l_c/rtc_count_interrupt.o
 .text.RTC_Handler
                0x0000bf90       0x14 src/ASF/sam0/drivers/rtc/rtc_sam_l_c/rtc_count_interrupt.o
                0x0000bf90                RTC_Handler
 .text.system_gclk_chan_get_config_defaults
                0x0000bfa4       0x16 src/ASF/sam0/drivers/sercom/i2c/i2c_sam0/i2c_master.o
 *fill*         0x0000bfba        0x2 
 .text.system_apb_clock_set_mask
                0x0000bfbc       0x7c src/ASF/sam0/drivers/sercom/i2c/i2c_sam0/i2c_master.o
 .text.system_pinmux_get_config_defaults
                0x0000c038       0x28 src/ASF/sam0/drivers/sercom/i2c/i2c_sam0/i2c_master.o
 .text.system_is_debugger_present
                0x0000c060       0x20 src/ASF/sam0/drivers/sercom/i2c/i2c_sam0/i2c_master.o
 .text.i2c_master_is_syncing
                0x0000c080       0x24 src/ASF/sam0/drivers/sercom/i2c/i2c_sam0/i2c_master.o
 .text._i2c_master_wait_for_sync
                0x0000c0a4       0x24 src/ASF/sam0/drivers/sercom/i2c/i2c_sam0/i2c_master.o
 .text._i2c_master_set_config
                0x0000c0c8      0x410 src/ASF/sam0/drivers/sercom/i2c/i2c_sam0/i2c_master.o
 .text.i2c_master_init
                0x0000c4d8      0x158 src/ASF/sam0/drivers/sercom/i2c/i2c_sam0/i2c_master.o
                0x0000c4d8                i2c_master_init
 .text._i2c_master_address_response
                0x0000c630       0x5e src/ASF/sam0/drivers/sercom/i2c/i2c_sam0/i2c_master.o
                0x0000c630                _i2c_master_address_response
 .text._i2c_master_wait_for_bus
                0x0000c68e       0x5e src/ASF/sam0/drivers/sercom/i2c/i2c_sam0/i2c_master.o
                0x0000c68e                _i2c_master_wait_for_bus
 .text._i2c_master_send_hs_master_code
                0x0000c6ec       0x54 src/ASF/sam0/drivers/sercom/i2c/i2c_sam0/i2c_master.o
                0x0000c6ec                _i2c_master_send_hs_master_code
 .text._i2c_master_read_packet
                0x0000c740      0x274 src/ASF/sam0/drivers/sercom/i2c/i2c_sam0/i2c_master.o
 .text.i2c_master_read_packet_wait
                0x0000c9b4       0x40 src/ASF/sam0/drivers/sercom/i2c/i2c_sam0/i2c_master.o
                0x0000c9b4                i2c_master_read_packet_wait
 .text._i2c_master_write_packet
                0x0000c9f4      0x178 src/ASF/sam0/drivers/sercom/i2c/i2c_sam0/i2c_master.o
 .text.i2c_master_write_packet_wait
                0x0000cb6c       0x40 src/ASF/sam0/drivers/sercom/i2c/i2c_sam0/i2c_master.o
                0x0000cb6c                i2c_master_write_packet_wait
 .text.i2c_master_is_syncing
                0x0000cbac       0x24 src/ASF/sam0/drivers/sercom/i2c/i2c_sam0/i2c_master_interrupt.o
 .text._i2c_master_wait_for_sync
                0x0000cbd0       0x24 src/ASF/sam0/drivers/sercom/i2c/i2c_sam0/i2c_master_interrupt.o
 .text._i2c_master_read
                0x0000cbf4       0xf0 src/ASF/sam0/drivers/sercom/i2c/i2c_sam0/i2c_master_interrupt.o
 .text._i2c_master_write
                0x0000cce4       0x7c src/ASF/sam0/drivers/sercom/i2c/i2c_sam0/i2c_master_interrupt.o
 .text._i2c_master_async_address_response
                0x0000cd60       0xbc src/ASF/sam0/drivers/sercom/i2c/i2c_sam0/i2c_master_interrupt.o
 .text._i2c_master_interrupt_handler
                0x0000ce1c      0x274 src/ASF/sam0/drivers/sercom/i2c/i2c_sam0/i2c_master_interrupt.o
                0x0000ce1c                _i2c_master_interrupt_handler
 .text._sercom_default_handler
                0x0000d090       0x14 src/ASF/sam0/drivers/sercom/sercom_interrupt.o
 .text._sercom_set_handler
                0x0000d0a4       0x6c src/ASF/sam0/drivers/sercom/sercom_interrupt.o
                0x0000d0a4                _sercom_set_handler
 .text._sercom_get_interrupt_vector
                0x0000d110       0x44 src/ASF/sam0/drivers/sercom/sercom_interrupt.o
                0x0000d110                _sercom_get_interrupt_vector
 .text.SERCOM0_Handler
                0x0000d154       0x18 src/ASF/sam0/drivers/sercom/sercom_interrupt.o
                0x0000d154                SERCOM0_Handler
 .text.SERCOM1_Handler
                0x0000d16c       0x18 src/ASF/sam0/drivers/sercom/sercom_interrupt.o
                0x0000d16c                SERCOM1_Handler
 .text.SERCOM2_Handler
                0x0000d184       0x18 src/ASF/sam0/drivers/sercom/sercom_interrupt.o
                0x0000d184                SERCOM2_Handler
 .text.SERCOM3_Handler
                0x0000d19c       0x18 src/ASF/sam0/drivers/sercom/sercom_interrupt.o
                0x0000d19c                SERCOM3_Handler
 .text.SERCOM4_Handler
                0x0000d1b4       0x18 src/ASF/sam0/drivers/sercom/sercom_interrupt.o
                0x0000d1b4                SERCOM4_Handler
 .text.SERCOM5_Handler
                0x0000d1cc       0x18 src/ASF/sam0/drivers/sercom/sercom_interrupt.o
                0x0000d1cc                SERCOM5_Handler
 .text.system_interrupt_enter_critical_section
                0x0000d1e4       0x14 src/ASF/sam0/drivers/sercom/usart/usart_interrupt.o
 .text.system_interrupt_leave_critical_section
                0x0000d1f8       0x14 src/ASF/sam0/drivers/sercom/usart/usart_interrupt.o
 .text.usart_is_syncing
                0x0000d20c       0x20 src/ASF/sam0/drivers/sercom/usart/usart_interrupt.o
 .text._usart_wait_for_sync
                0x0000d22c       0x24 src/ASF/sam0/drivers/sercom/usart/usart_interrupt.o
 .text._usart_write_buffer
                0x0000d250       0x5c src/ASF/sam0/drivers/sercom/usart/usart_interrupt.o
                0x0000d250                _usart_write_buffer
 .text._usart_read_buffer
                0x0000d2ac       0x78 src/ASF/sam0/drivers/sercom/usart/usart_interrupt.o
                0x0000d2ac                _usart_read_buffer
 .text.usart_register_callback
                0x0000d324       0x48 src/ASF/sam0/drivers/sercom/usart/usart_interrupt.o
                0x0000d324                usart_register_callback
 .text.usart_read_job
                0x0000d36c       0x24 src/ASF/sam0/drivers/sercom/usart/usart_interrupt.o
                0x0000d36c                usart_read_job
 .text.usart_write_buffer_job
                0x0000d390       0x48 src/ASF/sam0/drivers/sercom/usart/usart_interrupt.o
                0x0000d390                usart_write_buffer_job
 .text._usart_interrupt_handler
                0x0000d3d8      0x340 src/ASF/sam0/drivers/sercom/usart/usart_interrupt.o
                0x0000d3d8                _usart_interrupt_handler
 .text.tc_register_callback
                0x0000d718       0x72 src/ASF/sam0/drivers/tc/tc_interrupt.o
                0x0000d718                tc_register_callback
 *fill*         0x0000d78a        0x2 
 .text.TC0_Handler
                0x0000d78c       0x14 src/ASF/sam0/drivers/tc/tc_interrupt.o
                0x0000d78c                TC0_Handler
 .text.TC1_Handler
                0x0000d7a0       0x14 src/ASF/sam0/drivers/tc/tc_interrupt.o
                0x0000d7a0                TC1_Handler
 .text.TC4_Handler
                0x0000d7b4       0x14 src/ASF/sam0/drivers/tc/tc_interrupt.o
                0x0000d7b4                TC4_Handler
 .text._tc_interrupt_handler
                0x0000d7c8       0xb8 src/ASF/sam0/drivers/tc/tc_interrupt.o
                0x0000d7c8                _tc_interrupt_handler
 .text.system_gclk_chan_get_config_defaults
                0x0000d880       0x16 src/ASF/sam0/drivers/tc/tc_sam_l_c/tc.o
 *fill*         0x0000d896        0x2 
 .text.system_apb_clock_set_mask
                0x0000d898       0x7c src/ASF/sam0/drivers/tc/tc_sam_l_c/tc.o
 .text.system_pinmux_get_config_defaults
                0x0000d914       0x28 src/ASF/sam0/drivers/tc/tc_sam_l_c/tc.o
 .text.tc_is_syncing
                0x0000d93c       0x20 src/ASF/sam0/drivers/tc/tc_sam_l_c/tc.o
 .text._tc_get_inst_index
                0x0000d95c       0x48 src/ASF/sam0/drivers/tc/tc_sam_l_c/tc.o
                0x0000d95c                _tc_get_inst_index
 .text.tc_init  0x0000d9a4      0x4a0 src/ASF/sam0/drivers/tc/tc_sam_l_c/tc.o
                0x0000d9a4                tc_init
 .text.tc_set_count_value
                0x0000de44       0x60 src/ASF/sam0/drivers/tc/tc_sam_l_c/tc.o
                0x0000de44                tc_set_count_value
 .text.cal_loop_test
                0x0000dea4      0x3b8 src/calibration.o
                0x0000dea4                cal_loop_test
 .text.cal_dist_process
                0x0000e25c       0x64 src/calibration.o
                0x0000e25c                cal_dist_process
 .text.cal_write_report
                0x0000e2c0     0x1d54 src/calibration.o
                0x0000e2c0                cal_write_report
 .text.cal_evaluate
                0x00010014      0x690 src/calibration.o
                0x00010014                cal_evaluate
 .text.cal_add_datapoint
                0x000106a4      0x428 src/calibration.o
                0x000106a4                cal_add_datapoint
 .text.calc_orientation
                0x00010acc       0xf4 src/calibration.o
                0x00010acc                calc_orientation
 .text.rotvec_theta_XY
                0x00010bc0      0x200 src/calibration.o
                0x00010bc0                rotvec_theta_XY
 .text.mat_mult_33_31
                0x00010dc0      0x10c src/calibration.o
                0x00010dc0                mat_mult_33_31
 .text.calc_azm_inc_roll_dec
                0x00010ecc      0x200 src/calibration.o
                0x00010ecc                calc_azm_inc_roll_dec
 .text.calc_theta_XY
                0x000110cc      0x14c src/calibration.o
                0x000110cc                calc_theta_XY
 .text.stdev    0x00011218      0x150 src/calibration.o
                0x00011218                stdev
 .text.calc_mag_stdev
                0x00011368      0x17c src/calibration.o
                0x00011368                calc_mag_stdev
 .text.calc_disp_stdev
                0x000114e4       0xe8 src/calibration.o
                0x000114e4                calc_disp_stdev
 .text.cal_axis_misalignments
                0x000115cc      0x5e8 src/calibration.o
                0x000115cc                cal_axis_misalignments
 .text.cal_angleX
                0x00011bb4      0x2e4 src/calibration.o
                0x00011bb4                cal_angleX
 .text.cal_angleYZ
                0x00011e98      0xdec src/calibration.o
                0x00011e98                cal_angleYZ
 .text.cal_apply_cal
                0x00012c84      0x130 src/calibration.o
                0x00012c84                cal_apply_cal
 .text.cal_init_struct
                0x00012db4       0xf6 src/calibration.o
                0x00012db4                cal_init_struct
 *fill*         0x00012eaa        0x2 
 .text.gen_RotM
                0x00012eac      0x360 src/calibration.o
                0x00012eac                gen_RotM
 .text.cal_gain_off
                0x0001320c      0xa3c src/calibration.o
                0x0001320c                cal_gain_off
 .text.inverse  0x00013c48      0x3c4 src/calibration.o
                0x00013c48                inverse
 .text.transpose
                0x0001400c      0x158 src/calibration.o
                0x0001400c                transpose
 .text.determinant
                0x00014164      0x1e0 src/calibration.o
                0x00014164                determinant
 .text.system_pinmux_get_group_from_gpio_pin
                0x00014344       0x60 src/comms/comms.o
 .text.port_get_group_from_gpio_pin
                0x000143a4       0x24 src/comms/comms.o
 .text.port_get_config_defaults
                0x000143c8       0x22 src/comms/comms.o
 *fill*         0x000143ea        0x2 
 .text.port_pin_set_output_level
                0x000143ec       0x54 src/comms/comms.o
 .text.system_interrupt_enable
                0x00014440       0x2c src/comms/comms.o
 .text.system_interrupt_disable
                0x0001446c       0x30 src/comms/comms.o
 .text.i2c_master_is_syncing
                0x0001449c       0x24 src/comms/comms.o
 .text._i2c_master_wait_for_sync
                0x000144c0       0x24 src/comms/comms.o
 .text.i2c_master_get_config_defaults
                0x000144e4       0x84 src/comms/comms.o
 .text.i2c_master_enable
                0x00014568       0x74 src/comms/comms.o
 .text.i2c_master_disable
                0x000145dc       0x58 src/comms/comms.o
 .text.spi_is_syncing
                0x00014634       0x20 src/comms/comms.o
 .text.spi_get_config_defaults
                0x00014654       0x84 src/comms/comms.o
 .text.spi_slave_inst_get_config_defaults
                0x000146d8       0x22 src/comms/comms.o
 *fill*         0x000146fa        0x2 
 .text.spi_attach_slave
                0x000146fc       0x64 src/comms/comms.o
 .text.spi_enable
                0x00014760       0x50 src/comms/comms.o
 .text.spi_disable
                0x000147b0       0x5c src/comms/comms.o
 .text.spi_enable_callback
                0x0001480c       0x36 src/comms/comms.o
 .text.usart_is_syncing
                0x00014842       0x20 src/comms/comms.o
 *fill*         0x00014862        0x2 
 .text._usart_wait_for_sync
                0x00014864       0x24 src/comms/comms.o
 .text.usart_get_config_defaults
                0x00014888       0xbe src/comms/comms.o
 *fill*         0x00014946        0x2 
 .text.usart_enable
                0x00014948       0x48 src/comms/comms.o
 .text.usart_disable
                0x00014990       0x4c src/comms/comms.o
 .text.usart_enable_callback
                0x000149dc       0x36 src/comms/comms.o
 *fill*         0x00014a12        0x2 
 .text.disable_comms
                0x00014a14       0x50 src/comms/comms.o
                0x00014a14                disable_comms
 .text.setup_spi
                0x00014a64      0x128 src/comms/comms.o
                0x00014a64                setup_spi
 .text.configure_spi_master_callbacks
                0x00014b8c       0x30 src/comms/comms.o
                0x00014b8c                configure_spi_master_callbacks
 .text.callback_spi_master
                0x00014bbc       0x1c src/comms/comms.o
 .text.configure_usart
                0x00014bd8      0x14c src/comms/comms.o
                0x00014bd8                configure_usart
 .text.configure_usart_callbacks
                0x00014d24       0x4c src/comms/comms.o
                0x00014d24                configure_usart_callbacks
 .text.readLaserCallback
                0x00014d70       0xf8 src/comms/comms.o
                0x00014d70                readLaserCallback
 .text.writeLaserCallback
                0x00014e68       0x1c src/comms/comms.o
                0x00014e68                writeLaserCallback
 .text.writeLaser
                0x00014e84       0x44 src/comms/comms.o
                0x00014e84                writeLaser
 .text.isLaserTransmitComplete
                0x00014ec8       0x14 src/comms/comms.o
                0x00014ec8                isLaserTransmitComplete
 .text.isLaserReceiveComplete
                0x00014edc       0x14 src/comms/comms.o
                0x00014edc                isLaserReceiveComplete
 .text.rxBufferLaserClear
                0x00014ef0       0x28 src/comms/comms.o
                0x00014ef0                rxBufferLaserClear
 .text.laserMessageType
                0x00014f18       0x48 src/comms/comms.o
                0x00014f18                laserMessageType
 .text.configure_i2c_master
                0x00014f60       0x64 src/comms/comms.o
                0x00014f60                configure_i2c_master
 .text.i2c_read_write
                0x00014fc4      0x140 src/comms/comms.o
                0x00014fc4                i2c_read_write
 .text.max17055_reg_read_write
                0x00015104       0xc0 src/comms/comms.o
                0x00015104                max17055_reg_read_write
 .text.adp5062_reg_read_write
                0x000151c4       0x64 src/comms/comms.o
                0x000151c4                adp5062_reg_read_write
 .text.sd_mmc_test_unit_ready
                0x00015228       0x78 src/comms/sd_mmc_mem.o
                0x00015228                sd_mmc_test_unit_ready
 .text.sd_mmc_test_unit_ready_0
                0x000152a0       0x18 src/comms/sd_mmc_mem.o
                0x000152a0                sd_mmc_test_unit_ready_0
 .text.sd_mmc_read_capacity
                0x000152b8       0x40 src/comms/sd_mmc_mem.o
                0x000152b8                sd_mmc_read_capacity
 .text.sd_mmc_read_capacity_0
                0x000152f8       0x20 src/comms/sd_mmc_mem.o
                0x000152f8                sd_mmc_read_capacity_0
 .text.sd_mmc_unload
                0x00015318       0x2c src/comms/sd_mmc_mem.o
                0x00015318                sd_mmc_unload
 .text.sd_mmc_unload_0
                0x00015344       0x28 src/comms/sd_mmc_mem.o
                0x00015344                sd_mmc_unload_0
 .text.sd_mmc_wr_protect
                0x0001536c       0x24 src/comms/sd_mmc_mem.o
                0x0001536c                sd_mmc_wr_protect
 .text.sd_mmc_wr_protect_0
                0x00015390       0x18 src/comms/sd_mmc_mem.o
                0x00015390                sd_mmc_wr_protect_0
 .text.sd_mmc_removal
                0x000153a8       0x16 src/comms/sd_mmc_mem.o
                0x000153a8                sd_mmc_removal
 *fill*         0x000153be        0x2 
 .text.sd_mmc_removal_0
                0x000153c0       0x18 src/comms/sd_mmc_mem.o
                0x000153c0                sd_mmc_removal_0
 .text.sd_mmc_usb_read_10
                0x000153d8      0x134 src/comms/sd_mmc_mem.o
                0x000153d8                sd_mmc_usb_read_10
 .text.sd_mmc_usb_read_10_0
                0x0001550c       0x2c src/comms/sd_mmc_mem.o
                0x0001550c                sd_mmc_usb_read_10_0
 .text.sd_mmc_usb_write_10
                0x00015538      0x144 src/comms/sd_mmc_mem.o
                0x00015538                sd_mmc_usb_write_10
 .text.sd_mmc_usb_write_10_0
                0x0001567c       0x2c src/comms/sd_mmc_mem.o
                0x0001567c                sd_mmc_usb_write_10_0
 .text.sd_mmc_mem_2_ram
                0x000156a8       0x6c src/comms/sd_mmc_mem.o
                0x000156a8                sd_mmc_mem_2_ram
 .text.sd_mmc_mem_2_ram_0
                0x00015714       0x24 src/comms/sd_mmc_mem.o
                0x00015714                sd_mmc_mem_2_ram_0
 .text.sd_mmc_ram_2_mem
                0x00015738       0x6c src/comms/sd_mmc_mem.o
                0x00015738                sd_mmc_ram_2_mem
 .text.sd_mmc_ram_2_mem_0
                0x000157a4       0x24 src/comms/sd_mmc_mem.o
                0x000157a4                sd_mmc_ram_2_mem_0
 .text.disk_initialize
                0x000157c8       0x7c src/FatFS_R13C/diskio.o
                0x000157c8                disk_initialize
 .text.disk_status
                0x00015844       0x38 src/FatFS_R13C/diskio.o
                0x00015844                disk_status
 .text.disk_readp
                0x0001587c       0xd8 src/FatFS_R13C/diskio.o
                0x0001587c                disk_readp
 .text.disk_writep
                0x00015954       0xd8 src/FatFS_R13C/diskio.o
                0x00015954                disk_writep
 .text.disk_ioctl
                0x00015a2c       0xf8 src/FatFS_R13C/diskio.o
                0x00015a2c                disk_ioctl
 .text.get_fattime
                0x00015b24       0x7c src/FatFS_R13C/fattime_rtc.o
                0x00015b24                get_fattime
 .text.ld_word  0x00015ba0       0x3c src/FatFS_R13C/ff.o
 .text.ld_dword
                0x00015bdc       0x42 src/FatFS_R13C/ff.o
 .text.st_word  0x00015c1e       0x3c src/FatFS_R13C/ff.o
 .text.st_dword
                0x00015c5a       0x54 src/FatFS_R13C/ff.o
 .text.mem_cpy  0x00015cae       0x3e src/FatFS_R13C/ff.o
 .text.mem_set  0x00015cec       0x30 src/FatFS_R13C/ff.o
 .text.mem_cmp  0x00015d1c       0x4a src/FatFS_R13C/ff.o
 .text.chk_chr  0x00015d66       0x32 src/FatFS_R13C/ff.o
 .text.dbc_1st  0x00015d98       0x22 src/FatFS_R13C/ff.o
 .text.dbc_2nd  0x00015dba       0x22 src/FatFS_R13C/ff.o
 .text.tchar2uni
                0x00015ddc       0xc8 src/FatFS_R13C/ff.o
 .text.sync_window
                0x00015ea4       0x88 src/FatFS_R13C/ff.o
 .text.move_window
                0x00015f2c       0x78 src/FatFS_R13C/ff.o
 .text.sync_fs  0x00015fa4      0x114 src/FatFS_R13C/ff.o
 .text.clst2sect
                0x000160b8       0x38 src/FatFS_R13C/ff.o
 .text.get_fat  0x000160f0      0x160 src/FatFS_R13C/ff.o
 .text.put_fat  0x00016250      0x218 src/FatFS_R13C/ff.o
 .text.remove_chain
                0x00016468       0xf8 src/FatFS_R13C/ff.o
 .text.create_chain
                0x00016560      0x1d0 src/FatFS_R13C/ff.o
 .text.dir_clear
                0x00016730       0xa8 src/FatFS_R13C/ff.o
 .text.dir_sdi  0x000167d8      0x108 src/FatFS_R13C/ff.o
 .text.dir_next
                0x000168e0      0x144 src/FatFS_R13C/ff.o
 .text.dir_alloc
                0x00016a24       0xc4 src/FatFS_R13C/ff.o
 .text.ld_clust
                0x00016ae8       0x44 src/FatFS_R13C/ff.o
 .text.st_clust
                0x00016b2c       0x44 src/FatFS_R13C/ff.o
 .text.cmp_lfn  0x00016b70      0x108 src/FatFS_R13C/ff.o
 .text.put_lfn  0x00016c78       0xf8 src/FatFS_R13C/ff.o
 .text.gen_numname
                0x00016d70      0x15c src/FatFS_R13C/ff.o
 .text.sum_sfn  0x00016ecc       0x4e src/FatFS_R13C/ff.o
 *fill*         0x00016f1a        0x2 
 .text.dir_find
                0x00016f1c      0x224 src/FatFS_R13C/ff.o
 .text.dir_register
                0x00017140      0x25c src/FatFS_R13C/ff.o
 .text.create_name
                0x0001739c      0x490 src/FatFS_R13C/ff.o
 .text.follow_path
                0x0001782c      0x124 src/FatFS_R13C/ff.o
 .text.get_ldnumber
                0x00017950       0x96 src/FatFS_R13C/ff.o
 *fill*         0x000179e6        0x2 
 .text.check_fs
                0x000179e8       0xb8 src/FatFS_R13C/ff.o
 .text.find_volume
                0x00017aa0      0x530 src/FatFS_R13C/ff.o
 .text.validate
                0x00017fd0       0x80 src/FatFS_R13C/ff.o
 .text.f_mount  0x00018050       0x94 src/FatFS_R13C/ff.o
                0x00018050                f_mount
 .text.f_open   0x000180e4      0x59c src/FatFS_R13C/ff.o
                0x000180e4                f_open
 .text.f_write  0x00018680      0x2f8 src/FatFS_R13C/ff.o
                0x00018680                f_write
 .text.f_sync   0x00018978      0x138 src/FatFS_R13C/ff.o
                0x00018978                f_sync
 .text.f_close  0x00018ab0       0x60 src/FatFS_R13C/ff.o
                0x00018ab0                f_close
 .text.f_lseek  0x00018b10      0x29c src/FatFS_R13C/ff.o
                0x00018b10                f_lseek
 .text.ff_uni2oem
                0x00018dac       0xa0 src/FatFS_R13C/ffunicode.o
                0x00018dac                ff_uni2oem
 .text.ff_oem2uni
                0x00018e4c       0x74 src/FatFS_R13C/ffunicode.o
                0x00018e4c                ff_oem2uni
 .text.ff_wtoupper
                0x00018ec0      0x1b8 src/FatFS_R13C/ffunicode.o
                0x00018ec0                ff_wtoupper
 .text.arch_ioport_pin_to_port_id
                0x00019078       0x14 src/glcd/ATSAML21.o
 .text.arch_ioport_port_to_base
                0x0001908c       0x20 src/glcd/ATSAML21.o
 .text.arch_ioport_pin_to_base
                0x000190ac       0x2c src/glcd/ATSAML21.o
 .text.arch_ioport_pin_to_mask
                0x000190d8       0x1c src/glcd/ATSAML21.o
 .text.arch_ioport_set_pin_dir
                0x000190f4       0x84 src/glcd/ATSAML21.o
 .text.arch_ioport_set_pin_level
                0x00019178       0x54 src/glcd/ATSAML21.o
 .text.ioport_set_pin_dir
                0x000191cc       0x28 src/glcd/ATSAML21.o
 .text.ioport_set_pin_level
                0x000191f4       0x28 src/glcd/ATSAML21.o
 .text.glcd_init
                0x0001921c       0x60 src/glcd/ATSAML21.o
                0x0001921c                glcd_init
 .text.glcd_spi_write
                0x0001927c       0x40 src/glcd/ATSAML21.o
                0x0001927c                glcd_spi_write
 .text.glcd_reset
                0x000192bc       0x38 src/glcd/ATSAML21.o
                0x000192bc                glcd_reset
 .text.glcd_update_bbox
                0x000192f4       0xd0 src/glcd/glcd.o
                0x000192f4                glcd_update_bbox
 .text.glcd_reset_bbox
                0x000193c4       0x30 src/glcd/glcd.o
                0x000193c4                glcd_reset_bbox
 .text.glcd_clear_buffer
                0x000193f4       0x34 src/glcd/glcd.o
                0x000193f4                glcd_clear_buffer
 .text.glcd_select_screen
                0x00019428       0x28 src/glcd/glcd.o
                0x00019428                glcd_select_screen
 .text.glcd_set_pixel
                0x00019450       0xe0 src/glcd/graphics.o
                0x00019450                glcd_set_pixel
 .text.glcd_draw_line
                0x00019530      0x1ec src/glcd/graphics.o
                0x00019530                glcd_draw_line
 .text.glcd_draw_circle
                0x0001971c      0x2d8 src/glcd/graphics.o
                0x0001971c                glcd_draw_circle
 .text.arch_ioport_pin_to_port_id
                0x000199f4       0x14 src/glcd/ST7565R.o
 .text.arch_ioport_port_to_base
                0x00019a08       0x20 src/glcd/ST7565R.o
 .text.arch_ioport_pin_to_base
                0x00019a28       0x2c src/glcd/ST7565R.o
 .text.arch_ioport_pin_to_mask
                0x00019a54       0x1c src/glcd/ST7565R.o
 .text.arch_ioport_set_pin_level
                0x00019a70       0x54 src/glcd/ST7565R.o
 .text.ioport_set_pin_level
                0x00019ac4       0x28 src/glcd/ST7565R.o
 .text.glcd_command
                0x00019aec       0x30 src/glcd/ST7565R.o
                0x00019aec                glcd_command
 .text.glcd_data
                0x00019b1c       0x30 src/glcd/ST7565R.o
                0x00019b1c                glcd_data
 .text.glcd_set_contrast
                0x00019b4c       0x38 src/glcd/ST7565R.o
                0x00019b4c                glcd_set_contrast
 .text.glcd_set_y_address
                0x00019b84       0x30 src/glcd/ST7565R.o
                0x00019b84                glcd_set_y_address
 .text.glcd_set_x_address
                0x00019bb4       0x30 src/glcd/ST7565R.o
                0x00019bb4                glcd_set_x_address
 .text.glcd_set_column_upper
                0x00019be4       0x2c src/glcd/ST7565R.o
                0x00019be4                glcd_set_column_upper
 .text.glcd_set_column_lower
                0x00019c10       0x28 src/glcd/ST7565R.o
                0x00019c10                glcd_set_column_lower
 .text.glcd_write
                0x00019c38       0xc8 src/glcd/ST7565R.o
                0x00019c38                glcd_write
 .text.glcd_ST7565R_init
                0x00019d00       0x44 src/glcd/ST7565R.o
                0x00019d00                glcd_ST7565R_init
 .text.glcd_draw_char_xy
                0x00019d44      0x598 src/glcd/text.o
                0x00019d44                glcd_draw_char_xy
 .text.glcd_draw_string_xy
                0x0001a2dc       0x78 src/glcd/text.o
                0x0001a2dc                glcd_draw_string_xy
 .text.glcd_tiny_set_font
                0x0001a354       0x5c src/glcd/text_tiny.o
                0x0001a354                glcd_tiny_set_font
 .text.glcd_tiny_draw_char
                0x0001a3b0      0x130 src/glcd/text_tiny.o
                0x0001a3b0                glcd_tiny_draw_char
 .text.glcd_tiny_draw_string
                0x0001a4e0       0xa0 src/glcd/text_tiny.o
                0x0001a4e0                glcd_tiny_draw_string
 .text.system_gclk_chan_get_config_defaults
                0x0001a580       0x16 src/ASF/sam0/drivers/sercom/usart/usart.o
 *fill*         0x0001a596        0x2 
 .text.system_apb_clock_set_mask
                0x0001a598       0x7c src/ASF/sam0/drivers/sercom/usart/usart.o
 .text.system_pinmux_get_config_defaults
                0x0001a614       0x28 src/ASF/sam0/drivers/sercom/usart/usart.o
 .text.system_is_debugger_present
                0x0001a63c       0x20 src/ASF/sam0/drivers/sercom/usart/usart.o
 .text.usart_is_syncing
                0x0001a65c       0x20 src/ASF/sam0/drivers/sercom/usart/usart.o
 .text._usart_wait_for_sync
                0x0001a67c       0x24 src/ASF/sam0/drivers/sercom/usart/usart.o
 .text._usart_set_config
                0x0001a6a0      0x2e0 src/ASF/sam0/drivers/sercom/usart/usart.o
 .text.usart_init
                0x0001a980      0x298 src/ASF/sam0/drivers/sercom/usart/usart.o
                0x0001a980                usart_init
 .text.system_pinmux_get_config_defaults
                0x0001ac18       0x28 src/ASF/sam0/drivers/sercom/spi/spi.o
 .text.system_pinmux_get_group_from_gpio_pin
                0x0001ac40       0x60 src/ASF/sam0/drivers/sercom/spi/spi.o
 .text.port_get_group_from_gpio_pin
                0x0001aca0       0x24 src/ASF/sam0/drivers/sercom/spi/spi.o
 .text.port_pin_set_output_level
                0x0001acc4       0x54 src/ASF/sam0/drivers/sercom/spi/spi.o
 .text.system_gclk_chan_get_config_defaults
                0x0001ad18       0x16 src/ASF/sam0/drivers/sercom/spi/spi.o
 *fill*         0x0001ad2e        0x2 
 .text.system_apb_clock_set_mask
                0x0001ad30       0x7c src/ASF/sam0/drivers/sercom/spi/spi.o
 .text.system_is_debugger_present
                0x0001adac       0x20 src/ASF/sam0/drivers/sercom/spi/spi.o
 .text.system_interrupt_enable
                0x0001adcc       0x2c src/ASF/sam0/drivers/sercom/spi/spi.o
 .text.system_interrupt_disable
                0x0001adf8       0x30 src/ASF/sam0/drivers/sercom/spi/spi.o
 .text.spi_is_syncing
                0x0001ae28       0x20 src/ASF/sam0/drivers/sercom/spi/spi.o
 .text.spi_enable
                0x0001ae48       0x50 src/ASF/sam0/drivers/sercom/spi/spi.o
 .text.spi_disable
                0x0001ae98       0x5c src/ASF/sam0/drivers/sercom/spi/spi.o
 .text.spi_is_write_complete
                0x0001aef4       0x28 src/ASF/sam0/drivers/sercom/spi/spi.o
 .text.spi_is_ready_to_write
                0x0001af1c       0x28 src/ASF/sam0/drivers/sercom/spi/spi.o
 .text.spi_is_ready_to_read
                0x0001af44       0x28 src/ASF/sam0/drivers/sercom/spi/spi.o
 .text.spi_write
                0x0001af6c       0x48 src/ASF/sam0/drivers/sercom/spi/spi.o
 .text.spi_read
                0x0001afb4       0x88 src/ASF/sam0/drivers/sercom/spi/spi.o
 .text.spi_set_baudrate
                0x0001b03c       0xc8 src/ASF/sam0/drivers/sercom/spi/spi.o
                0x0001b03c                spi_set_baudrate
 .text._spi_set_config
                0x0001b104      0x210 src/ASF/sam0/drivers/sercom/spi/spi.o
 .text.spi_init
                0x0001b314      0x1b8 src/ASF/sam0/drivers/sercom/spi/spi.o
                0x0001b314                spi_init
 .text.spi_read_buffer_wait
                0x0001b4cc      0x134 src/ASF/sam0/drivers/sercom/spi/spi.o
                0x0001b4cc                spi_read_buffer_wait
 .text.spi_select_slave
                0x0001b600       0xf0 src/ASF/sam0/drivers/sercom/spi/spi.o
                0x0001b600                spi_select_slave
 .text.spi_write_buffer_wait
                0x0001b6f0      0x14c src/ASF/sam0/drivers/sercom/spi/spi.o
                0x0001b6f0                spi_write_buffer_wait
 .text.spi_transceive_buffer_wait
                0x0001b83c      0x1c0 src/ASF/sam0/drivers/sercom/spi/spi.o
                0x0001b83c                spi_transceive_buffer_wait
 .text.system_gclk_chan_get_config_defaults
                0x0001b9fc       0x16 src/ASF/sam0/drivers/sercom/sercom.o
 .text.long_division
                0x0001ba12       0xe0 src/ASF/sam0/drivers/sercom/sercom.o
 .text._sercom_get_sync_baud_val
                0x0001baf2       0x7c src/ASF/sam0/drivers/sercom/sercom.o
                0x0001baf2                _sercom_get_sync_baud_val
 *fill*         0x0001bb6e        0x2 
 .text._sercom_get_async_baud_val
                0x0001bb70      0x1c0 src/ASF/sam0/drivers/sercom/sercom.o
                0x0001bb70                _sercom_get_async_baud_val
 .text.sercom_set_gclk_generator
                0x0001bd30       0x8c src/ASF/sam0/drivers/sercom/sercom.o
                0x0001bd30                sercom_set_gclk_generator
 .text._sercom_get_default_pad
                0x0001bdbc      0x1bc src/ASF/sam0/drivers/sercom/sercom.o
                0x0001bdbc                _sercom_get_default_pad
 .text._sercom_get_sercom_inst_index
                0x0001bf78       0x50 src/ASF/sam0/drivers/sercom/sercom.o
                0x0001bf78                _sercom_get_sercom_inst_index
 .text.delay_cycles
                0x0001bfc8       0x34 src/ASF/common2/services/delay/sam0/systick_counter.o
 .text.delay_init
                0x0001bffc       0x58 src/ASF/common2/services/delay/sam0/systick_counter.o
                0x0001bffc                delay_init
 .text.delay_cycles_us
                0x0001c054       0x30 src/ASF/common2/services/delay/sam0/systick_counter.o
                0x0001c054                delay_cycles_us
 .text.delay_cycles_ms
                0x0001c084       0x30 src/ASF/common2/services/delay/sam0/systick_counter.o
                0x0001c084                delay_cycles_ms
 .text.system_pinmux_get_config_defaults
                0x0001c0b4       0x28 src/ASF/sam0/drivers/port/port.o
 .text.port_pin_set_config
                0x0001c0dc       0x60 src/ASF/sam0/drivers/port/port.o
                0x0001c0dc                port_pin_set_config
 .text.system_gclk_gen_get_config_defaults
                0x0001c13c       0x2e src/ASF/sam0/drivers/system/clock/clock_saml21/clock.o
 .text.system_gclk_chan_get_config_defaults
                0x0001c16a       0x16 src/ASF/sam0/drivers/system/clock/clock_saml21/clock.o
 .text.system_clock_source_dfll_get_config_defaults
                0x0001c180       0x58 src/ASF/sam0/drivers/system/clock/clock_saml21/clock.o
 .text.system_main_clock_set_failure_detect
                0x0001c1d8       0x14 src/ASF/sam0/drivers/system/clock/clock_saml21/clock.o
 .text.system_cpu_clock_set_divider
                0x0001c1ec       0x28 src/ASF/sam0/drivers/system/clock/clock_saml21/clock.o
 .text.system_low_power_clock_set_divider
                0x0001c214       0x28 src/ASF/sam0/drivers/system/clock/clock_saml21/clock.o
 .text.system_backup_clock_set_divider
                0x0001c23c       0x28 src/ASF/sam0/drivers/system/clock/clock_saml21/clock.o
 .text.system_cpu_clock_get_hz
                0x0001c264       0x30 src/ASF/sam0/drivers/system/clock/clock_saml21/clock.o
 .text.system_flash_set_waitstates
                0x0001c294       0x34 src/ASF/sam0/drivers/system/clock/clock_saml21/clock.o
 .text.system_switch_performance_level
                0x0001c2c8       0x5c src/ASF/sam0/drivers/system/clock/clock_saml21/clock.o
 .text._system_dfll_wait_for_sync
                0x0001c324       0x1c src/ASF/sam0/drivers/system/clock/clock_saml21/clock.o
 .text._system_clock_source_dfll_set_config_errata_9905
                0x0001c340       0x50 src/ASF/sam0/drivers/system/clock/clock_saml21/clock.o
 .text.system_clock_source_get_hz
                0x0001c390       0xc0 src/ASF/sam0/drivers/system/clock/clock_saml21/clock.o
                0x0001c390                system_clock_source_get_hz
 .text.system_clock_source_xosc32k_set_config
                0x0001c450       0xfc src/ASF/sam0/drivers/system/clock/clock_saml21/clock.o
                0x0001c450                system_clock_source_xosc32k_set_config
 .text.system_clock_source_dfll_set_config
                0x0001c54c       0xd8 src/ASF/sam0/drivers/system/clock/clock_saml21/clock.o
                0x0001c54c                system_clock_source_dfll_set_config
 .text.system_clock_source_enable
                0x0001c624       0xc0 src/ASF/sam0/drivers/system/clock/clock_saml21/clock.o
                0x0001c624                system_clock_source_enable
 .text.system_clock_source_is_ready
                0x0001c6e4       0xd0 src/ASF/sam0/drivers/system/clock/clock_saml21/clock.o
                0x0001c6e4                system_clock_source_is_ready
 .text.system_clock_init
                0x0001c7b4      0x24c src/ASF/sam0/drivers/system/clock/clock_saml21/clock.o
                0x0001c7b4                system_clock_init
 .text.system_apb_clock_set_mask
                0x0001ca00       0x7c src/ASF/sam0/drivers/system/clock/clock_saml21/gclk.o
 .text.system_interrupt_enter_critical_section
                0x0001ca7c       0x14 src/ASF/sam0/drivers/system/clock/clock_saml21/gclk.o
 .text.system_interrupt_leave_critical_section
                0x0001ca90       0x14 src/ASF/sam0/drivers/system/clock/clock_saml21/gclk.o
 .text.system_gclk_is_syncing
                0x0001caa4       0x3c src/ASF/sam0/drivers/system/clock/clock_saml21/gclk.o
 .text.system_gclk_init
                0x0001cae0       0x30 src/ASF/sam0/drivers/system/clock/clock_saml21/gclk.o
                0x0001cae0                system_gclk_init
 .text.system_gclk_gen_set_config
                0x0001cb10      0x110 src/ASF/sam0/drivers/system/clock/clock_saml21/gclk.o
                0x0001cb10                system_gclk_gen_set_config
 .text.system_gclk_gen_enable
                0x0001cc20       0x5c src/ASF/sam0/drivers/system/clock/clock_saml21/gclk.o
                0x0001cc20                system_gclk_gen_enable
 .text.system_gclk_gen_get_hz
                0x0001cc7c       0xc0 src/ASF/sam0/drivers/system/clock/clock_saml21/gclk.o
                0x0001cc7c                system_gclk_gen_get_hz
 .text.system_gclk_chan_set_config
                0x0001cd3c       0x40 src/ASF/sam0/drivers/system/clock/clock_saml21/gclk.o
                0x0001cd3c                system_gclk_chan_set_config
 .text.system_gclk_chan_enable
                0x0001cd7c       0x58 src/ASF/sam0/drivers/system/clock/clock_saml21/gclk.o
                0x0001cd7c                system_gclk_chan_enable
 .text.system_gclk_chan_disable
                0x0001cdd4       0x58 src/ASF/sam0/drivers/system/clock/clock_saml21/gclk.o
                0x0001cdd4                system_gclk_chan_disable
 .text.system_gclk_chan_get_hz
                0x0001ce2c       0x54 src/ASF/sam0/drivers/system/clock/clock_saml21/gclk.o
                0x0001ce2c                system_gclk_chan_get_hz
 .text.system_pinmux_get_group_from_gpio_pin
                0x0001ce80       0x60 src/ASF/sam0/drivers/system/pinmux/pinmux.o
 .text._system_pinmux_config
                0x0001cee0      0x110 src/ASF/sam0/drivers/system/pinmux/pinmux.o
 .text.system_pinmux_pin_set_config
                0x0001cff0       0x48 src/ASF/sam0/drivers/system/pinmux/pinmux.o
                0x0001cff0                system_pinmux_pin_set_config
 .text._system_dummy_init
                0x0001d038        0xa src/ASF/sam0/drivers/system/system.o
                0x0001d038                _system_events_init
                0x0001d038                _system_dummy_init
                0x0001d038                _system_divas_init
 *fill*         0x0001d042        0x2 
 .text.system_init
                0x0001d044       0x34 src/ASF/sam0/drivers/system/system.o
                0x0001d044                system_init
 .text.arch_ioport_pin_to_port_id
                0x0001d078       0x14 src/main.o
 .text.arch_ioport_port_to_base
                0x0001d08c       0x20 src/main.o
 .text.arch_ioport_pin_to_base
                0x0001d0ac       0x2c src/main.o
 .text.arch_ioport_pin_to_mask
                0x0001d0d8       0x1c src/main.o
 .text.arch_ioport_init
                0x0001d0f4        0xa src/main.o
 *fill*         0x0001d0fe        0x2 
 .text.arch_ioport_set_port_mode
                0x0001d100       0xc4 src/main.o
 .text.arch_ioport_set_pin_mode
                0x0001d1c4       0x3c src/main.o
 .text.arch_ioport_set_pin_dir
                0x0001d200       0x84 src/main.o
 .text.arch_ioport_set_pin_level
                0x0001d284       0x54 src/main.o
 .text.arch_ioport_get_pin_level
                0x0001d2d8       0x38 src/main.o
 .text.ioport_init
                0x0001d310       0x14 src/main.o
 .text.ioport_set_pin_mode
                0x0001d324       0x24 src/main.o
 .text.ioport_reset_pin_mode
                0x0001d348       0x20 src/main.o
 .text.ioport_set_pin_dir
                0x0001d368       0x28 src/main.o
 .text.ioport_set_pin_level
                0x0001d390       0x28 src/main.o
 .text.ioport_get_pin_level
                0x0001d3b8       0x20 src/main.o
 .text.system_interrupt_enable_global
                0x0001d3d8       0x1c src/main.o
 .text.system_interrupt_disable
                0x0001d3f4       0x30 src/main.o
 .text.system_set_sleepmode
                0x0001d424       0x30 src/main.o
 .text.system_sleep
                0x0001d454       0x10 src/main.o
 .text.usart_is_syncing
                0x0001d464       0x20 src/main.o
 .text._usart_wait_for_sync
                0x0001d484       0x24 src/main.o
 .text.usart_disable
                0x0001d4a8       0x4c src/main.o
 .text.sleepmgr_sleep
                0x0001d4f4       0xb4 src/main.o
 .text.sleepmgr_init
                0x0001d5a8       0x3c src/main.o
 .text.tc_is_syncing
                0x0001d5e4       0x20 src/main.o
 .text.tc_stop_counter
                0x0001d604       0x30 src/main.o
 .text.tc_start_counter
                0x0001d634       0x44 src/main.o
 .text.main     0x0001d678      0x1fc src/main.o
                0x0001d678                main
 .text.fn_debug_charger
                0x0001d874      0x110 src/main.o
                0x0001d874                fn_debug_charger
 .text.fn_debug_rawData
                0x0001d984      0x1e0 src/main.o
                0x0001d984                fn_debug_rawData
 .text.fn_process_calibration
                0x0001db64      0x86c src/main.o
                0x0001db64                fn_process_calibration
 .text.fn_acc_comp_calibration
                0x0001e3d0      0x224 src/main.o
                0x0001e3d0                fn_acc_comp_calibration
 .text.fn_loop_test
                0x0001e5f4      0x3a4 src/main.o
                0x0001e5f4                fn_loop_test
 .text.fn_disp_loop_report
                0x0001e998      0x18c src/main.o