Archive member included to satisfy reference by file (symbol)

c:/program files (x86)/atmel/studio/7.0/toolchain/arm/arm-gnu-toolchain/bin/../lib/gcc/arm-none-eabi/6.3.1/../../../../arm-none-eabi/lib/thumb/v6-m\libm.a(lib_a-s_cos.o)
                              src/mathBRIC.o (cos)
c:/program files (x86)/atmel/studio/7.0/toolchain/arm/arm-gnu-toolchain/bin/../lib/gcc/arm-none-eabi/6.3.1/../../../../arm-none-eabi/lib/thumb/v6-m\libm.a(lib_a-s_floor.o)
                              src/SDcardBRIC.o (floor)
c:/program files (x86)/atmel/studio/7.0/toolchain/arm/arm-gnu-toolchain/bin/../lib/gcc/arm-none-eabi/6.3.1/../../../../arm-none-eabi/lib/thumb/v6-m\libm.a(lib_a-s_sin.o)
                              src/mathBRIC.o (sin)
c:/program files (x86)/atmel/studio/7.0/toolchain/arm/arm-gnu-toolchain/bin/../lib/gcc/arm-none-eabi/6.3.1/../../../../arm-none-eabi/lib/thumb/v6-m\libm.a(lib_a-w_atan2.o)
                              src/mathBRIC.o (atan2)
c:/program files (x86)/atmel/studio/7.0/toolchain/arm/arm-gnu-toolchain/bin/../lib/gcc/arm-none-eabi/6.3.1/../../../../arm-none-eabi/lib/thumb/v6-m\libm.a(lib_a-w_pow.o)
                              src/dispFunctions.o (pow)
c:/program files (x86)/atmel/studio/7.0/toolchain/arm/arm-gnu-toolchain/bin/../lib/gcc/arm-none-eabi/6.3.1/../../../../arm-none-eabi/lib/thumb/v6-m\libm.a(lib_a-w_sqrt.o)
                              src/dispFunctions.o (sqrt)
c:/program files (x86)/atmel/studio/7.0/toolchain/arm/arm-gnu-toolchain/bin/../lib/gcc/arm-none-eabi/6.3.1/../../../../arm-none-eabi/lib/thumb/v6-m\libm.a(lib_a-e_atan2.o)
                              c:/program files (x86)/atmel/studio/7.0/toolchain/arm/arm-gnu-toolchain/bin/../lib/gcc/arm-none-eabi/6.3.1/../../../../arm-none-eabi/lib/thumb/v6-m\libm.a(lib_a-w_atan2.o) (__ieee754_atan2)
c:/program files (x86)/atmel/studio/7.0/toolchain/arm/arm-gnu-toolchain/bin/../lib/gcc/arm-none-eabi/6.3.1/../../../../arm-none-eabi/lib/thumb/v6-m\libm.a(lib_a-e_pow.o)
                              c:/program files (x86)/atmel/studio/7.0/toolchain/arm/arm-gnu-toolchain/bin/../lib/gcc/arm-none-eabi/6.3.1/../../../../arm-none-eabi/lib/thumb/v6-m\libm.a(lib_a-w_pow.o) (__ieee754_pow)
c:/program files (x86)/atmel/studio/7.0/toolchain/arm/arm-gnu-toolchain/bin/../lib/gcc/arm-none-eabi/6.3.1/../../../../arm-none-eabi/lib/thumb/v6-m\libm.a(lib_a-e_rem_pio2.o)
                              c:/program files (x86)/atmel/studio/7.0/toolchain/arm/arm-gnu-toolchain/bin/../lib/gcc/arm-none-eabi/6.3.1/../../../../arm-none-eabi/lib/thumb/v6-m\libm.a(lib_a-s_cos.o) (__ieee754_rem_pio2)
c:/program files (x86)/atmel/studio/7.0/toolchain/arm/arm-gnu-toolchain/bin/../lib/gcc/arm-none-eabi/6.3.1/../../../../arm-none-eabi/lib/thumb/v6-m\libm.a(lib_a-e_sqrt.o)
                              c:/program files (x86)/atmel/studio/7.0/toolchain/arm/arm-gnu-toolchain/bin/../lib/gcc/arm-none-eabi/6.3.1/../../../../arm-none-eabi/lib/thumb/v6-m\libm.a(lib_a-w_sqrt.o) (__ieee754_sqrt)
c:/program files (x86)/atmel/studio/7.0/toolchain/arm/arm-gnu-toolchain/bin/../lib/gcc/arm-none-eabi/6.3.1/../../../../arm-none-eabi/lib/thumb/v6-m\libm.a(lib_a-k_cos.o)
                              c:/program files (x86)/atmel/studio/7.0/toolchain/arm/arm-gnu-toolchain/bin/../lib/gcc/arm-none-eabi/6.3.1/../../../../arm-none-eabi/lib/thumb/v6-m\libm.a(lib_a-s_cos.o) (__kernel_cos)
c:/program files (x86)/atmel/studio/7.0/toolchain/arm/arm-gnu-toolchain/bin/../lib/gcc/arm-none-eabi/6.3.1/../../../../arm-none-eabi/lib/thumb/v6-m\libm.a(lib_a-k_rem_pio2.o)
                              c:/program files (x86)/atmel/studio/7.0/toolchain/arm/arm-gnu-toolchain/bin/../lib/gcc/arm-none-eabi/6.3.1/../../../../arm-none-eabi/lib/thumb/v6-m\libm.a(lib_a-e_rem_pio2.o) (__kernel_rem_pio2)
c:/program files (x86)/atmel/studio/7.0/toolchain/arm/arm-gnu-toolchain/bin/../lib/gcc/arm-none-eabi/6.3.1/../../../../arm-none-eabi/lib/thumb/v6-m\libm.a(lib_a-k_sin.o)
                              c:/program files (x86)/atmel/studio/7.0/toolchain/arm/arm-gnu-toolchain/bin/../lib/gcc/arm-none-eabi/6.3.1/../../../../arm-none-eabi/lib/thumb/v6-m\libm.a(lib_a-s_cos.o) (__kernel_sin)
c:/program files (x86)/atmel/studio/7.0/toolchain/arm/arm-gnu-toolchain/bin/../lib/gcc/arm-none-eabi/6.3.1/../../../../arm-none-eabi/lib/thumb/v6-m\libm.a(lib_a-s_atan.o)
                              c:/program files (x86)/atmel/studio/7.0/toolchain/arm/arm-gnu-toolchain/bin/../lib/gcc/arm-none-eabi/6.3.1/../../../../arm-none-eabi/lib/thumb/v6-m\libm.a(lib_a-e_atan2.o) (atan)
c:/program files (x86)/atmel/studio/7.0/toolchain/arm/arm-gnu-toolchain/bin/../lib/gcc/arm-none-eabi/6.3.1/../../../../arm-none-eabi/lib/thumb/v6-m\libm.a(lib_a-s_fabs.o)
                              c:/program files (x86)/atmel/studio/7.0/toolchain/arm/arm-gnu-toolchain/bin/../lib/gcc/arm-none-eabi/6.3.1/../../../../arm-none-eabi/lib/thumb/v6-m\libm.a(lib_a-e_atan2.o) (fabs)
[...]
Memory Configuration

Name             Origin             Length             Attributes
rom              0x00000000         0x00040000         xr
ram              0x20000000         0x00008000         xrw
lpram            0x30000000         0x00002000         xrw
*default*        0x00000000         0xffffffff

Linker script and memory map

LOAD c:/program files (x86)/atmel/studio/7.0/toolchain/arm/arm-gnu-toolchain/bin/../lib/gcc/arm-none-eabi/6.3.1/thumb/v6-m/crti.o
LOAD c:/program files (x86)/atmel/studio/7.0/toolchain/arm/arm-gnu-toolchain/bin/../lib/gcc/arm-none-eabi/6.3.1/thumb/v6-m/crtbegin.o
LOAD c:/program files (x86)/atmel/studio/7.0/toolchain/arm/arm-gnu-toolchain/bin/../lib/gcc/arm-none-eabi/6.3.1/../../../../arm-none-eabi/lib/thumb/v6-m/crt0.o
LOAD src/ASF/common2/boards/user_board/init.o
LOAD src/ASF/common/services/usb/class/msc/device/udi_msc.o
LOAD src/ASF/common/services/usb/class/msc/device/udi_msc_desc.o
LOAD src/ASF/common/services/usb/udc/udc.o
LOAD src/ASF/common/utils/interrupt/interrupt_sam_nvic.o
LOAD src/ASF/sam0/drivers/usb/stack_interface/usb_device_udd.o
LOAD src/ASF/sam0/drivers/usb/stack_interface/usb_dual.o
LOAD src/ASF/sam0/drivers/usb/usb_sam_l/usb.o
LOAD src/ASF/sam0/drivers/wdt/wdt.o
LOAD src/ASF/sam0/drivers/wdt/wdt_callback.o
LOAD src/ASF/sam0/utils/cmsis/saml21/source/gcc/startup_saml21.o
LOAD src/ASF/sam0/utils/cmsis/saml21/source/system_saml21.o
LOAD src/ASF/sam0/utils/syscalls/gcc/syscalls.o
LOAD src/ASF/thirdparty/fatfs/fatfs-port-r0.09/diskio.o
LOAD src/ASF/thirdparty/fatfs/fatfs-port-r0.09/sam0/fattime_rtc.o
LOAD src/ASF/thirdparty/fatfs/fatfs-r0.09/src/ff.o
LOAD src/ASF/thirdparty/fatfs/fatfs-r0.09/src/option/ccsbcs.o
LOAD src/backlight.o
LOAD src/batteryManagement.o
LOAD src/BLE_func.o
LOAD src/clockSetup.o
LOAD src/dispFunctions.o
LOAD src/EEPROM.o
LOAD src/mathBRIC.o
LOAD src/SDcardBRIC.o
LOAD src/sensors.o
LOAD src/timers.o
LOAD src/ASF/common2/components/memory/sd_mmc/sd_mmc.o
LOAD src/ASF/common2/components/memory/sd_mmc/sd_mmc_spi.o
LOAD src/ASF/common/services/sleepmgr/saml/sleepmgr.o
LOAD src/ASF/common/services/storage/ctrl_access/ctrl_access.o
LOAD src/ASF/sam0/drivers/extint/extint_callback.o
LOAD src/ASF/sam0/drivers/extint/extint_sam_l_c/extint.o
LOAD src/ASF/sam0/drivers/rtc/rtc_sam_l_c/rtc_count.o
LOAD src/ASF/sam0/drivers/rtc/rtc_sam_l_c/rtc_count_interrupt.o
LOAD src/ASF/sam0/drivers/sercom/i2c/i2c_sam0/i2c_master.o
LOAD src/ASF/sam0/drivers/sercom/i2c/i2c_sam0/i2c_master_interrupt.o
LOAD src/ASF/sam0/drivers/sercom/sercom_interrupt.o
LOAD src/ASF/sam0/drivers/sercom/usart/usart_interrupt.o
LOAD src/ASF/sam0/drivers/tc/tc_interrupt.o
LOAD src/ASF/sam0/drivers/tc/tc_sam_l_c/tc.o
LOAD src/calibration.o
LOAD src/comms/comms.o
LOAD src/comms/sd_mmc_mem.o
LOAD src/glcd/ATSAML21.o
LOAD src/glcd/glcd.o
LOAD src/glcd/graphics.o
LOAD src/glcd/graphs.o
LOAD src/glcd/ST7565R.o
LOAD src/glcd/text.o
LOAD src/glcd/text_tiny.o
LOAD src/ASF/sam0/drivers/sercom/usart/usart.o
LOAD src/ASF/sam0/drivers/sercom/spi/spi.o
LOAD src/ASF/sam0/drivers/sercom/sercom.o
LOAD src/ASF/common2/services/delay/sam0/systick_counter.o
LOAD src/ASF/sam0/drivers/port/port.o
LOAD src/ASF/sam0/drivers/system/clock/clock_saml21/clock.o
LOAD src/ASF/sam0/drivers/system/clock/clock_saml21/gclk.o
LOAD src/ASF/sam0/drivers/system/interrupt/system_interrupt.o
LOAD src/ASF/sam0/drivers/system/pinmux/pinmux.o
LOAD src/ASF/sam0/drivers/system/system.o
LOAD src/main.o
START GROUP
LOAD ../src/ASF/thirdparty/CMSIS/Lib/GCC\libarm_cortexM0l_math.a
LOAD c:/program files (x86)/atmel/studio/7.0/toolchain/arm/arm-gnu-toolchain/bin/../lib/gcc/arm-none-eabi/6.3.1/../../../../arm-none-eabi/lib/thumb/v6-m\libm.a
END GROUP
START GROUP
LOAD c:/program files (x86)/atmel/studio/7.0/toolchain/arm/arm-gnu-toolchain/bin/../lib/gcc/arm-none-eabi/6.3.1/thumb/v6-m\libgcc.a
LOAD c:/program files (x86)/atmel/studio/7.0/toolchain/arm/arm-gnu-toolchain/bin/../lib/gcc/arm-none-eabi/6.3.1/../../../../arm-none-eabi/lib/thumb/v6-m\libc_nano.a
END GROUP
START GROUP
LOAD c:/program files (x86)/atmel/studio/7.0/toolchain/arm/arm-gnu-toolchain/bin/../lib/gcc/arm-none-eabi/6.3.1/thumb/v6-m\libgcc.a
LOAD c:/program files (x86)/atmel/studio/7.0/toolchain/arm/arm-gnu-toolchain/bin/../lib/gcc/arm-none-eabi/6.3.1/../../../../arm-none-eabi/lib/thumb/v6-m\libc_nano.a
END GROUP
LOAD c:/program files (x86)/atmel/studio/7.0/toolchain/arm/arm-gnu-toolchain/bin/../lib/gcc/arm-none-eabi/6.3.1/thumb/v6-m/crtend.o
LOAD c:/program files (x86)/atmel/studio/7.0/toolchain/arm/arm-gnu-toolchain/bin/../lib/gcc/arm-none-eabi/6.3.1/thumb/v6-m/crtn.o
                0x00002000                STACK_SIZE = DEFINED (STACK_SIZE)?STACK_SIZE:DEFINED (__stack_size__)?__stack_size__:0x2000

.text           0x00000000    0x2bbdc
                0x00000000                . = ALIGN (0x4)
                0x00000000                _sfixed = .
 *(.vectors .vectors.*)
 .vectors       0x00000000       0xb4 src/ASF/sam0/utils/cmsis/saml21/source/gcc/startup_saml21.o
                0x00000000                exception_table
 *(.text .text.* .gnu.linkonce.t.*)
 .text          0x000000b4       0x60 c:/program files (x86)/atmel/studio/7.0/toolchain/arm/arm-gnu-toolchain/bin/../lib/gcc/arm-none-eabi/6.3.1/thumb/v6-m/crtbegin.o
 .text.system_board_init
                0x00000114        0xa src/ASF/common2/boards/user_board/init.o
                0x00000114                board_init
                0x00000114                system_board_init
 *fill*         0x0000011e        0x2 
 .text.udi_msc_enable
                0x00000120       0xb4 src/ASF/common/services/usb/class/msc/device/udi_msc.o
                0x00000120                udi_msc_enable
 .text.udi_msc_disable
                0x000001d4       0x30 src/ASF/common/services/usb/class/msc/device/udi_msc.o
                0x000001d4                udi_msc_disable
 .text.udi_msc_setup
                0x00000204       0xc4 src/ASF/common/services/usb/class/msc/device/udi_msc.o
                0x00000204                udi_msc_setup
 .text.udi_msc_getsetting
                0x000002c8        0xc src/ASF/common/services/usb/class/msc/device/udi_msc.o
                0x000002c8                udi_msc_getsetting
 .text.udi_msc_cbw_invalid
                0x000002d4       0x3c src/ASF/common/services/usb/class/msc/device/udi_msc.o
 .text.udi_msc_csw_invalid
                0x00000310       0x3c src/ASF/common/services/usb/class/msc/device/udi_msc.o
 .text.udi_msc_cbw_wait
                0x0000034c       0x4c src/ASF/common/services/usb/class/msc/device/udi_msc.o
 .text.udi_msc_cbw_received
                0x00000398      0x130 src/ASF/common/services/usb/class/msc/device/udi_msc.o
 .text.udi_msc_cbw_validate
                0x000004c8       0x50 src/ASF/common/services/usb/class/msc/device/udi_msc.o
 .text.udi_msc_data_send
                0x00000518       0x50 src/ASF/common/services/usb/class/msc/device/udi_msc.o
 .text.udi_msc_data_sent
                0x00000568       0x48 src/ASF/common/services/usb/class/msc/device/udi_msc.o
 .text.udi_msc_csw_process
                0x000005b0       0x50 src/ASF/common/services/usb/class/msc/device/udi_msc.o
 .text.udi_msc_csw_send
                0x00000600       0x4c src/ASF/common/services/usb/class/msc/device/udi_msc.o
                0x00000600                udi_msc_csw_send
 .text.udi_msc_csw_sent
                0x0000064c       0x28 src/ASF/common/services/usb/class/msc/device/udi_msc.o
 .text.udi_msc_clear_sense
                0x00000674       0x2c src/ASF/common/services/usb/class/msc/device/udi_msc.o
 .text.udi_msc_sense_fail
                0x000006a0       0x78 src/ASF/common/services/usb/class/msc/device/udi_msc.o
 .text.udi_msc_sense_pass
                0x00000718       0x1c src/ASF/common/services/usb/class/msc/device/udi_msc.o
 .text.udi_msc_sense_fail_not_present
                0x00000734       0x1c src/ASF/common/services/usb/class/msc/device/udi_msc.o
 .text.udi_msc_sense_fail_busy_or_change
                0x00000750       0x1c src/ASF/common/services/usb/class/msc/device/udi_msc.o
 .text.udi_msc_sense_fail_hardware
                0x0000076c       0x18 src/ASF/common/services/usb/class/msc/device/udi_msc.o
 .text.udi_msc_sense_fail_protected
                0x00000784       0x1c src/ASF/common/services/usb/class/msc/device/udi_msc.o
 .text.udi_msc_sense_fail_cdb_invalid
                0x000007a0       0x1c src/ASF/common/services/usb/class/msc/device/udi_msc.o
 .text.udi_msc_sense_command_invalid
                0x000007bc       0x1c src/ASF/common/services/usb/class/msc/device/udi_msc.o
 .text.udi_msc_spc_requestsense
                0x000007d8       0x60 src/ASF/common/services/usb/class/msc/device/udi_msc.o
 .text.udi_msc_spc_inquiry
                0x00000838      0x11c src/ASF/common/services/usb/class/msc/device/udi_msc.o
 .text.udi_msc_spc_testunitready_global
                0x00000954       0x50 src/ASF/common/services/usb/class/msc/device/udi_msc.o
 .text.udi_msc_spc_testunitready
                0x000009a4       0x28 src/ASF/common/services/usb/class/msc/device/udi_msc.o
 .text.udi_msc_spc_mode_sense
                0x000009cc      0x174 src/ASF/common/services/usb/class/msc/device/udi_msc.o
 .text.udi_msc_spc_prevent_allow_medium_removal
                0x00000b40       0x3c src/ASF/common/services/usb/class/msc/device/udi_msc.o
 .text.udi_msc_sbc_start_stop
                0x00000b7c       0x74 src/ASF/common/services/usb/class/msc/device/udi_msc.o
 .text.udi_msc_sbc_read_capacity
                0x00000bf0       0xa0 src/ASF/common/services/usb/class/msc/device/udi_msc.o
 .text.udi_msc_sbc_trans
                0x00000c90       0xe4 src/ASF/common/services/usb/class/msc/device/udi_msc.o
 .text.udi_msc_process_trans
                0x00000d74       0xdc src/ASF/common/services/usb/class/msc/device/udi_msc.o
                0x00000d74                udi_msc_process_trans
 .text.udi_msc_trans_ack
                0x00000e50       0x3c src/ASF/common/services/usb/class/msc/device/udi_msc.o
 .text.udi_msc_trans_block
                0x00000e8c       0xe8 src/ASF/common/services/usb/class/msc/device/udi_msc.o
                0x00000e8c                udi_msc_trans_block
 .text.udc_get_string_serial_name
                0x00000f74       0x10 src/ASF/common/services/usb/udc/udc.o
 .text.udc_get_eof_conf
                0x00000f84       0x28 src/ASF/common/services/usb/udc/udc.o
 .text.udc_next_desc_in_iface
                0x00000fac       0x64 src/ASF/common/services/usb/udc/udc.o
 .text.udc_update_iface_desc
                0x00001010       0xa4 src/ASF/common/services/usb/udc/udc.o
 .text.udc_iface_disable
                0x000010b4       0xb0 src/ASF/common/services/usb/udc/udc.o
 .text.udc_iface_enable
                0x00001164       0xb0 src/ASF/common/services/usb/udc/udc.o
 .text.udc_start
                0x00001214       0x14 src/ASF/common/services/usb/udc/udc.o
                0x00001214                udc_start
 .text.udc_stop
                0x00001228       0x1c src/ASF/common/services/usb/udc/udc.o
                0x00001228                udc_stop
 .text.udc_reset
                0x00001244       0x60 src/ASF/common/services/usb/udc/udc.o
                0x00001244                udc_reset
 .text.udc_sof_notify
                0x000012a4       0x6c src/ASF/common/services/usb/udc/udc.o
                0x000012a4                udc_sof_notify
 .text.udc_req_std_dev_get_status
                0x00001310       0x30 src/ASF/common/services/usb/udc/udc.o
 .text.udc_req_std_ep_get_status
                0x00001340       0x48 src/ASF/common/services/usb/udc/udc.o
 .text.udc_req_std_dev_clear_feature
                0x00001388       0x3c src/ASF/common/services/usb/udc/udc.o
 .text.udc_req_std_ep_clear_feature
                0x000013c4       0x38 src/ASF/common/services/usb/udc/udc.o
 .text.udc_req_std_dev_set_feature
                0x000013fc       0x2c src/ASF/common/services/usb/udc/udc.o
 .text.udc_req_std_ep_set_feature
                0x00001428       0x48 src/ASF/common/services/usb/udc/udc.o
 .text.udc_valid_address
                0x00001470       0x24 src/ASF/common/services/usb/udc/udc.o
 .text.udc_req_std_dev_set_address
                0x00001494       0x28 src/ASF/common/services/usb/udc/udc.o
 .text.udc_req_std_dev_get_str_desc
                0x000014bc       0xf8 src/ASF/common/services/usb/udc/udc.o
 .text.udc_req_std_dev_get_descriptor
                0x000015b4       0xfc src/ASF/common/services/usb/udc/udc.o
 .text.udc_req_std_dev_get_configuration
                0x000016b0       0x30 src/ASF/common/services/usb/udc/udc.o
 .text.udc_req_std_dev_set_configuration
                0x000016e0       0xd0 src/ASF/common/services/usb/udc/udc.o
 .text.udc_req_std_iface_get_setting
                0x000017b0       0xa4 src/ASF/common/services/usb/udc/udc.o
 .text.udc_req_std_iface_set_setting
                0x00001854       0x74 src/ASF/common/services/usb/udc/udc.o
 .text.udc_reqstd
                0x000018c8      0x15c src/ASF/common/services/usb/udc/udc.o
 .text.udc_req_iface
                0x00001a24       0xa8 src/ASF/common/services/usb/udc/udc.o
 .text.udc_req_ep
                0x00001acc       0xa0 src/ASF/common/services/usb/udc/udc.o
 .text.udc_process_setup
                0x00001b6c       0x90 src/ASF/common/services/usb/udc/udc.o
                0x00001b6c                udc_process_setup
 .text.cpu_irq_enter_critical
                0x00001bfc       0x54 src/ASF/common/utils/interrupt/interrupt_sam_nvic.o
                0x00001bfc                cpu_irq_enter_critical
 .text.cpu_irq_leave_critical
                0x00001c50       0x40 src/ASF/common/utils/interrupt/interrupt_sam_nvic.o
                0x00001c50                cpu_irq_leave_critical
 .text.cpu_irq_save
                0x00001c90       0x30 src/ASF/sam0/drivers/usb/stack_interface/usb_device_udd.o
 .text.cpu_irq_is_enabled_flags
                0x00001cc0       0x18 src/ASF/sam0/drivers/usb/stack_interface/usb_device_udd.o
 .text.cpu_irq_restore
                0x00001cd8       0x30 src/ASF/sam0/drivers/usb/stack_interface/usb_device_udd.o
 .text.usb_device_attach
                0x00001d08       0x24 src/ASF/sam0/drivers/usb/stack_interface/usb_device_udd.o
 .text.usb_device_detach
                0x00001d2c       0x24 src/ASF/sam0/drivers/usb/stack_interface/usb_device_udd.o
 .text.usb_device_get_address
                0x00001d50       0x1c src/ASF/sam0/drivers/usb/stack_interface/usb_device_udd.o
 .text.usb_device_set_address
                0x00001d6c       0x28 src/ASF/sam0/drivers/usb/stack_interface/usb_device_udd.o
 .text.usb_device_set_lpm_mode
                0x00001d94       0x40 src/ASF/sam0/drivers/usb/stack_interface/usb_device_udd.o
 .text.sleepmgr_lock_mode
                0x00001dd4       0x50 src/ASF/sam0/drivers/usb/stack_interface/usb_device_udd.o
 .text.sleepmgr_unlock_mode
                0x00001e24       0x50 src/ASF/sam0/drivers/usb/stack_interface/usb_device_udd.o
 .text.udd_wait_clock_ready
                0x00001e74       0x48 src/ASF/sam0/drivers/usb/stack_interface/usb_device_udd.o
 .text.udd_sleep_mode
                0x00001ebc       0x78 src/ASF/sam0/drivers/usb/stack_interface/usb_device_udd.o
 .text.udd_ep_get_job
                0x00001f34       0x54 src/ASF/sam0/drivers/usb/stack_interface/usb_device_udd.o
 .text.udd_ep_trans_in_next
                0x00001f88      0x188 src/ASF/sam0/drivers/usb/stack_interface/usb_device_udd.o
 .text.udd_ep_trans_out_next
                0x00002110      0x1d8 src/ASF/sam0/drivers/usb/stack_interface/usb_device_udd.o
 .text.udd_ep_transfer_process
                0x000022e8       0x48 src/ASF/sam0/drivers/usb/stack_interface/usb_device_udd.o
 .text.udd_ep_abort
                0x00002330       0x70 src/ASF/sam0/drivers/usb/stack_interface/usb_device_udd.o
                0x00002330                udd_ep_abort
 .text.udd_ep_free
                0x000023a0       0x8c src/ASF/sam0/drivers/usb/stack_interface/usb_device_udd.o
                0x000023a0                udd_ep_free
 .text.udd_ep_alloc
                0x0000242c      0x1a8 src/ASF/sam0/drivers/usb/stack_interface/usb_device_udd.o
                0x0000242c                udd_ep_alloc
 .text.udd_ep_is_halted
                0x000025d4       0x2c src/ASF/sam0/drivers/usb/stack_interface/usb_device_udd.o
                0x000025d4                udd_ep_is_halted
 .text.udd_ep_set_halt
                0x00002600       0x58 src/ASF/sam0/drivers/usb/stack_interface/usb_device_udd.o
                0x00002600                udd_ep_set_halt
 .text.udd_ep_clear_halt
                0x00002658       0x78 src/ASF/sam0/drivers/usb/stack_interface/usb_device_udd.o
                0x00002658                udd_ep_clear_halt
 .text.udd_ep_wait_stall_clear
                0x000026d0       0xa4 src/ASF/sam0/drivers/usb/stack_interface/usb_device_udd.o
                0x000026d0                udd_ep_wait_stall_clear
 .text.udd_ctrl_stall_data
                0x00002774       0x34 src/ASF/sam0/drivers/usb/stack_interface/usb_device_udd.o
 .text.udd_ep_run
                0x000027a8      0x2e8 src/ASF/sam0/drivers/usb/stack_interface/usb_device_udd.o
                0x000027a8                udd_ep_run
 .text.udd_set_address
                0x00002a90       0x2c src/ASF/sam0/drivers/usb/stack_interface/usb_device_udd.o
                0x00002a90                udd_set_address
 .text.udd_getaddress
                0x00002abc       0x1c src/ASF/sam0/drivers/usb/stack_interface/usb_device_udd.o
                0x00002abc                udd_getaddress
 .text.udd_set_setup_payload
                0x00002ad8       0x28 src/ASF/sam0/drivers/usb/stack_interface/usb_device_udd.o
                0x00002ad8                udd_set_setup_payload
 .text.udd_ctrl_fetch_ram
                0x00002b00       0x6c src/ASF/sam0/drivers/usb/stack_interface/usb_device_udd.o
 .text.udd_ctrl_send_zlp_in
                0x00002b6c       0x44 src/ASF/sam0/drivers/usb/stack_interface/usb_device_udd.o
 .text.udd_ctrl_in_sent
                0x00002bb0       0xec src/ASF/sam0/drivers/usb/stack_interface/usb_device_udd.o
 .text.udd_ctrl_out_received
                0x00002c9c      0x154 src/ASF/sam0/drivers/usb/stack_interface/usb_device_udd.o
 .text._usb_ep0_on_setup
                0x00002df0       0xe4 src/ASF/sam0/drivers/usb/stack_interface/usb_device_udd.o
 .text.udd_ctrl_underflow
                0x00002ed4       0x48 src/ASF/sam0/drivers/usb/stack_interface/usb_device_udd.o
 .text.udd_ctrl_overflow
                0x00002f1c       0x48 src/ASF/sam0/drivers/usb/stack_interface/usb_device_udd.o
 .text._usb_ep0_on_tansfer_fail
                0x00002f64       0x3c src/ASF/sam0/drivers/usb/stack_interface/usb_device_udd.o
 .text._usb_ep0_on_tansfer_ok
                0x00002fa0       0x58 src/ASF/sam0/drivers/usb/stack_interface/usb_device_udd.o
 .text.udd_ctrl_ep_enable
                0x00002ff8       0xc0 src/ASF/sam0/drivers/usb/stack_interface/usb_device_udd.o
 .text._usb_on_suspend
                0x000030b8       0x3c src/ASF/sam0/drivers/usb/stack_interface/usb_device_udd.o
 .text._usb_device_lpm_suspend
                0x000030f4       0x4c src/ASF/sam0/drivers/usb/stack_interface/usb_device_udd.o
 .text._usb_on_sof_notify
                0x00003140       0x1c src/ASF/sam0/drivers/usb/stack_interface/usb_device_udd.o
 .text._usb_on_bus_reset
                0x0000315c       0x34 src/ASF/sam0/drivers/usb/stack_interface/usb_device_udd.o
 .text._usb_on_wakeup
                0x00003190       0x64 src/ASF/sam0/drivers/usb/stack_interface/usb_device_udd.o
 .text.udd_detach
                0x000031f4       0x24 src/ASF/sam0/drivers/usb/stack_interface/usb_device_udd.o
                0x000031f4                udd_detach
 .text.udd_attach
                0x00003218       0xb0 src/ASF/sam0/drivers/usb/stack_interface/usb_device_udd.o
                0x00003218                udd_attach
 .text.udd_enable
                0x000032c8       0x74 src/ASF/sam0/drivers/usb/stack_interface/usb_device_udd.o
                0x000032c8                udd_enable
 .text.udd_disable
                0x0000333c       0x38 src/ASF/sam0/drivers/usb/stack_interface/usb_device_udd.o
                0x0000333c                udd_disable
 .text.usb_dual_disable
                0x00003374       0x24 src/ASF/sam0/drivers/usb/stack_interface/usb_dual.o
                0x00003374                usb_dual_disable
 .text.system_gclk_chan_get_config_defaults
                0x00003398       0x16 src/ASF/sam0/drivers/usb/usb_sam_l/usb.o
 *fill*         0x000033ae        0x2 
 .text.system_apb_clock_set_mask
                0x000033b0       0x7c src/ASF/sam0/drivers/usb/usb_sam_l/usb.o
 .text.system_pinmux_get_config_defaults
                0x0000342c       0x28 src/ASF/sam0/drivers/usb/usb_sam_l/usb.o
 .text.system_interrupt_enable
                0x00003454       0x2c src/ASF/sam0/drivers/usb/usb_sam_l/usb.o
 .text._usb_host_interrupt_handler
                0x00003480      0x67c src/ASF/sam0/drivers/usb/usb_sam_l/usb.o
 .text.usb_device_register_callback
                0x00003afc       0x50 src/ASF/sam0/drivers/usb/usb_sam_l/usb.o
                0x00003afc                usb_device_register_callback
 .text.usb_device_enable_callback
                0x00003b4c       0x5c src/ASF/sam0/drivers/usb/usb_sam_l/usb.o
                0x00003b4c                usb_device_enable_callback
 .text.usb_device_disable_callback
                0x00003ba8       0x54 src/ASF/sam0/drivers/usb/usb_sam_l/usb.o
                0x00003ba8                usb_device_disable_callback
 .text.usb_device_endpoint_register_callback
                0x00003bfc       0x80 src/ASF/sam0/drivers/usb/usb_sam_l/usb.o
                0x00003bfc                usb_device_endpoint_register_callback
 .text.usb_device_endpoint_unregister_callback
                0x00003c7c       0x78 src/ASF/sam0/drivers/usb/usb_sam_l/usb.o
                0x00003c7c                usb_device_endpoint_unregister_callback
 .text.usb_device_endpoint_enable_callback
                0x00003cf4      0x19c src/ASF/sam0/drivers/usb/usb_sam_l/usb.o
                0x00003cf4                usb_device_endpoint_enable_callback
 .text.usb_device_endpoint_disable_callback
                0x00003e90      0x1a4 src/ASF/sam0/drivers/usb/usb_sam_l/usb.o
                0x00003e90                usb_device_endpoint_disable_callback
 .text.usb_device_endpoint_get_config_defaults
                0x00004034       0x28 src/ASF/sam0/drivers/usb/usb_sam_l/usb.o
                0x00004034                usb_device_endpoint_get_config_defaults
 .text.usb_device_endpoint_set_config
                0x0000405c      0x4f8 src/ASF/sam0/drivers/usb/usb_sam_l/usb.o
                0x0000405c                usb_device_endpoint_set_config
 .text.usb_device_endpoint_is_configured
                0x00004554       0x74 src/ASF/sam0/drivers/usb/usb_sam_l/usb.o
                0x00004554                usb_device_endpoint_is_configured
 .text.usb_device_endpoint_abort_job
                0x000045c8       0x88 src/ASF/sam0/drivers/usb/usb_sam_l/usb.o
                0x000045c8                usb_device_endpoint_abort_job
 .text.usb_device_endpoint_is_halted
                0x00004650       0x74 src/ASF/sam0/drivers/usb/usb_sam_l/usb.o
                0x00004650                usb_device_endpoint_is_halted
 .text.usb_device_endpoint_set_halt
                0x000046c4       0x5c src/ASF/sam0/drivers/usb/usb_sam_l/usb.o
                0x000046c4                usb_device_endpoint_set_halt
 .text.usb_device_endpoint_clear_halt
                0x00004720      0x12c src/ASF/sam0/drivers/usb/usb_sam_l/usb.o
                0x00004720                usb_device_endpoint_clear_halt
 .text.usb_device_endpoint_write_buffer_job
                0x0000484c       0xb4 src/ASF/sam0/drivers/usb/usb_sam_l/usb.o
                0x0000484c                usb_device_endpoint_write_buffer_job
 .text.usb_device_endpoint_read_buffer_job
                0x00004900       0xb0 src/ASF/sam0/drivers/usb/usb_sam_l/usb.o
                0x00004900                usb_device_endpoint_read_buffer_job
 .text.usb_device_endpoint_setup_buffer_job
                0x000049b0       0x48 src/ASF/sam0/drivers/usb/usb_sam_l/usb.o
                0x000049b0                usb_device_endpoint_setup_buffer_job
 .text._usb_device_interrupt_handler
                0x000049f8      0x580 src/ASF/sam0/drivers/usb/usb_sam_l/usb.o
 .text.usb_enable
                0x00004f78       0x32 src/ASF/sam0/drivers/usb/usb_sam_l/usb.o
                0x00004f78                usb_enable
 *fill*         0x00004faa        0x2 
 .text.USB_Handler
                0x00004fac       0x34 src/ASF/sam0/drivers/usb/usb_sam_l/usb.o
                0x00004fac                USB_Handler
 .text.usb_get_config_defaults
                0x00004fe0       0x28 src/ASF/sam0/drivers/usb/usb_sam_l/usb.o
                0x00004fe0                usb_get_config_defaults
 .text.usb_init
                0x00005008      0x338 src/ASF/sam0/drivers/usb/usb_sam_l/usb.o
                0x00005008                usb_init
 .text.system_apb_clock_set_mask
                0x00005340       0x7c src/ASF/sam0/drivers/wdt/wdt.o
 .text.wdt_is_syncing
                0x000053bc       0x24 src/ASF/sam0/drivers/wdt/wdt.o
 .text.wdt_is_locked
                0x000053e0       0x28 src/ASF/sam0/drivers/wdt/wdt.o
 .text.wdt_set_config
                0x00005408      0x138 src/ASF/sam0/drivers/wdt/wdt.o
                0x00005408                wdt_set_config
 .text.wdt_reset_count
                0x00005540       0x2c src/ASF/sam0/drivers/wdt/wdt.o
                0x00005540                wdt_reset_count
 .text.wdt_clear_early_warning
                0x0000556c       0x1c src/ASF/sam0/drivers/wdt/wdt_callback.o
 .text.WDT_Handler
                0x00005588       0x24 src/ASF/sam0/drivers/wdt/wdt_callback.o
                0x00005588                WDT_Handler
 .text.Reset_Handler
                0x000055ac       0x94 src/ASF/sam0/utils/cmsis/saml21/source/gcc/startup_saml21.o
                0x000055ac                Reset_Handler
 .text.Dummy_Handler
                0x00005640        0x6 src/ASF/sam0/utils/cmsis/saml21/source/gcc/startup_saml21.o
                0x00005640                DMAC_Handler
                0x00005640                TRNG_Handler
                0x00005640                HardFault_Handler
                0x00005640                AC_Handler
                0x00005640                SysTick_Handler
                0x00005640                PendSV_Handler
                0x00005640                NMI_Handler
                0x00005640                ADC_Handler
                0x00005640                TCC1_Handler
                0x00005640                TCC0_Handler
                0x00005640                Dummy_Handler
                0x00005640                SVC_Handler
                0x00005640                TCC2_Handler
                0x00005640                EVSYS_Handler
                0x00005640                NVMCTRL_Handler
                0x00005640                SYSTEM_Handler
                0x00005640                DAC_Handler
                0x00005640                PTC_Handler
                0x00005640                AES_Handler
 *fill*         0x00005646        0x2 
 .text._sbrk    0x00005648       0x3c src/ASF/sam0/utils/syscalls/gcc/syscalls.o
                0x00005648                _sbrk
 .text.disk_initialize
                0x00005684       0x7c src/ASF/thirdparty/fatfs/fatfs-port-r0.09/diskio.o
                0x00005684                disk_initialize
 .text.disk_status
                0x00005700       0x38 src/ASF/thirdparty/fatfs/fatfs-port-r0.09/diskio.o
                0x00005700                disk_status
 .text.disk_read
                0x00005738       0xd8 src/ASF/thirdparty/fatfs/fatfs-port-r0.09/diskio.o
                0x00005738                disk_read
 .text.disk_write
                0x00005810       0xd8 src/ASF/thirdparty/fatfs/fatfs-port-r0.09/diskio.o
                0x00005810                disk_write
 .text.disk_ioctl
                0x000058e8       0xf8 src/ASF/thirdparty/fatfs/fatfs-port-r0.09/diskio.o
                0x000058e8                disk_ioctl
 .text.get_fattime
                0x000059e0       0x7c src/ASF/thirdparty/fatfs/fatfs-port-r0.09/sam0/fattime_rtc.o
                0x000059e0                get_fattime
 .text.mem_cpy  0x00005a5c       0x38 src/ASF/thirdparty/fatfs/fatfs-r0.09/src/ff.o
 .text.mem_set  0x00005a94       0x30 src/ASF/thirdparty/fatfs/fatfs-r0.09/src/ff.o
 .text.mem_cmp  0x00005ac4       0x4a src/ASF/thirdparty/fatfs/fatfs-r0.09/src/ff.o
 .text.chk_chr  0x00005b0e       0x32 src/ASF/thirdparty/fatfs/fatfs-r0.09/src/ff.o
 .text.move_window
                0x00005b40       0xc8 src/ASF/thirdparty/fatfs/fatfs-r0.09/src/ff.o
 .text.sync     0x00005c08      0x198 src/ASF/thirdparty/fatfs/fatfs-r0.09/src/ff.o
 .text.clust2sect
                0x00005da0       0x38 src/ASF/thirdparty/fatfs/fatfs-r0.09/src/ff.o
 .text.get_fat  0x00005dd8      0x16c src/ASF/thirdparty/fatfs/fatfs-r0.09/src/ff.o
 .text.put_fat  0x00005f44      0x23c src/ASF/thirdparty/fatfs/fatfs-r0.09/src/ff.o
 .text.remove_chain
                0x00006180       0xc8 src/ASF/thirdparty/fatfs/fatfs-r0.09/src/ff.o
 .text.create_chain
                0x00006248      0x13c src/ASF/thirdparty/fatfs/fatfs-r0.09/src/ff.o
 .text.dir_sdi  0x00006384      0x130 src/ASF/thirdparty/fatfs/fatfs-r0.09/src/ff.o
 .text.dir_next
                0x000064b4      0x1f0 src/ASF/thirdparty/fatfs/fatfs-r0.09/src/ff.o
 .text.cmp_lfn  0x000066a4      0x104 src/ASF/thirdparty/fatfs/fatfs-r0.09/src/ff.o
 .text.fit_lfn  0x000067a8      0x110 src/ASF/thirdparty/fatfs/fatfs-r0.09/src/ff.o
 .text.gen_numname
                0x000068b8      0x100 src/ASF/thirdparty/fatfs/fatfs-r0.09/src/ff.o
 .text.sum_sfn  0x000069b8       0x4e src/ASF/thirdparty/fatfs/fatfs-r0.09/src/ff.o
 *fill*         0x00006a06        0x2 
 .text.dir_find
                0x00006a08      0x1fc src/ASF/thirdparty/fatfs/fatfs-r0.09/src/ff.o
 .text.dir_register
                0x00006c04      0x368 src/ASF/thirdparty/fatfs/fatfs-r0.09/src/ff.o
 .text.create_name
                0x00006f6c      0x448 src/ASF/thirdparty/fatfs/fatfs-r0.09/src/ff.o
 .text.follow_path
                0x000073b4      0x138 src/ASF/thirdparty/fatfs/fatfs-r0.09/src/ff.o
 .text.check_fs
                0x000074ec       0xd4 src/ASF/thirdparty/fatfs/fatfs-r0.09/src/ff.o
 .text.chk_mounted
                0x000075c0      0x5fc src/ASF/thirdparty/fatfs/fatfs-r0.09/src/ff.o
 .text.validate
                0x00007bbc       0x54 src/ASF/thirdparty/fatfs/fatfs-r0.09/src/ff.o
 .text.f_mount  0x00007c10       0x58 src/ASF/thirdparty/fatfs/fatfs-r0.09/src/ff.o
                0x00007c10                f_mount
 .text.f_open   0x00007c68      0x530 src/ASF/thirdparty/fatfs/fatfs-r0.09/src/ff.o
                0x00007c68                f_open
 .text.f_read   0x00008198      0x2ec src/ASF/thirdparty/fatfs/fatfs-r0.09/src/ff.o
                0x00008198                f_read
 .text.f_write  0x00008484      0x350 src/ASF/thirdparty/fatfs/fatfs-r0.09/src/ff.o
                0x00008484                f_write
 .text.f_sync   0x000087d4      0x1bc src/ASF/thirdparty/fatfs/fatfs-r0.09/src/ff.o
                0x000087d4                f_sync
 .text.f_close  0x00008990       0x3c src/ASF/thirdparty/fatfs/fatfs-r0.09/src/ff.o
                0x00008990                f_close
 .text.f_lseek  0x000089cc      0x2f0 src/ASF/thirdparty/fatfs/fatfs-r0.09/src/ff.o
                0x000089cc                f_lseek
 .text.ff_convert
                0x00008cbc       0xac src/ASF/thirdparty/fatfs/fatfs-r0.09/src/option/ccsbcs.o
                0x00008cbc                ff_convert
 .text.ff_wtoupper
                0x00008d68       0x60 src/ASF/thirdparty/fatfs/fatfs-r0.09/src/option/ccsbcs.o
                0x00008d68                ff_wtoupper
 .text.backlightCustomAdjust
                0x00008dc8       0x90 src/backlight.o
                0x00008dc8                backlightCustomAdjust
 .text.backlightColorToggle
                0x00008e58       0x38 src/backlight.o
                0x00008e58                backlightColorToggle
 .text.backlightPlus
                0x00008e90       0x30 src/backlight.o
                0x00008e90                backlightPlus
 .text.backlightMinus
                0x00008ec0       0x30 src/backlight.o
                0x00008ec0                backlightMinus
 .text.backlightLevelToggle
                0x00008ef0       0x38 src/backlight.o
                0x00008ef0                backlightLevelToggle
 .text.backlightGetCurrentColor
                0x00008f28       0x28 src/backlight.o
                0x00008f28                backlightGetCurrentColor
 .text.backlightOn
                0x00008f50      0x284 src/backlight.o
                0x00008f50                backlightOn
 .text.backlightOff
                0x000091d4       0xe4 src/backlight.o
                0x000091d4                backlightOff
 .text.setup_batt
                0x000092b8       0x64 src/batteryManagement.o
                0x000092b8                setup_batt
 .text.config_batt
                0x0000931c      0x168 src/batteryManagement.o
                0x0000931c                config_batt
 .text.getBatteryLevel
                0x00009484       0x7c src/batteryManagement.o
                0x00009484                getBatteryLevel
 .text.setChargeCurrent
                0x00009500       0x40 src/batteryManagement.o
                0x00009500                setChargeCurrent
 .text.getChargerStatus
                0x00009540       0x30 src/batteryManagement.o
                0x00009540                getChargerStatus
 .text.getChargerRegister
                0x00009570       0x30 src/batteryManagement.o
                0x00009570                getChargerRegister
 .text.bin2str  0x000095a0       0x86 src/batteryManagement.o
                0x000095a0                bin2str
 .text.arch_ioport_pin_to_port_id
                0x00009626       0x14 src/BLE_func.o
 *fill*         0x0000963a        0x2 
 .text.arch_ioport_port_to_base
                0x0000963c       0x20 src/BLE_func.o
 .text.arch_ioport_pin_to_base
                0x0000965c       0x2c src/BLE_func.o
 .text.arch_ioport_pin_to_mask
                0x00009688       0x1c src/BLE_func.o
 .text.arch_ioport_set_pin_dir
                0x000096a4       0x84 src/BLE_func.o
 .text.arch_ioport_set_pin_level
                0x00009728       0x54 src/BLE_func.o
 .text.ioport_set_pin_dir
                0x0000977c       0x28 src/BLE_func.o
 .text.ioport_set_pin_level
                0x000097a4       0x28 src/BLE_func.o
 .text.BLE_handleMessage
                0x000097cc       0x94 src/BLE_func.o
                0x000097cc                BLE_handleMessage
 .text.ble_error
                0x00009860      0x130 src/BLE_func.o
                0x00009860                ble_error
 .text.BLE_init
                0x00009990      0x1b8 src/BLE_func.o
                0x00009990                BLE_init
 .text.BLE_sendMeas
                0x00009b48       0xd0 src/BLE_func.o
                0x00009b48                BLE_sendMeas
 .text.system_gclk_gen_get_config_defaults
                0x00009c18       0x2e src/clockSetup.o
 .text.system_gclk_chan_get_config_defaults
                0x00009c46       0x16 src/clockSetup.o
 .text.system_clock_source_xosc32k_get_config_defaults
                0x00009c5c       0x42 src/clockSetup.o
 .text.system_clock_source_dfll_get_config_defaults
                0x00009c9e       0x58 src/clockSetup.o
 .text.system_switch_performance_level
                0x00009cf6       0x5c src/clockSetup.o
 *fill*         0x00009d52        0x2 
 .text.clock_32k_source
                0x00009d54       0x60 src/clockSetup.o
                0x00009d54                clock_32k_source
 .text.mainClockPowerdown
                0x00009db4       0x74 src/clockSetup.o
                0x00009db4                mainClockPowerdown
 .text.mainClockPowerup
                0x00009e28       0x6c src/clockSetup.o
                0x00009e28                mainClockPowerup
 .text.DFLL_Enable
                0x00009e94       0xf4 src/clockSetup.o
                0x00009e94                DFLL_Enable
 .text.get_time
                0x00009f88      0x124 src/clockSetup.o
                0x00009f88                get_time
 .text.set_time
                0x0000a0ac       0x60 src/clockSetup.o
                0x0000a0ac                set_time
 .text.ext_osc_onoff
                0x0000a10c      0x12c src/clockSetup.o
                0x0000a10c                ext_osc_onoff
 .text.gen_posix_time
                0x0000a238       0xf8 src/clockSetup.o
                0x0000a238                gen_posix_time
 .text.incBcdData
                0x0000a330       0xb0 src/clockSetup.o
                0x0000a330                incBcdData
 .text.int2bcd  0x0000a3e0       0x88 src/clockSetup.o
                0x0000a3e0                int2bcd
 .text.bcd2int  0x0000a468       0x62 src/clockSetup.o
                0x0000a468                bcd2int
 *fill*         0x0000a4ca        0x2 
 .text.getDispX
                0x0000a4cc      0x148 src/dispFunctions.o
                0x0000a4cc                getDispX
 .text.drawBox  0x0000a614       0x8c src/dispFunctions.o
                0x0000a614                drawBox
 .text.drawSoftKeys
                0x0000a6a0      0x22c src/dispFunctions.o
                0x0000a6a0                drawSoftKeys
 .text.draw2LineSoftKey
                0x0000a8cc       0xcc src/dispFunctions.o
                0x0000a8cc                draw2LineSoftKey
 .text.EEPROM_get_address
                0x0000a998       0x48 src/EEPROM.o
                0x0000a998                EEPROM_get_address
 .text.EEPROM_saveCalRawData
                0x0000a9e0       0xbc src/EEPROM.o
                0x0000a9e0                EEPROM_saveCalRawData
 .text.EEPROM_loadCalRawData
                0x0000aa9c       0xbc src/EEPROM.o
                0x0000aa9c                EEPROM_loadCalRawData
 .text.load_user_settings
                0x0000ab58       0x4c src/EEPROM.o
                0x0000ab58                load_user_settings
 .text.save_user_settings
                0x0000aba4       0x20 src/EEPROM.o
                0x0000aba4                save_user_settings
 .text.load_calibration
                0x0000abc4       0xc8 src/EEPROM.o
                0x0000abc4                load_calibration
 .text.save_calibration
                0x0000ac8c       0x98 src/EEPROM.o
                0x0000ac8c                save_calibration
 .text.save_cal_report
                0x0000ad24       0x20 src/EEPROM.o
                0x0000ad24                save_cal_report
 .text.load_cal_report
                0x0000ad44       0x20 src/EEPROM.o
                0x0000ad44                load_cal_report
 .text.EEPROM_read
                0x0000ad64       0xc8 src/EEPROM.o
                0x0000ad64                EEPROM_read
 .text.EEPROM_write
                0x0000ae2c      0x188 src/EEPROM.o
                0x0000ae2c                EEPROM_write
 .text.calc_orientation
                0x0000afb4       0xf4 src/mathBRIC.o
                0x0000afb4                calc_orientation
 .text.calc_azm_inc_roll_dec
                0x0000b0a8      0x1a8 src/mathBRIC.o
                0x0000b0a8                calc_azm_inc_roll_dec
 .text.calc_mag_stdev
                0x0000b250      0x17c src/mathBRIC.o
                0x0000b250                calc_mag_stdev
 .text.calc_disp_stdev
                0x0000b3cc       0xe8 src/mathBRIC.o
                0x0000b3cc                calc_disp_stdev
 .text.rotvec_theta_XY
                0x0000b4b4      0x1f8 src/mathBRIC.o
                0x0000b4b4                rotvec_theta_XY
 .text.mat_mult_33_31
                0x0000b6ac      0x10c src/mathBRIC.o
                0x0000b6ac                mat_mult_33_31
 .text.calc_theta_XY
                0x0000b7b8      0x11c src/mathBRIC.o
                0x0000b7b8                calc_theta_XY
 .text.stdev    0x0000b8d4      0x100 src/mathBRIC.o
                0x0000b8d4                stdev
 .text.meanArr  0x0000b9d4       0x78 src/mathBRIC.o
                0x0000b9d4                meanArr
 .text.inverse  0x0000ba4c      0x3c4 src/mathBRIC.o
                0x0000ba4c                inverse
 .text.transpose
                0x0000be10      0x158 src/mathBRIC.o
                0x0000be10                transpose
 .text.determinant
                0x0000bf68      0x1e0 src/mathBRIC.o
                0x0000bf68                determinant
 .text.SD_add_cal_history
                0x0000c148      0xb9c src/SDcardBRIC.o
                0x0000c148                SD_add_cal_history
 .text.SD_write_report
                0x0000cce4      0xf4c src/SDcardBRIC.o
                0x0000cce4                SD_write_report
 .text.SD_save_raw_data
                0x0000dc30      0x364 src/SDcardBRIC.o
                0x0000dc30                SD_save_raw_data
 .text.save_measurement
                0x0000df94      0x394 src/SDcardBRIC.o
                0x0000df94                save_measurement
 .text.configure_SD
                0x0000e328       0x3c src/SDcardBRIC.o
                0x0000e328                configure_SD
 .text.getSN    0x0000e364      0x114 src/SDcardBRIC.o
                0x0000e364                getSN
 .text.arch_ioport_pin_to_port_id
                0x0000e478       0x14 src/sensors.o
 .text.arch_ioport_port_to_base
                0x0000e48c       0x20 src/sensors.o
 .text.arch_ioport_pin_to_base
                0x0000e4ac       0x2c src/sensors.o
 .text.arch_ioport_pin_to_mask
                0x0000e4d8       0x1c src/sensors.o
 .text.arch_ioport_set_pin_level
                0x0000e4f4       0x54 src/sensors.o
 .text.ioport_set_pin_level
                0x0000e548       0x28 src/sensors.o
 .text.isLaserOn
                0x0000e570       0x14 src/sensors.o
                0x0000e570                isLaserOn
 .text.calc_magnitude
                0x0000e584       0xb4 src/sensors.o
                0x0000e584                calc_magnitude
 .text.quick_measurement
                0x0000e638       0xbc src/sensors.o
                0x0000e638                quick_measurement
 .text.full_measurement
                0x0000e6f4      0x514 src/sensors.o
                0x0000e6f4                full_measurement
 .text.laser_delay
                0x0000ec08       0x58 src/sensors.o
                0x0000ec08                laser_delay
 .text.laser_beep
                0x0000ec60       0x3c src/sensors.o
                0x0000ec60                laser_beep
 .text.laser_parse_buffer
                0x0000ec9c      0x2f0 src/sensors.o
                0x0000ec9c                laser_parse_buffer
 .text.rangefinder_on_off
                0x0000ef8c       0x48 src/sensors.o
                0x0000ef8c                rangefinder_on_off
 .text.laser_on_off
                0x0000efd4       0x7c src/sensors.o
                0x0000efd4                laser_on_off
 .text.read_accel
                0x0000f050      0x18c src/sensors.o
                0x0000f050                read_accel
 .text.parse_acc_data
                0x0000f1dc       0x60 src/sensors.o
                0x0000f1dc                parse_acc_data
 .text.setup_accel
                0x0000f23c       0x7c src/sensors.o
                0x0000f23c                setup_accel
 .text.read_mag_double
                0x0000f2b8      0x230 src/sensors.o
                0x0000f2b8                read_mag_double
 .text.parse_mag_arr
                0x0000f4e8      0x134 src/sensors.o
                0x0000f4e8                parse_mag_arr
 .text.setup_mag
                0x0000f61c      0x14c src/sensors.o
                0x0000f61c                setup_mag
 .text.adjustErrorSensitivity
                0x0000f768       0x70 src/sensors.o
                0x0000f768                adjustErrorSensitivity
 .text.increment_error_count
                0x0000f7d8       0x48 src/sensors.o
                0x0000f7d8                increment_error_count
 .text.error_check
                0x0000f820      0x7f4 src/sensors.o
                0x0000f820                error_check
 .text.gen_err_message
                0x00010014      0x2d0 src/sensors.o
                0x00010014                gen_err_message
 .text.arch_ioport_pin_to_port_id
                0x000102e4       0x14 src/timers.o
 .text.arch_ioport_port_to_base
                0x000102f8       0x20 src/timers.o
 .text.arch_ioport_pin_to_base
                0x00010318       0x2c src/timers.o
 .text.arch_ioport_pin_to_mask
                0x00010344       0x1c src/timers.o
 .text.arch_ioport_get_pin_level
                0x00010360       0x38 src/timers.o
 .text.ioport_get_pin_level
                0x00010398       0x20 src/timers.o
 .text.system_interrupt_enable
                0x000103b8       0x2c src/timers.o
 .text.tc_is_syncing
                0x000103e4       0x20 src/timers.o
 .text.tc_get_config_defaults
                0x00010404       0xa2 src/timers.o
 *fill*         0x000104a6        0x2 
 .text.tc_enable
                0x000104a8       0x34 src/timers.o
 .text.tc_disable
                0x000104dc       0x44 src/timers.o
 .text.tc_stop_counter
                0x00010520       0x30 src/timers.o
 .text.tc_start_counter
                0x00010550       0x44 src/timers.o
 .text._tc_interrupt_get_interrupt_vector
                0x00010594       0x20 src/timers.o
 .text.tc_enable_callback
                0x000105b4       0xac src/timers.o
 .text.wdt_get_config_defaults
                0x00010660       0x2e src/timers.o
 *fill*         0x0001068e        0x2 
 .text.wdt_enable
                0x00010690       0x2c src/timers.o
                0x00010690                wdt_enable
 .text.wdt_disable
                0x000106bc       0x2c src/timers.o
                0x000106bc                wdt_disable
 .text.idle_timeout
                0x000106e8       0x54 src/timers.o
                0x000106e8                idle_timeout
 .text.laser_timeout
                0x0001073c       0x54 src/timers.o
                0x0001073c                laser_timeout
 .text.configure_timer_1s
                0x00010790       0xac src/timers.o
                0x00010790                configure_timer_1s
 .text.configure_timer_counter
                0x0001083c       0x90 src/timers.o
                0x0001083c                configure_timer_counter
 .text.configure_timer_ExtLong
                0x000108cc       0xc0 src/timers.o
                0x000108cc                configure_timer_ExtLong
 .text.timer_callback_1s
                0x0001098c       0x14 src/timers.o
                0x0001098c                timer_callback_1s
 .text.timer_callback_longbutton
                0x000109a0       0x4c src/timers.o
                0x000109a0                timer_callback_longbutton
 .text.getCurrentMs
                0x000109ec       0x20 src/timers.o
                0x000109ec                getCurrentMs
 .text.timerStartExt
                0x00010a0c       0x28 src/timers.o
                0x00010a0c                timerStartExt
 .text.timerStopExt
                0x00010a34       0x1c src/timers.o
                0x00010a34                timerStopExt
 .text.powerdown_timer_1s
                0x00010a50       0x1c src/timers.o
                0x00010a50                powerdown_timer_1s
 .text.powerdown_timer_ExtLong
                0x00010a6c       0x1c src/timers.o
                0x00010a6c                powerdown_timer_ExtLong
 .text.SDMMC_UNSTUFF_BITS
                0x00010a88      0x15c src/ASF/common2/components/memory/sd_mmc/sd_mmc.o
 .text.mmc_spi_op_cond
                0x00010be4       0xac src/ASF/common2/components/memory/sd_mmc/sd_mmc.o
 .text.sd_spi_op_cond
                0x00010c90       0xe4 src/ASF/common2/components/memory/sd_mmc/sd_mmc.o
 .text.sdio_op_cond
                0x00010d74        0xc src/ASF/common2/components/memory/sd_mmc/sd_mmc.o
 .text.sd_cmd8  0x00010d80       0x70 src/ASF/common2/components/memory/sd_mmc/sd_mmc.o
 .text.mmc_cmd8
                0x00010df0      0x12c src/ASF/common2/components/memory/sd_mmc/sd_mmc.o
 .text.sd_mmc_cmd9_spi
                0x00010f1c       0x70 src/ASF/common2/components/memory/sd_mmc/sd_mmc.o
 .text.mmc_decode_csd
                0x00010f8c      0x130 src/ASF/common2/components/memory/sd_mmc/sd_mmc.o
 .text.sd_decode_csd
                0x000110bc       0xec src/ASF/common2/components/memory/sd_mmc/sd_mmc.o
 .text.sd_mmc_cmd13
                0x000111a8       0x5c src/ASF/common2/components/memory/sd_mmc/sd_mmc.o
 .text.sd_acmd51
                0x00011204      0x108 src/ASF/common2/components/memory/sd_mmc/sd_mmc.o
 .text.sd_mmc_select_slot
                0x0001130c       0xc4 src/ASF/common2/components/memory/sd_mmc/sd_mmc.o
 .text.sd_mmc_configure_slot
                0x000113d0       0x38 src/ASF/common2/components/memory/sd_mmc/sd_mmc.o
 .text.sd_mmc_deselect_slot
                0x00011408       0x24 src/ASF/common2/components/memory/sd_mmc/sd_mmc.o
 .text.sd_mmc_spi_card_init
                0x0001142c      0x1e8 src/ASF/common2/components/memory/sd_mmc/sd_mmc.o
 .text.sd_mmc_spi_install_mmc
                0x00011614      0x100 src/ASF/common2/components/memory/sd_mmc/sd_mmc.o
 .text.sd_mmc_init
                0x00011714       0x48 src/ASF/common2/components/memory/sd_mmc/sd_mmc.o
                0x00011714                sd_mmc_init
 .text.sd_mmc_check
                0x0001175c       0x74 src/ASF/common2/components/memory/sd_mmc/sd_mmc.o
                0x0001175c                sd_mmc_check
 .text.sd_mmc_get_type
                0x000117d0       0x3c src/ASF/common2/components/memory/sd_mmc/sd_mmc.o
                0x000117d0                sd_mmc_get_type
 .text.sd_mmc_get_capacity
                0x0001180c       0x3c src/ASF/common2/components/memory/sd_mmc/sd_mmc.o
                0x0001180c                sd_mmc_get_capacity
 .text.sd_mmc_is_write_protected
                0x00011848       0x16 src/ASF/common2/components/memory/sd_mmc/sd_mmc.o
                0x00011848                sd_mmc_is_write_protected
 *fill*         0x0001185e        0x2 
 .text.sd_mmc_init_read_blocks
                0x00011860       0xec src/ASF/common2/components/memory/sd_mmc/sd_mmc.o
                0x00011860                sd_mmc_init_read_blocks
 .text.sd_mmc_start_read_blocks
                0x0001194c       0x58 src/ASF/common2/components/memory/sd_mmc/sd_mmc.o
                0x0001194c                sd_mmc_start_read_blocks
 .text.sd_mmc_wait_end_of_read_blocks
                0x000119a4       0x98 src/ASF/common2/components/memory/sd_mmc/sd_mmc.o
                0x000119a4                sd_mmc_wait_end_of_read_blocks
 .text.sd_mmc_init_write_blocks
                0x00011a3c       0xe8 src/ASF/common2/components/memory/sd_mmc/sd_mmc.o
                0x00011a3c                sd_mmc_init_write_blocks
 .text.sd_mmc_start_write_blocks
                0x00011b24       0x58 src/ASF/common2/components/memory/sd_mmc/sd_mmc.o
                0x00011b24                sd_mmc_start_write_blocks
 .text.sd_mmc_wait_end_of_write_blocks
                0x00011b7c       0x6c src/ASF/common2/components/memory/sd_mmc/sd_mmc.o
                0x00011b7c                sd_mmc_wait_end_of_write_blocks
 .text.sd_mmc_spi_crc7
                0x00011be8       0xbc src/ASF/common2/components/memory/sd_mmc/sd_mmc_spi.o
 .text.sd_mmc_spi_wait_busy
                0x00011ca4       0x6c src/ASF/common2/components/memory/sd_mmc/sd_mmc_spi.o
 .text.sd_mmc_spi_start_read_block
                0x00011d10       0x84 src/ASF/common2/components/memory/sd_mmc/sd_mmc_spi.o
 .text.sd_mmc_spi_stop_read_block
                0x00011d94       0x2c src/ASF/common2/components/memory/sd_mmc/sd_mmc_spi.o
 .text.sd_mmc_spi_start_write_block
                0x00011dc0       0x50 src/ASF/common2/components/memory/sd_mmc/sd_mmc_spi.o
 .text.sd_mmc_spi_stop_write_block
                0x00011e10       0x94 src/ASF/common2/components/memory/sd_mmc/sd_mmc_spi.o
 .text.sd_mmc_spi_stop_multiwrite_block
                0x00011ea4       0x9c src/ASF/common2/components/memory/sd_mmc/sd_mmc_spi.o
 .text.sd_mmc_spi_select_device
                0x00011f40       0x5c src/ASF/common2/components/memory/sd_mmc/sd_mmc_spi.o
                0x00011f40                sd_mmc_spi_select_device
 .text.sd_mmc_spi_deselect_device
                0x00011f9c       0x38 src/ASF/common2/components/memory/sd_mmc/sd_mmc_spi.o
                0x00011f9c                sd_mmc_spi_deselect_device
 .text.sd_mmc_spi_send_clock
                0x00011fd4       0x4c src/ASF/common2/components/memory/sd_mmc/sd_mmc_spi.o
                0x00011fd4                sd_mmc_spi_send_clock
 .text.sd_mmc_spi_send_cmd
                0x00012020       0x28 src/ASF/common2/components/memory/sd_mmc/sd_mmc_spi.o
                0x00012020                sd_mmc_spi_send_cmd
 .text.sd_mmc_spi_adtc_start
                0x00012048      0x218 src/ASF/common2/components/memory/sd_mmc/sd_mmc_spi.o
                0x00012048                sd_mmc_spi_adtc_start
 .text.sd_mmc_spi_get_response
                0x00012260       0x14 src/ASF/common2/components/memory/sd_mmc/sd_mmc_spi.o
                0x00012260                sd_mmc_spi_get_response
 .text.sd_mmc_spi_read_word
                0x00012274       0xa4 src/ASF/common2/components/memory/sd_mmc/sd_mmc_spi.o
                0x00012274                sd_mmc_spi_read_word
 .text.sd_mmc_spi_start_read_blocks
                0x00012318       0xa4 src/ASF/common2/components/memory/sd_mmc/sd_mmc_spi.o
                0x00012318                sd_mmc_spi_start_read_blocks
 .text.sd_mmc_spi_wait_end_of_read_blocks
                0x000123bc        0xc src/ASF/common2/components/memory/sd_mmc/sd_mmc_spi.o
                0x000123bc                sd_mmc_spi_wait_end_of_read_blocks
 .text.sd_mmc_spi_start_write_blocks
                0x000123c8       0xc0 src/ASF/common2/components/memory/sd_mmc/sd_mmc_spi.o
                0x000123c8                sd_mmc_spi_start_write_blocks
 .text.sd_mmc_spi_wait_end_of_write_blocks
                0x00012488       0x38 src/ASF/common2/components/memory/sd_mmc/sd_mmc_spi.o
                0x00012488                sd_mmc_spi_wait_end_of_write_blocks
 .text.get_nb_lun
                0x000124c0        0xc src/ASF/common/services/storage/ctrl_access/ctrl_access.o
                0x000124c0                get_nb_lun
 .text.mem_test_unit_ready
                0x000124cc       0x48 src/ASF/common/services/storage/ctrl_access/ctrl_access.o
                0x000124cc                mem_test_unit_ready
 .text.mem_read_capacity
                0x00012514       0x50 src/ASF/common/services/storage/ctrl_access/ctrl_access.o
                0x00012514                mem_read_capacity
 .text.mem_sector_size
                0x00012564       0x2a src/ASF/common/services/storage/ctrl_access/ctrl_access.o
                0x00012564                mem_sector_size
 *fill*         0x0001258e        0x2 
 .text.mem_unload
                0x00012590       0x8c src/ASF/common/services/storage/ctrl_access/ctrl_access.o
                0x00012590                mem_unload
 .text.mem_wr_protect
                0x0001261c       0x4c src/ASF/common/services/storage/ctrl_access/ctrl_access.o
                0x0001261c                mem_wr_protect
 .text.mem_removal
                0x00012668       0x4c src/ASF/common/services/storage/ctrl_access/ctrl_access.o
                0x00012668                mem_removal
 .text.mem_name
                0x000126b4       0x28 src/ASF/common/services/storage/ctrl_access/ctrl_access.o
                0x000126b4                mem_name
 .text.memory_2_usb
                0x000126dc       0x5c src/ASF/common/services/storage/ctrl_access/ctrl_access.o
                0x000126dc                memory_2_usb
 .text.usb_2_memory
                0x00012738       0x5c src/ASF/common/services/storage/ctrl_access/ctrl_access.o
                0x00012738                usb_2_memory
 .text.memory_2_ram
                0x00012794       0x5c src/ASF/common/services/storage/ctrl_access/ctrl_access.o
                0x00012794                memory_2_ram
 .text.ram_2_memory
                0x000127f0       0x5c src/ASF/common/services/storage/ctrl_access/ctrl_access.o
                0x000127f0                ram_2_memory
 .text._extint_get_eic_from_channel
                0x0001284c       0x4c src/ASF/sam0/drivers/extint/extint_callback.o
 .text.extint_chan_is_detected
                0x00012898       0x44 src/ASF/sam0/drivers/extint/extint_callback.o
 .text.extint_chan_clear_detected
                0x000128dc       0x3c src/ASF/sam0/drivers/extint/extint_callback.o
 .text.extint_register_callback
                0x00012918       0x64 src/ASF/sam0/drivers/extint/extint_callback.o
                0x00012918                extint_register_callback
 .text.extint_chan_enable_callback
                0x0001297c       0x48 src/ASF/sam0/drivers/extint/extint_callback.o
                0x0001297c                extint_chan_enable_callback
 .text.extint_get_current_channel
                0x000129c4       0x14 src/ASF/sam0/drivers/extint/extint_callback.o
                0x000129c4                extint_get_current_channel
 .text.EIC_Handler
                0x000129d8       0x6c src/ASF/sam0/drivers/extint/extint_callback.o
                0x000129d8                EIC_Handler
 .text.system_apb_clock_set_mask
                0x00012a44       0x7c src/ASF/sam0/drivers/extint/extint_sam_l_c/extint.o
 .text.system_pinmux_get_config_defaults
                0x00012ac0       0x28 src/ASF/sam0/drivers/extint/extint_sam_l_c/extint.o
 .text.system_interrupt_enable
                0x00012ae8       0x2c src/ASF/sam0/drivers/extint/extint_sam_l_c/extint.o
 .text._extint_get_eic_from_channel
                0x00012b14       0x4c src/ASF/sam0/drivers/extint/extint_sam_l_c/extint.o
 .text.extint_is_syncing
                0x00012b60       0x60 src/ASF/sam0/drivers/extint/extint_sam_l_c/extint.o
 .text._system_extint_init
                0x00012bc0       0xd8 src/ASF/sam0/drivers/extint/extint_sam_l_c/extint.o
                0x00012bc0                _system_extint_init
 .text._extint_enable
                0x00012c98       0x64 src/ASF/sam0/drivers/extint/extint_sam_l_c/extint.o
 .text._extint_disable
                0x00012cfc       0x64 src/ASF/sam0/drivers/extint/extint_sam_l_c/extint.o
 .text.extint_chan_get_config_defaults
                0x00012d60       0x34 src/ASF/sam0/drivers/extint/extint_sam_l_c/extint.o
                0x00012d60                extint_chan_get_config_defaults
 .text.extint_chan_set_config
                0x00012d94      0x114 src/ASF/sam0/drivers/extint/extint_sam_l_c/extint.o
                0x00012d94                extint_chan_set_config
 .text._rtc_interrupt_handler
                0x00012ea8      0x174 src/ASF/sam0/drivers/rtc/rtc_sam_l_c/rtc_count_interrupt.o
 .text.RTC_Handler
                0x0001301c       0x14 src/ASF/sam0/drivers/rtc/rtc_sam_l_c/rtc_count_interrupt.o
                0x0001301c                RTC_Handler
 .text.system_gclk_chan_get_config_defaults
                0x00013030       0x16 src/ASF/sam0/drivers/sercom/i2c/i2c_sam0/i2c_master.o
 *fill*         0x00013046        0x2 
 .text.system_apb_clock_set_mask
                0x00013048       0x7c src/ASF/sam0/drivers/sercom/i2c/i2c_sam0/i2c_master.o
 .text.system_pinmux_get_config_defaults
                0x000130c4       0x28 src/ASF/sam0/drivers/sercom/i2c/i2c_sam0/i2c_master.o
 .text.system_is_debugger_present
                0x000130ec       0x20 src/ASF/sam0/drivers/sercom/i2c/i2c_sam0/i2c_master.o
 .text.i2c_master_is_syncing
                0x0001310c       0x24 src/ASF/sam0/drivers/sercom/i2c/i2c_sam0/i2c_master.o
 .text._i2c_master_wait_for_sync
                0x00013130       0x24 src/ASF/sam0/drivers/sercom/i2c/i2c_sam0/i2c_master.o
 .text._i2c_master_set_config
                0x00013154      0x410 src/ASF/sam0/drivers/sercom/i2c/i2c_sam0/i2c_master.o
 .text.i2c_master_init
                0x00013564      0x158 src/ASF/sam0/drivers/sercom/i2c/i2c_sam0/i2c_master.o
                0x00013564                i2c_master_init
 .text._i2c_master_address_response
                0x000136bc       0x5e src/ASF/sam0/drivers/sercom/i2c/i2c_sam0/i2c_master.o
                0x000136bc                _i2c_master_address_response
 .text._i2c_master_wait_for_bus
                0x0001371a       0x5e src/ASF/sam0/drivers/sercom/i2c/i2c_sam0/i2c_master.o
                0x0001371a                _i2c_master_wait_for_bus
 .text._i2c_master_send_hs_master_code
                0x00013778       0x54 src/ASF/sam0/drivers/sercom/i2c/i2c_sam0/i2c_master.o
                0x00013778                _i2c_master_send_hs_master_code
 .text._i2c_master_read_packet
                0x000137cc      0x274 src/ASF/sam0/drivers/sercom/i2c/i2c_sam0/i2c_master.o
 .text.i2c_master_read_packet_wait
                0x00013a40       0x40 src/ASF/sam0/drivers/sercom/i2c/i2c_sam0/i2c_master.o
                0x00013a40                i2c_master_read_packet_wait
 .text._i2c_master_write_packet
                0x00013a80      0x178 src/ASF/sam0/drivers/sercom/i2c/i2c_sam0/i2c_master.o
 .text.i2c_master_write_packet_wait
                0x00013bf8       0x40 src/ASF/sam0/drivers/sercom/i2c/i2c_sam0/i2c_master.o
                0x00013bf8                i2c_master_write_packet_wait
 .text.i2c_master_is_syncing
                0x00013c38       0x24 src/ASF/sam0/drivers/sercom/i2c/i2c_sam0/i2c_master_interrupt.o
 .text._i2c_master_wait_for_sync
                0x00013c5c       0x24 src/ASF/sam0/drivers/sercom/i2c/i2c_sam0/i2c_master_interrupt.o
 .text._i2c_master_read
                0x00013c80       0xf0 src/ASF/sam0/drivers/sercom/i2c/i2c_sam0/i2c_master_interrupt.o
 .text._i2c_master_write
                0x00013d70       0x7c src/ASF/sam0/drivers/sercom/i2c/i2c_sam0/i2c_master_interrupt.o
 .text._i2c_master_async_address_response
                0x00013dec       0xbc src/ASF/sam0/drivers/sercom/i2c/i2c_sam0/i2c_master_interrupt.o
 .text._i2c_master_interrupt_handler
                0x00013ea8      0x274 src/ASF/sam0/drivers/sercom/i2c/i2c_sam0/i2c_master_interrupt.o
                0x00013ea8                _i2c_master_interrupt_handler
 .text._sercom_default_handler
                0x0001411c       0x14 src/ASF/sam0/drivers/sercom/sercom_interrupt.o
 .text._sercom_set_handler
                0x00014130       0x6c src/ASF/sam0/drivers/sercom/sercom_interrupt.o
                0x00014130                _sercom_set_handler
 .text._sercom_get_interrupt_vector
                0x0001419c       0x44 src/ASF/sam0/drivers/sercom/sercom_interrupt.o
                0x0001419c                _sercom_get_interrupt_vector
 .text.SERCOM0_Handler
                0x000141e0       0x18 src/ASF/sam0/drivers/sercom/sercom_interrupt.o
                0x000141e0                SERCOM0_Handler
 .text.SERCOM1_Handler
                0x000141f8       0x18 src/ASF/sam0/drivers/sercom/sercom_interrupt.o
                0x000141f8                SERCOM1_Handler
 .text.SERCOM2_Handler
                0x00014210       0x18 src/ASF/sam0/drivers/sercom/sercom_interrupt.o
                0x00014210                SERCOM2_Handler
 .text.SERCOM3_Handler
                0x00014228       0x18 src/ASF/sam0/drivers/sercom/sercom_interrupt.o
                0x00014228                SERCOM3_Handler
 .text.SERCOM4_Handler
                0x00014240       0x18 src/ASF/sam0/drivers/sercom/sercom_interrupt.o
                0x00014240                SERCOM4_Handler
 .text.SERCOM5_Handler
                0x00014258       0x18 src/ASF/sam0/drivers/sercom/sercom_interrupt.o
                0x00014258                SERCOM5_Handler
 .text.system_interrupt_enter_critical_section
                0x00014270       0x14 src/ASF/sam0/drivers/sercom/usart/usart_interrupt.o
 .text.system_interrupt_leave_critical_section
                0x00014284       0x14 src/ASF/sam0/drivers/sercom/usart/usart_interrupt.o
 .text.usart_is_syncing
                0x00014298       0x20 src/ASF/sam0/drivers/sercom/usart/usart_interrupt.o
 .text._usart_wait_for_sync
                0x000142b8       0x24 src/ASF/sam0/drivers/sercom/usart/usart_interrupt.o
 .text._usart_write_buffer
                0x000142dc       0x5c src/ASF/sam0/drivers/sercom/usart/usart_interrupt.o
                0x000142dc                _usart_write_buffer
 .text._usart_read_buffer
                0x00014338       0x78 src/ASF/sam0/drivers/sercom/usart/usart_interrupt.o
                0x00014338                _usart_read_buffer
 .text.usart_register_callback
                0x000143b0       0x48 src/ASF/sam0/drivers/sercom/usart/usart_interrupt.o
                0x000143b0                usart_register_callback
 .text.usart_read_job
                0x000143f8       0x24 src/ASF/sam0/drivers/sercom/usart/usart_interrupt.o
                0x000143f8                usart_read_job
 .text.usart_write_buffer_job
                0x0001441c       0x48 src/ASF/sam0/drivers/sercom/usart/usart_interrupt.o
                0x0001441c                usart_write_buffer_job
 .text._usart_interrupt_handler
                0x00014464      0x340 src/ASF/sam0/drivers/sercom/usart/usart_interrupt.o
                0x00014464                _usart_interrupt_handler
 .text.tc_register_callback
                0x000147a4       0x72 src/ASF/sam0/drivers/tc/tc_interrupt.o
                0x000147a4                tc_register_callback
 *fill*         0x00014816        0x2 
 .text.TC0_Handler
                0x00014818       0x14 src/ASF/sam0/drivers/tc/tc_interrupt.o
                0x00014818                TC0_Handler
 .text.TC1_Handler
                0x0001482c       0x14 src/ASF/sam0/drivers/tc/tc_interrupt.o
                0x0001482c                TC1_Handler
 .text.TC4_Handler
                0x00014840       0x14 src/ASF/sam0/drivers/tc/tc_interrupt.o
                0x00014840                TC4_Handler
 .text._tc_interrupt_handler
                0x00014854       0xb8 src/ASF/sam0/drivers/tc/tc_interrupt.o
                0x00014854                _tc_interrupt_handler
 .text.system_gclk_chan_get_config_defaults
                0x0001490c       0x16 src/ASF/sam0/drivers/tc/tc_sam_l_c/tc.o
 *fill*         0x00014922        0x2 
 .text.system_apb_clock_set_mask
                0x00014924       0x7c src/ASF/sam0/drivers/tc/tc_sam_l_c/tc.o
 .text.system_pinmux_get_config_defaults
                0x000149a0       0x28 src/ASF/sam0/drivers/tc/tc_sam_l_c/tc.o
 .text.tc_is_syncing
                0x000149c8       0x20 src/ASF/sam0/drivers/tc/tc_sam_l_c/tc.o
 .text.tc_sync_read_count
                0x000149e8       0x50 src/ASF/sam0/drivers/tc/tc_sam_l_c/tc.o
 .text._tc_get_inst_index
                0x00014a38       0x48 src/ASF/sam0/drivers/tc/tc_sam_l_c/tc.o
                0x00014a38                _tc_get_inst_index
 .text.tc_init  0x00014a80      0x4a0 src/ASF/sam0/drivers/tc/tc_sam_l_c/tc.o
                0x00014a80                tc_init
 .text.tc_set_count_value
                0x00014f20       0x60 src/ASF/sam0/drivers/tc/tc_sam_l_c/tc.o
                0x00014f20                tc_set_count_value
 .text.tc_get_count_value
                0x00014f80       0x60 src/ASF/sam0/drivers/tc/tc_sam_l_c/tc.o
                0x00014f80                tc_get_count_value
 .text.cal_getGroupPoints
                0x00014fe0       0x14 src/calibration.o
                0x00014fe0                cal_getGroupPoints
 .text.cal_getCurrentGroup
                0x00014ff4       0x14 src/calibration.o
                0x00014ff4                cal_getCurrentGroup
 .text.cal_resetGroup
                0x00015008       0x34 src/calibration.o
                0x00015008                cal_resetGroup
 .text.removeGroup
                0x0001503c       0x78 src/calibration.o
                0x0001503c                removeGroup
 .text.cal_removeGroup
                0x000150b4       0x80 src/calibration.o
                0x000150b4                cal_removeGroup
 .text.cal_findBadGroup
                0x00015134       0xa0 src/calibration.o
                0x00015134                cal_findBadGroup
 .text.cal_init
                0x000151d4       0xc4 src/calibration.o
                0x000151d4                cal_init
 .text.cal_done
                0x00015298       0xd0 src/calibration.o
                0x00015298                cal_done
 .text.cal_apply_cal_all
                0x00015368       0xec src/calibration.o
                0x00015368                cal_apply_cal_all
 .text.cal_full_inc_azm_process
                0x00015454      0x15c src/calibration.o
                0x00015454                cal_full_inc_azm_process
 .text.cal_checkStability
                0x000155b0       0xe8 src/calibration.o
                0x000155b0                cal_checkStability
 .text.cal_azm_quick_add_point
                0x00015698       0xc4 src/calibration.o
                0x00015698                cal_azm_quick_add_point
 .text.cal_azm_quick_process
                0x0001575c      0x200 src/calibration.o
                0x0001575c                cal_azm_quick_process
 .text.cal_loop_test
                0x0001595c      0x394 src/calibration.o
                0x0001595c                cal_loop_test
 .text.cal_dist_process
                0x00015cf0       0x38 src/calibration.o
                0x00015cf0                cal_dist_process
 .text.cal_inc_azm_eval
                0x00015d28      0x5a8 src/calibration.o
                0x00015d28                cal_inc_azm_eval
 .text.cal_add_datapoint
                0x000162d0      0x2c8 src/calibration.o
                0x000162d0                cal_add_datapoint
 .text.cal_axis_misalignments
                0x00016598      0x5e8 src/calibration.o
                0x00016598                cal_axis_misalignments
 .text.cal_angleX
                0x00016b80      0x2e8 src/calibration.o
                0x00016b80                cal_angleX
 .text.cal_angleYZ
                0x00016e68      0x728 src/calibration.o
                0x00016e68                cal_angleYZ
 .text.cal_apply_cal
                0x00017590      0x130 src/calibration.o
                0x00017590                cal_apply_cal
 .text.cal_init_struct
                0x000176c0       0xee src/calibration.o
                0x000176c0                cal_init_struct
 *fill*         0x000177ae        0x2 
 .text.gen_RotM
                0x000177b0      0x358 src/calibration.o
                0x000177b0                gen_RotM
 .text.cal_gain_off
                0x00017b08      0xaa4 src/calibration.o
                0x00017b08                cal_gain_off
 .text.system_pinmux_get_group_from_gpio_pin
                0x000185ac       0x60 src/comms/comms.o
 .text.arch_ioport_pin_to_port_id
                0x0001860c       0x14 src/comms/comms.o
 .text.arch_ioport_port_to_base
                0x00018620       0x20 src/comms/comms.o
 .text.arch_ioport_pin_to_base
                0x00018640       0x2c src/comms/comms.o
 .text.arch_ioport_pin_to_mask
                0x0001866c       0x1c src/comms/comms.o
 .text.arch_ioport_set_port_mode
                0x00018688       0xc4 src/comms/comms.o
 .text.arch_ioport_set_pin_mode
                0x0001874c       0x3c src/comms/comms.o
 .text.arch_ioport_set_pin_dir
                0x00018788       0x84 src/comms/comms.o
 .text.arch_ioport_set_pin_level
                0x0001880c       0x54 src/comms/comms.o
 .text.ioport_reset_pin_mode
                0x00018860       0x20 src/comms/comms.o
 .text.ioport_set_pin_dir
                0x00018880       0x28 src/comms/comms.o
 .text.ioport_set_pin_level
                0x000188a8       0x28 src/comms/comms.o
 .text.port_get_group_from_gpio_pin
                0x000188d0       0x24 src/comms/comms.o
 .text.port_get_config_defaults
                0x000188f4       0x22 src/comms/comms.o
 *fill*         0x00018916        0x2 
 .text.port_pin_set_output_level
                0x00018918       0x54 src/comms/comms.o
 .text.system_interrupt_enable
                0x0001896c       0x2c src/comms/comms.o
 .text.system_interrupt_disable
                0x00018998       0x30 src/comms/comms.o
 .text.i2c_master_is_syncing
                0x000189c8       0x24 src/comms/comms.o
 .text._i2c_master_wait_for_sync
                0x000189ec       0x24 src/comms/comms.o
 .text.i2c_master_get_config_defaults
                0x00018a10       0x84 src/comms/comms.o
 .text.i2c_master_enable
                0x00018a94       0x74 src/comms/comms.o
 .text.i2c_master_disable
                0x00018b08       0x58 src/comms/comms.o
 .text.spi_is_syncing
                0x00018b60       0x20 src/comms/comms.o
 .text.spi_get_config_defaults
                0x00018b80       0x84 src/comms/comms.o
 .text.spi_slave_inst_get_config_defaults
                0x00018c04       0x22 src/comms/comms.o
 *fill*         0x00018c26        0x2 
 .text.spi_attach_slave
                0x00018c28       0x64 src/comms/comms.o
 .text.spi_enable
                0x00018c8c       0x34 src/comms/comms.o
 .text.spi_disable
                0x00018cc0       0x44 src/comms/comms.o
 .text.usart_is_syncing
                0x00018d04       0x20 src/comms/comms.o
 .text._usart_wait_for_sync
                0x00018d24       0x24 src/comms/comms.o
 .text.usart_get_config_defaults
                0x00018d48       0xbe src/comms/comms.o
 *fill*         0x00018e06        0x2 
 .text.usart_enable
                0x00018e08       0x48 src/comms/comms.o
 .text.usart_disable
                0x00018e50       0x4c src/comms/comms.o
 .text.usart_enable_callback
                0x00018e9c       0x36 src/comms/comms.o
 *fill*         0x00018ed2        0x2 
 .text.disable_comms
                0x00018ed4       0x3c src/comms/comms.o
                0x00018ed4                disable_comms
 .text.spi_setBaud
                0x00018f10       0x88 src/comms/comms.o
                0x00018f10                spi_setBaud
 .text.setup_spi
                0x00018f98      0x11c src/comms/comms.o
                0x00018f98                setup_spi
 .text.configure_usart_Laser
                0x000190b4       0xf0 src/comms/comms.o
                0x000190b4                configure_usart_Laser
 .text.configure_usart_BLE
                0x000191a4       0xf0 src/comms/comms.o
                0x000191a4                configure_usart_BLE
 .text.BLE_usart_isolate
                0x00019294       0x5c src/comms/comms.o
                0x00019294                BLE_usart_isolate
 .text.readLaserCallback
                0x000192f0       0xb8 src/comms/comms.o
                0x000192f0                readLaserCallback
 .text.writeLaserCallback
                0x000193a8       0x1c src/comms/comms.o
                0x000193a8                writeLaserCallback
 .text.readBleCallback
                0x000193c4       0xec src/comms/comms.o
                0x000193c4                readBleCallback
 .text.writeBleCallback
                0x000194b0       0x1c src/comms/comms.o
                0x000194b0                writeBleCallback
 .text.writeLaser
                0x000194cc       0x44 src/comms/comms.o
                0x000194cc                writeLaser
 .text.writeBle
                0x00019510       0x44 src/comms/comms.o
                0x00019510                writeBle
 .text.isLaserTransmitComplete
                0x00019554       0x14 src/comms/comms.o
                0x00019554                isLaserTransmitComplete
 .text.isLaserReceiveComplete
                0x00019568       0x14 src/comms/comms.o
                0x00019568                isLaserReceiveComplete
 .text.isBleTransmitComplete
                0x0001957c       0x14 src/comms/comms.o
                0x0001957c                isBleTransmitComplete
 .text.isBleReceiveComplete
                0x00019590       0x14 src/comms/comms.o
                0x00019590                isBleReceiveComplete
 .text.rxBufferLaserClear
                0x000195a4       0x28 src/comms/comms.o
                0x000195a4                rxBufferLaserClear
 .text.rxBufferBleClear
                0x000195cc       0x44 src/comms/comms.o
                0x000195cc                rxBufferBleClear
 .text.laserMessageType
                0x00019610       0x54 src/comms/comms.o
                0x00019610                laserMessageType
 .text.isBleCommEnabled
                0x00019664       0x20 src/comms/comms.o
                0x00019664                isBleCommEnabled
 .text.configure_i2c_master
                0x00019684       0x64 src/comms/comms.o
                0x00019684                configure_i2c_master
 .text.i2c_read_write
                0x000196e8      0x140 src/comms/comms.o
                0x000196e8                i2c_read_write
 .text.max17055_reg_read_write
                0x00019828       0xc0 src/comms/comms.o
                0x00019828                max17055_reg_read_write
 .text.adp5062_reg_read_write
                0x000198e8       0x64 src/comms/comms.o
                0x000198e8                adp5062_reg_read_write
 .text.sd_mmc_test_unit_ready
                0x0001994c       0x78 src/comms/sd_mmc_mem.o
                0x0001994c                sd_mmc_test_unit_ready
 .text.sd_mmc_test_unit_ready_0
                0x000199c4       0x18 src/comms/sd_mmc_mem.o
                0x000199c4                sd_mmc_test_unit_ready_0
 .text.sd_mmc_read_capacity
                0x000199dc       0x40 src/comms/sd_mmc_mem.o
                0x000199dc                sd_mmc_read_capacity
 .text.sd_mmc_read_capacity_0
                0x00019a1c       0x20 src/comms/sd_mmc_mem.o
                0x00019a1c                sd_mmc_read_capacity_0
 .text.sd_mmc_unload
                0x00019a3c       0x2c src/comms/sd_mmc_mem.o
                0x00019a3c                sd_mmc_unload
 .text.sd_mmc_unload_0
                0x00019a68       0x28 src/comms/sd_mmc_mem.o
                0x00019a68                sd_mmc_unload_0
 .text.sd_mmc_wr_protect
                0x00019a90       0x24 src/comms/sd_mmc_mem.o
                0x00019a90                sd_mmc_wr_protect
 .text.sd_mmc_wr_protect_0
                0x00019ab4       0x18 src/comms/sd_mmc_mem.o
                0x00019ab4                sd_mmc_wr_protect_0
 .text.sd_mmc_removal
                0x00019acc       0x16 src/comms/sd_mmc_mem.o
                0x00019acc                sd_mmc_removal
 *fill*         0x00019ae2        0x2 
 .text.sd_mmc_removal_0
                0x00019ae4       0x18 src/comms/sd_mmc_mem.o
                0x00019ae4                sd_mmc_removal_0
 .text.sd_mmc_usb_read_10
                0x00019afc      0x134 src/comms/sd_mmc_mem.o
                0x00019afc                sd_mmc_usb_read_10
 .text.sd_mmc_usb_read_10_0
                0x00019c30       0x2c src/comms/sd_mmc_mem.o
                0x00019c30                sd_mmc_usb_read_10_0
 .text.sd_mmc_usb_write_10
                0x00019c5c      0x144 src/comms/sd_mmc_mem.o
                0x00019c5c                sd_mmc_usb_write_10
 .text.sd_mmc_usb_write_10_0
                0x00019da0       0x2c src/comms/sd_mmc_mem.o
                0x00019da0                sd_mmc_usb_write_10_0
 .text.sd_mmc_mem_2_ram
                0x00019dcc       0x6c src/comms/sd_mmc_mem.o
                0x00019dcc                sd_mmc_mem_2_ram
 .text.sd_mmc_mem_2_ram_0
                0x00019e38       0x24 src/comms/sd_mmc_mem.o
                0x00019e38                sd_mmc_mem_2_ram_0
 .text.sd_mmc_ram_2_mem
                0x00019e5c       0x6c src/comms/sd_mmc_mem.o
                0x00019e5c                sd_mmc_ram_2_mem
 .text.sd_mmc_ram_2_mem_0
                0x00019ec8       0x24 src/comms/sd_mmc_mem.o
                0x00019ec8                sd_mmc_ram_2_mem_0
 .text.arch_ioport_pin_to_port_id
                0x00019eec       0x14 src/glcd/ATSAML21.o
 .text.arch_ioport_port_to_base
                0x00019f00       0x20 src/glcd/ATSAML21.o
 .text.arch_ioport_pin_to_base
                0x00019f20       0x2c src/glcd/ATSAML21.o
 .text.arch_ioport_pin_to_mask
                0x00019f4c       0x1c src/glcd/ATSAML21.o
 .text.arch_ioport_set_pin_dir
                0x00019f68       0x84 src/glcd/ATSAML21.o
 .text.arch_ioport_set_pin_level
                0x00019fec       0x54 src/glcd/ATSAML21.o
 .text.ioport_set_pin_dir
                0x0001a040       0x28 src/glcd/ATSAML21.o
 .text.ioport_set_pin_level
                0x0001a068       0x28 src/glcd/ATSAML21.o
 .text.glcd_init
                0x0001a090       0x60 src/glcd/ATSAML21.o
                0x0001a090                glcd_init
 .text.glcd_spi_write
                0x0001a0f0       0x50 src/glcd/ATSAML21.o
                0x0001a0f0                glcd_spi_write
 .text.glcd_reset
                0x0001a140       0x38 src/glcd/ATSAML21.o
                0x0001a140                glcd_reset
 .text.glcd_update_bbox
                0x0001a178       0xd0 src/glcd/glcd.o
                0x0001a178                glcd_update_bbox
 .text.glcd_reset_bbox
                0x0001a248       0x30 src/glcd/glcd.o
                0x0001a248                glcd_reset_bbox
 .text.glcd_clear_buffer
                0x0001a278       0x34 src/glcd/glcd.o
                0x0001a278                glcd_clear_buffer
 .text.glcd_select_screen
                0x0001a2ac       0x28 src/glcd/glcd.o
                0x0001a2ac                glcd_select_screen
 .text.glcd_set_pixel
                0x0001a2d4       0xe0 src/glcd/graphics.o
                0x0001a2d4                glcd_set_pixel
 .text.glcd_draw_line
                0x0001a3b4      0x1ec src/glcd/graphics.o
                0x0001a3b4                glcd_draw_line
 .text.glcd_fill_rect
                0x0001a5a0       0xf0 src/glcd/graphics.o
                0x0001a5a0                glcd_fill_rect
 .text.glcd_draw_rect
                0x0001a690      0x14c src/glcd/graphics.o
                0x0001a690                glcd_draw_rect
 .text.glcd_draw_circle
                0x0001a7dc      0x2d8 src/glcd/graphics.o
                0x0001a7dc                glcd_draw_circle
 .text.glcd_fill_circle
                0x0001aab4      0x2a8 src/glcd/graphics.o
                0x0001aab4                glcd_fill_circle
 .text.arch_ioport_pin_to_port_id
                0x0001ad5c       0x14 src/glcd/ST7565R.o
 .text.arch_ioport_port_to_base
                0x0001ad70       0x20 src/glcd/ST7565R.o
 .text.arch_ioport_pin_to_base
                0x0001ad90       0x2c src/glcd/ST7565R.o
 .text.arch_ioport_pin_to_mask
                0x0001adbc       0x1c src/glcd/ST7565R.o
 .text.arch_ioport_set_pin_level
                0x0001add8       0x54 src/glcd/ST7565R.o
 .text.ioport_set_pin_level
                0x0001ae2c       0x28 src/glcd/ST7565R.o
 .text.glcd_command
                0x0001ae54       0x30 src/glcd/ST7565R.o
                0x0001ae54                glcd_command
 .text.glcd_data
                0x0001ae84       0x30 src/glcd/ST7565R.o
                0x0001ae84                glcd_data
 .text.glcd_set_contrast
                0x0001aeb4       0x38 src/glcd/ST7565R.o
                0x0001aeb4                glcd_set_contrast
 .text.glcd_set_y_address
                0x0001aeec       0x30 src/glcd/ST7565R.o
                0x0001aeec                glcd_set_y_address
 .text.glcd_set_x_address
                0x0001af1c       0x30 src/glcd/ST7565R.o
                0x0001af1c                glcd_set_x_address
 .text.glcd_set_column_upper
                0x0001af4c       0x2c src/glcd/ST7565R.o
                0x0001af4c                glcd_set_column_upper
 .text.glcd_set_column_lower
                0x0001af78       0x28 src/glcd/ST7565R.o
                0x0001af78                glcd_set_column_lower
 .text.glcd_write
                0x0001afa0       0xc8 src/glcd/ST7565R.o
                0x0001afa0                glcd_write
 .text.glcd_ST7565R_init
                0x0001b068       0x44 src/glcd/ST7565R.o
                0x0001b068                glcd_ST7565R_init
 .text.glcd_draw_char_xy
                0x0001b0ac      0x598 src/glcd/text.o
                0x0001b0ac                glcd_draw_char_xy
 .text.glcd_draw_string_xy
                0x0001b644       0x78 src/glcd/text.o
                0x0001b644                glcd_draw_string_xy
 .text.glcd_tiny_set_font
                0x0001b6bc       0x5c src/glcd/text_tiny.o
                0x0001b6bc                glcd_tiny_set_font
 .text.glcd_tiny_draw_char
                0x0001b718      0x130 src/glcd/text_tiny.o
                0x0001b718                glcd_tiny_draw_char
 .text.glcd_tiny_draw_string
                0x0001b848       0xa0 src/glcd/text_tiny.o
                0x0001b848                glcd_tiny_draw_string
 .text.system_gclk_chan_get_config_defaults
                0x0001b8e8       0x16 src/ASF/sam0/drivers/sercom/usart/usart.o
 *fill*         0x0001b8fe        0x2 
 .text.system_apb_clock_set_mask
                0x0001b900       0x7c src/ASF/sam0/drivers/sercom/usart/usart.o
 .text.system_pinmux_get_config_defaults
                0x0001b97c       0x28 src/ASF/sam0/drivers/sercom/usart/usart.o
 .text.system_is_debugger_present
                0x0001b9a4       0x20 src/ASF/sam0/drivers/sercom/usart/usart.o
 .text.usart_is_syncing
                0x0001b9c4       0x20 src/ASF/sam0/drivers/sercom/usart/usart.o
 .text._usart_wait_for_sync
                0x0001b9e4       0x24 src/ASF/sam0/drivers/sercom/usart/usart.o
 .text._usart_set_config
                0x0001ba08      0x2e0 src/ASF/sam0/drivers/sercom/usart/usart.o
 .text.usart_init
                0x0001bce8      0x298 src/ASF/sam0/drivers/sercom/usart/usart.o
                0x0001bce8                usart_init
 .text.system_pinmux_get_config_defaults
                0x0001bf80       0x28 src/ASF/sam0/drivers/sercom/spi/spi.o
 .text.system_pinmux_get_group_from_gpio_pin
                0x0001bfa8       0x60 src/ASF/sam0/drivers/sercom/spi/spi.o
 .text.system_pinmux_pin_get_mux_position
                0x0001c008       0x7c src/ASF/sam0/drivers/sercom/spi/spi.o
 .text.port_get_group_from_gpio_pin
                0x0001c084       0x24 src/ASF/sam0/drivers/sercom/spi/spi.o
 .text.port_pin_set_output_level
                0x0001c0a8       0x54 src/ASF/sam0/drivers/sercom/spi/spi.o
 .text.system_gclk_chan_get_config_defaults
                0x0001c0fc       0x16 src/ASF/sam0/drivers/sercom/spi/spi.o
 *fill*         0x0001c112        0x2 
 .text.system_apb_clock_set_mask
                0x0001c114       0x7c src/ASF/sam0/drivers/sercom/spi/spi.o
 .text.system_is_debugger_present
                0x0001c190       0x20 src/ASF/sam0/drivers/sercom/spi/spi.o
 .text.spi_is_write_complete
                0x0001c1b0       0x28 src/ASF/sam0/drivers/sercom/spi/spi.o
 .text.spi_is_ready_to_write
                0x0001c1d8       0x28 src/ASF/sam0/drivers/sercom/spi/spi.o
 .text.spi_is_ready_to_read
                0x0001c200       0x28 src/ASF/sam0/drivers/sercom/spi/spi.o
 .text.spi_write
                0x0001c228       0x48 src/ASF/sam0/drivers/sercom/spi/spi.o
 .text.spi_read
                0x0001c270       0x88 src/ASF/sam0/drivers/sercom/spi/spi.o
 .text._spi_set_config
                0x0001c2f8      0x210 src/ASF/sam0/drivers/sercom/spi/spi.o
 .text._spi_check_config
                0x0001c508      0x1d4 src/ASF/sam0/drivers/sercom/spi/spi.o
 .text.spi_init
                0x0001c6dc      0x118 src/ASF/sam0/drivers/sercom/spi/spi.o
                0x0001c6dc                spi_init
 .text.spi_read_buffer_wait
                0x0001c7f4      0x124 src/ASF/sam0/drivers/sercom/spi/spi.o
                0x0001c7f4                spi_read_buffer_wait
 .text.spi_transceive_wait
                0x0001c918       0xa0 src/ASF/sam0/drivers/sercom/spi/spi.o
                0x0001c918                spi_transceive_wait
 .text.spi_select_slave
                0x0001c9b8       0xf0 src/ASF/sam0/drivers/sercom/spi/spi.o
                0x0001c9b8                spi_select_slave
 .text.spi_write_buffer_wait
                0x0001caa8      0x13c src/ASF/sam0/drivers/sercom/spi/spi.o
                0x0001caa8                spi_write_buffer_wait
 .text.spi_transceive_buffer_wait
                0x0001cbe4      0x1b0 src/ASF/sam0/drivers/sercom/spi/spi.o
                0x0001cbe4                spi_transceive_buffer_wait
 .text.system_gclk_chan_get_config_defaults
                0x0001cd94       0x16 src/ASF/sam0/drivers/sercom/sercom.o
 .text.long_division
                0x0001cdaa       0xe0 src/ASF/sam0/drivers/sercom/sercom.o
 .text._sercom_get_sync_baud_val
                0x0001ce8a       0x7c src/ASF/sam0/drivers/sercom/sercom.o
                0x0001ce8a                _sercom_get_sync_baud_val
 *fill*         0x0001cf06        0x2 
 .text._sercom_get_async_baud_val
                0x0001cf08      0x1c0 src/ASF/sam0/drivers/sercom/sercom.o
                0x0001cf08                _sercom_get_async_baud_val
 .text.sercom_set_gclk_generator
                0x0001d0c8       0x8c src/ASF/sam0/drivers/sercom/sercom.o
                0x0001d0c8                sercom_set_gclk_generator
 .text._sercom_get_default_pad
                0x0001d154      0x1bc src/ASF/sam0/drivers/sercom/sercom.o
                0x0001d154                _sercom_get_default_pad
 .text._sercom_get_sercom_inst_index
                0x0001d310       0x50 src/ASF/sam0/drivers/sercom/sercom.o
                0x0001d310                _sercom_get_sercom_inst_index
 .text.delay_cycles
                0x0001d360       0x34 src/ASF/common2/services/delay/sam0/systick_counter.o
 .text.delay_init
                0x0001d394       0x58 src/ASF/common2/services/delay/sam0/systick_counter.o
                0x0001d394                delay_init
 .text.delay_cycles_us
                0x0001d3ec       0x30 src/ASF/common2/services/delay/sam0/systick_counter.o
                0x0001d3ec                delay_cycles_us
 .text.delay_cycles_ms
                0x0001d41c       0x30 src/ASF/common2/services/delay/sam0/systick_counter.o
                0x0001d41c                delay_cycles_ms
 .text.system_pinmux_get_config_defaults
                0x0001d44c       0x28 src/ASF/sam0/drivers/port/port.o
 .text.port_pin_set_config
                0x0001d474       0x60 src/ASF/sam0/drivers/port/port.o
                0x0001d474                port_pin_set_config
 .text.system_gclk_gen_get_config_defaults
                0x0001d4d4       0x2e src/ASF/sam0/drivers/system/clock/clock_saml21/clock.o
 .text.system_gclk_chan_get_config_defaults
                0x0001d502       0x16 src/ASF/sam0/drivers/system/clock/clock_saml21/clock.o
 .text.system_clock_source_dfll_get_config_defaults
                0x0001d518       0x58 src/ASF/sam0/drivers/system/clock/clock_saml21/clock.o
 .text.system_main_clock_set_failure_detect
                0x0001d570       0x14 src/ASF/sam0/drivers/system/clock/clock_saml21/clock.o
 .text.system_cpu_clock_set_divider
                0x0001d584       0x28 src/ASF/sam0/drivers/system/clock/clock_saml21/clock.o
 .text.system_low_power_clock_set_divider
                0x0001d5ac       0x28 src/ASF/sam0/drivers/system/clock/clock_saml21/clock.o
 .text.system_backup_clock_set_divider
                0x0001d5d4       0x28 src/ASF/sam0/drivers/system/clock/clock_saml21/clock.o
 .text.system_cpu_clock_get_hz
                0x0001d5fc       0x30 src/ASF/sam0/drivers/system/clock/clock_saml21/clock.o
 .text.system_flash_set_waitstates
                0x0001d62c       0x34 src/ASF/sam0/drivers/system/clock/clock_saml21/clock.o
 .text.system_switch_performance_level
                0x0001d660       0x5c src/ASF/sam0/drivers/system/clock/clock_saml21/clock.o
 .text._system_dfll_wait_for_sync
                0x0001d6bc       0x1c src/ASF/sam0/drivers/system/clock/clock_saml21/clock.o
 .text._system_clock_source_dfll_set_config_errata_9905
                0x0001d6d8       0x50 src/ASF/sam0/drivers/system/clock/clock_saml21/clock.o
 .text.system_clock_source_get_hz
                0x0001d728       0xc0 src/ASF/sam0/drivers/system/clock/clock_saml21/clock.o
                0x0001d728                system_clock_source_get_hz
 .text.system_clock_source_xosc32k_set_config
                0x0001d7e8       0xfc src/ASF/sam0/drivers/system/clock/clock_saml21/clock.o
                0x0001d7e8                system_clock_source_xosc32k_set_config
 .text.system_clock_source_dfll_set_config
                0x0001d8e4       0xd8 src/ASF/sam0/drivers/system/clock/clock_saml21/clock.o
                0x0001d8e4                system_clock_source_dfll_set_config
 .text.system_clock_source_enable
                0x0001d9bc       0xc0 src/ASF/sam0/drivers/system/clock/clock_saml21/clock.o
                0x0001d9bc                system_clock_source_enable
 .text.system_clock_source_disable
                0x0001da7c       0xac src/ASF/sam0/drivers/system/clock/clock_saml21/clock.o
                0x0001da7c                system_clock_source_disable
 .text.system_clock_source_is_ready
                0x0001db28       0xd0 src/ASF/sam0/drivers/system/clock/clock_saml21/clock.o
                0x0001db28                system_clock_source_is_ready
 .text.system_clock_init
                0x0001dbf8      0x24c src/ASF/sam0/drivers/system/clock/clock_saml21/clock.o
                0x0001dbf8                system_clock_init
 .text.system_apb_clock_set_mask
                0x0001de44       0x7c src/ASF/sam0/drivers/system/clock/clock_saml21/gclk.o
 .text.system_interrupt_enter_critical_section
                0x0001dec0       0x14 src/ASF/sam0/drivers/system/clock/clock_saml21/gclk.o
 .text.system_interrupt_leave_critical_section
                0x0001ded4       0x14 src/ASF/sam0/drivers/system/clock/clock_saml21/gclk.o
 .text.system_gclk_is_syncing
                0x0001dee8       0x3c src/ASF/sam0/drivers/system/clock/clock_saml21/gclk.o
 .text.system_gclk_init
                0x0001df24       0x30 src/ASF/sam0/drivers/system/clock/clock_saml21/gclk.o
                0x0001df24                system_gclk_init
 .text.system_gclk_gen_set_config
                0x0001df54      0x110 src/ASF/sam0/drivers/system/clock/clock_saml21/gclk.o
                0x0001df54                system_gclk_gen_set_config