Archive member included to satisfy reference by file (symbol)

c:/program files (x86)/atmel/studio/7.0/toolchain/arm/arm-gnu-toolchain/bin/../lib/gcc/arm-none-eabi/6.3.1/../../../../arm-none-eabi/lib/thumb/v6-m\libm.a(lib_a-w_atan2.o)
                              src/main.o (atan2)
c:/program files (x86)/atmel/studio/7.0/toolchain/arm/arm-gnu-toolchain/bin/../lib/gcc/arm-none-eabi/6.3.1/../../../../arm-none-eabi/lib/thumb/v6-m\libm.a(lib_a-w_sqrt.o)
                              src/main.o (sqrt)
c:/program files (x86)/atmel/studio/7.0/toolchain/arm/arm-gnu-toolchain/bin/../lib/gcc/arm-none-eabi/6.3.1/../../../../arm-none-eabi/lib/thumb/v6-m\libm.a(lib_a-e_atan2.o)
                              c:/program files (x86)/atmel/studio/7.0/toolchain/arm/arm-gnu-toolchain/bin/../lib/gcc/arm-none-eabi/6.3.1/../../../../arm-none-eabi/lib/thumb/v6-m\libm.a(lib_a-w_atan2.o) (__ieee754_atan2)
c:/program files (x86)/atmel/studio/7.0/toolchain/arm/arm-gnu-toolchain/bin/../lib/gcc/arm-none-eabi/6.3.1/../../../../arm-none-eabi/lib/thumb/v6-m\libm.a(lib_a-e_sqrt.o)
                              c:/program files (x86)/atmel/studio/7.0/toolchain/arm/arm-gnu-toolchain/bin/../lib/gcc/arm-none-eabi/6.3.1/../../../../arm-none-eabi/lib/thumb/v6-m\libm.a(lib_a-w_sqrt.o) (__ieee754_sqrt)
c:/program files (x86)/atmel/studio/7.0/toolchain/arm/arm-gnu-toolchain/bin/../lib/gcc/arm-none-eabi/6.3.1/../../../../arm-none-eabi/lib/thumb/v6-m\libm.a(lib_a-s_atan.o)
                              c:/program files (x86)/atmel/studio/7.0/toolchain/arm/arm-gnu-toolchain/bin/../lib/gcc/arm-none-eabi/6.3.1/../../../../arm-none-eabi/lib/thumb/v6-m\libm.a(lib_a-e_atan2.o) (atan)
c:/program files (x86)/atmel/studio/7.0/toolchain/arm/arm-gnu-toolchain/bin/../lib/gcc/arm-none-eabi/6.3.1/../../../../arm-none-eabi/lib/thumb/v6-m\libm.a(lib_a-s_fabs.o)
                              c:/program files (x86)/atmel/studio/7.0/toolchain/arm/arm-gnu-toolchain/bin/../lib/gcc/arm-none-eabi/6.3.1/../../../../arm-none-eabi/lib/thumb/v6-m\libm.a(lib_a-e_atan2.o) (fabs)
c:/program files (x86)/atmel/studio/7.0/toolchain/arm/arm-gnu-toolchain/bin/../lib/gcc/arm-none-eabi/6.3.1/../../../../arm-none-eabi/lib/thumb/v6-m\libm.a(lib_a-s_lib_ver.o)
                              c:/program files (x86)/atmel/studio/7.0/toolchain/arm/arm-gnu-toolchain/bin/../lib/gcc/arm-none-eabi/6.3.1/../../../../arm-none-eabi/lib/thumb/v6-m\libm.a(lib_a-w_sqrt.o) (__fdlib_version)
c:/program files (x86)/atmel/studio/7.0/toolchain/arm/arm-gnu-toolchain/bin/../lib/gcc/arm-none-eabi/6.3.1/../../../../arm-none-eabi/lib/thumb/v6-m\libm.a(lib_a-s_matherr.o)
                              c:/program files (x86)/atmel/studio/7.0/toolchain/arm/arm-gnu-toolchain/bin/../lib/gcc/arm-none-eabi/6.3.1/../../../../arm-none-eabi/lib/thumb/v6-m\libm.a(lib_a-w_sqrt.o) (matherr)
c:/program files (x86)/atmel/studio/7.0/toolchain/arm/arm-gnu-toolchain/bin/../lib/gcc/arm-none-eabi/6.3.1/thumb/v6-m\libgcc.a(_thumb1_case_uqi.o)
                              src/ASF/common2/components/memory/sd_mmc/sd_mmc.o (__gnu_thumb1_case_uqi)
c:/program files (x86)/atmel/studio/7.0/toolchain/arm/arm-gnu-toolchain/bin/../lib/gcc/arm-none-eabi/6.3.1/thumb/v6-m\libgcc.a(_thumb1_case_shi.o)
                              src/ASF/common/services/usb/udc/udc.o (__gnu_thumb1_case_shi)
c:/program files (x86)/atmel/studio/7.0/toolchain/arm/arm-gnu-toolchain/bin/../lib/gcc/arm-none-eabi/6.3.1/thumb/v6-m\libgcc.a(_udivsi3.o)
                              src/ASF/common2/components/memory/sd_mmc/sd_mmc_spi.o (__aeabi_uidiv)
c:/program files (x86)/atmel/studio/7.0/toolchain/arm/arm-gnu-toolchain/bin/../lib/gcc/arm-none-eabi/6.3.1/thumb/v6-m\libgcc.a(_divsi3.o)
                              src/glcd/graphs.o (__aeabi_idiv)
c:/program files (x86)/atmel/studio/7.0/toolchain/arm/arm-gnu-toolchain/bin/../lib/gcc/arm-none-eabi/6.3.1/thumb/v6-m\libgcc.a(_dvmd_tls.o)
                              c:/program files (x86)/atmel/studio/7.0/toolchain/arm/arm-gnu-toolchain/bin/../lib/gcc/arm-none-eabi/6.3.1/thumb/v6-m\libgcc.a(_udivsi3.o) (__aeabi_idiv0)
c:/program files (x86)/atmel/studio/7.0/toolchain/arm/arm-gnu-toolchain/bin/../lib/gcc/arm-none-eabi/6.3.1/thumb/v6-m\libgcc.a(_ashldi3.o)
                              src/ASF/sam0/drivers/sercom/sercom.o (__aeabi_llsl)
c:/program files (x86)/atmel/studio/7.0/toolchain/arm/arm-gnu-toolchain/bin/../lib/gcc/arm-none-eabi/6.3.1/thumb/v6-m\libgcc.a(_arm_cmpdf2.o)
                              c:/program files (x86)/atmel/studio/7.0/toolchain/arm/arm-gnu-toolchain/bin/../lib/gcc/arm-none-eabi/6.3.1/../../../../arm-none-eabi/lib/thumb/v6-m\libm.a(lib_a-w_sqrt.o) (__aeabi_dcmplt)
c:/program files (x86)/atmel/studio/7.0/toolchain/arm/arm-gnu-toolchain/bin/../lib/gcc/arm-none-eabi/6.3.1/thumb/v6-m\libgcc.a(_arm_cmpsf2.o)
                              src/main.o (__aeabi_fcmplt)
c:/program files (x86)/atmel/studio/7.0/toolchain/arm/arm-gnu-toolchain/bin/../lib/gcc/arm-none-eabi/6.3.1/thumb/v6-m\libgcc.a(_clzsi2.o)
[...]
Memory Configuration

Name             Origin             Length             Attributes
rom              0x00000000         0x00040000         xr
ram              0x20000000         0x00008000         xrw
lpram            0x30000000         0x00002000         xrw
*default*        0x00000000         0xffffffff

Linker script and memory map

LOAD c:/program files (x86)/atmel/studio/7.0/toolchain/arm/arm-gnu-toolchain/bin/../lib/gcc/arm-none-eabi/6.3.1/thumb/v6-m/crti.o
LOAD c:/program files (x86)/atmel/studio/7.0/toolchain/arm/arm-gnu-toolchain/bin/../lib/gcc/arm-none-eabi/6.3.1/thumb/v6-m/crtbegin.o
LOAD c:/program files (x86)/atmel/studio/7.0/toolchain/arm/arm-gnu-toolchain/bin/../lib/gcc/arm-none-eabi/6.3.1/../../../../arm-none-eabi/lib/thumb/v6-m/crt0.o
LOAD src/ASF/common2/boards/user_board/init.o
LOAD src/ASF/common2/components/memory/sd_mmc/sd_mmc.o
LOAD src/ASF/common2/components/memory/sd_mmc/sd_mmc_spi.o
LOAD src/ASF/common/services/sleepmgr/saml/sleepmgr.o
LOAD src/ASF/common/services/storage/ctrl_access/ctrl_access.o
LOAD src/ASF/common/services/usb/class/cdc/device/udi_cdc.o
LOAD src/ASF/common/services/usb/class/cdc/device/udi_cdc_desc.o
LOAD src/ASF/common/services/usb/udc/udc.o
LOAD src/ASF/common/utils/interrupt/interrupt_sam_nvic.o
LOAD src/ASF/sam0/drivers/extint/extint_callback.o
LOAD src/ASF/sam0/drivers/extint/extint_sam_l_c/extint.o
LOAD src/ASF/sam0/drivers/rtc/rtc_sam_l_c/rtc_count.o
LOAD src/ASF/sam0/drivers/rtc/rtc_sam_l_c/rtc_count_interrupt.o
LOAD src/ASF/sam0/drivers/sercom/i2c/i2c_sam0/i2c_master.o
LOAD src/ASF/sam0/drivers/sercom/i2c/i2c_sam0/i2c_master_interrupt.o
LOAD src/ASF/sam0/drivers/sercom/sercom_interrupt.o
LOAD src/ASF/sam0/drivers/sercom/spi/spi_interrupt.o
LOAD src/ASF/sam0/drivers/sercom/usart/usart_interrupt.o
LOAD src/ASF/sam0/drivers/tc/tc_interrupt.o
LOAD src/ASF/sam0/drivers/tc/tc_sam_l_c/tc.o
LOAD src/ASF/sam0/drivers/usb/stack_interface/usb_device_udd.o
LOAD src/ASF/sam0/drivers/usb/stack_interface/usb_dual.o
LOAD src/ASF/sam0/drivers/usb/usb_sam_l/usb.o
LOAD src/ASF/sam0/utils/cmsis/saml21/source/gcc/startup_saml21.o
LOAD src/ASF/sam0/utils/cmsis/saml21/source/system_saml21.o
LOAD src/ASF/sam0/utils/syscalls/gcc/syscalls.o
LOAD src/comms/comms.o
LOAD src/comms/sd_mmc_mem.o
LOAD src/extern_clock/extern_clock.o
LOAD src/FatFS_R13C/diskio.o
LOAD src/FatFS_R13C/fattime_rtc.o
LOAD src/FatFS_R13C/ff.o
LOAD src/FatFS_R13C/ffsystem.o
LOAD src/FatFS_R13C/ffunicode.o
LOAD src/glcd/ATSAML21.o
LOAD src/glcd/glcd.o
LOAD src/glcd/graphics.o
LOAD src/glcd/graphs.o
LOAD src/glcd/ST7565R.o
LOAD src/glcd/text.o
LOAD src/glcd/text_tiny.o
LOAD src/glcd/unit_tests.o
LOAD src/ASF/sam0/drivers/sercom/usart/usart.o
LOAD src/ASF/sam0/drivers/sercom/spi/spi.o
LOAD src/ASF/sam0/drivers/sercom/sercom.o
LOAD src/ASF/common2/services/delay/sam0/systick_counter.o
LOAD src/ASF/sam0/drivers/port/port.o
LOAD src/ASF/sam0/drivers/system/clock/clock_saml21/clock.o
LOAD src/ASF/sam0/drivers/system/clock/clock_saml21/gclk.o
LOAD src/ASF/sam0/drivers/system/interrupt/system_interrupt.o
LOAD src/ASF/sam0/drivers/system/pinmux/pinmux.o
LOAD src/ASF/sam0/drivers/system/system.o
LOAD src/main.o
START GROUP
LOAD ../src/ASF/thirdparty/CMSIS/Lib/GCC\libarm_cortexM0l_math.a
LOAD c:/program files (x86)/atmel/studio/7.0/toolchain/arm/arm-gnu-toolchain/bin/../lib/gcc/arm-none-eabi/6.3.1/../../../../arm-none-eabi/lib/thumb/v6-m\libm.a
END GROUP
START GROUP
LOAD c:/program files (x86)/atmel/studio/7.0/toolchain/arm/arm-gnu-toolchain/bin/../lib/gcc/arm-none-eabi/6.3.1/thumb/v6-m\libgcc.a
LOAD c:/program files (x86)/atmel/studio/7.0/toolchain/arm/arm-gnu-toolchain/bin/../lib/gcc/arm-none-eabi/6.3.1/../../../../arm-none-eabi/lib/thumb/v6-m\libc_nano.a
END GROUP
START GROUP
LOAD c:/program files (x86)/atmel/studio/7.0/toolchain/arm/arm-gnu-toolchain/bin/../lib/gcc/arm-none-eabi/6.3.1/thumb/v6-m\libgcc.a
LOAD c:/program files (x86)/atmel/studio/7.0/toolchain/arm/arm-gnu-toolchain/bin/../lib/gcc/arm-none-eabi/6.3.1/../../../../arm-none-eabi/lib/thumb/v6-m\libc_nano.a
END GROUP
LOAD c:/program files (x86)/atmel/studio/7.0/toolchain/arm/arm-gnu-toolchain/bin/../lib/gcc/arm-none-eabi/6.3.1/thumb/v6-m/crtend.o
LOAD c:/program files (x86)/atmel/studio/7.0/toolchain/arm/arm-gnu-toolchain/bin/../lib/gcc/arm-none-eabi/6.3.1/thumb/v6-m/crtn.o
                0x00002000                STACK_SIZE = DEFINED (STACK_SIZE)?STACK_SIZE:DEFINED (__stack_size__)?__stack_size__:0x2000

.text           0x00000000     0xd9c4
                0x00000000                . = ALIGN (0x4)
                0x00000000                _sfixed = .
 *(.vectors .vectors.*)
 .vectors       0x00000000       0xb4 src/ASF/sam0/utils/cmsis/saml21/source/gcc/startup_saml21.o
                0x00000000                exception_table
 *(.text .text.* .gnu.linkonce.t.*)
 .text          0x000000b4       0x60 c:/program files (x86)/atmel/studio/7.0/toolchain/arm/arm-gnu-toolchain/bin/../lib/gcc/arm-none-eabi/6.3.1/thumb/v6-m/crtbegin.o
 .text.system_board_init
                0x00000114        0x2 src/ASF/common2/boards/user_board/init.o
                0x00000114                board_init
                0x00000114                system_board_init
 .text.SDMMC_UNSTUFF_BITS
                0x00000116       0x46 src/ASF/common2/components/memory/sd_mmc/sd_mmc.o
 .text.sd_mmc_configure_slot
                0x0000015c       0x28 src/ASF/common2/components/memory/sd_mmc/sd_mmc.o
 .text.sd_mmc_cmd13
                0x00000184       0x38 src/ASF/common2/components/memory/sd_mmc/sd_mmc.o
 .text.sd_mmc_deselect_slot
                0x000001bc       0x18 src/ASF/common2/components/memory/sd_mmc/sd_mmc.o
 .text.sd_mmc_select_slot
                0x000001d4       0x50 src/ASF/common2/components/memory/sd_mmc/sd_mmc.o
 .text.sd_mmc_cmd9_spi
                0x00000224       0x48 src/ASF/common2/components/memory/sd_mmc/sd_mmc.o
 .text.sd_mmc_init
                0x0000026c       0x20 src/ASF/common2/components/memory/sd_mmc/sd_mmc.o
                0x0000026c                sd_mmc_init
 .text.sd_mmc_check
                0x0000028c      0x448 src/ASF/common2/components/memory/sd_mmc/sd_mmc.o
                0x0000028c                sd_mmc_check
 .text.sd_mmc_get_type
                0x000006d4       0x28 src/ASF/common2/components/memory/sd_mmc/sd_mmc.o
                0x000006d4                sd_mmc_get_type
 .text.sd_mmc_get_capacity
                0x000006fc       0x28 src/ASF/common2/components/memory/sd_mmc/sd_mmc.o
                0x000006fc                sd_mmc_get_capacity
 .text.sd_mmc_is_write_protected
                0x00000724        0x4 src/ASF/common2/components/memory/sd_mmc/sd_mmc.o
                0x00000724                sd_mmc_is_write_protected
 .text.sd_mmc_init_read_blocks
                0x00000728       0x78 src/ASF/common2/components/memory/sd_mmc/sd_mmc.o
                0x00000728                sd_mmc_init_read_blocks
 .text.sd_mmc_start_read_blocks
                0x000007a0       0x28 src/ASF/common2/components/memory/sd_mmc/sd_mmc.o
                0x000007a0                sd_mmc_start_read_blocks
 .text.sd_mmc_wait_end_of_read_blocks
                0x000007c8       0x60 src/ASF/common2/components/memory/sd_mmc/sd_mmc.o
                0x000007c8                sd_mmc_wait_end_of_read_blocks
 .text.sd_mmc_init_write_blocks
                0x00000828       0x6c src/ASF/common2/components/memory/sd_mmc/sd_mmc.o
                0x00000828                sd_mmc_init_write_blocks
 .text.sd_mmc_start_write_blocks
                0x00000894       0x28 src/ASF/common2/components/memory/sd_mmc/sd_mmc.o
                0x00000894                sd_mmc_start_write_blocks
 .text.sd_mmc_wait_end_of_write_blocks
                0x000008bc       0x38 src/ASF/common2/components/memory/sd_mmc/sd_mmc.o
                0x000008bc                sd_mmc_wait_end_of_write_blocks
 .text.sd_mmc_spi_start_write_block
                0x000008f4       0x3c src/ASF/common2/components/memory/sd_mmc/sd_mmc_spi.o
 .text.sd_mmc_spi_wait_busy
                0x00000930       0x50 src/ASF/common2/components/memory/sd_mmc/sd_mmc_spi.o
 .text.sd_mmc_spi_start_read_block
                0x00000980       0x60 src/ASF/common2/components/memory/sd_mmc/sd_mmc_spi.o
 .text.sd_mmc_spi_stop_write_block
                0x000009e0       0x64 src/ASF/common2/components/memory/sd_mmc/sd_mmc_spi.o
 .text.sd_mmc_spi_stop_multiwrite_block
                0x00000a44       0x70 src/ASF/common2/components/memory/sd_mmc/sd_mmc_spi.o
 .text.sd_mmc_spi_init
                0x00000ab4       0xf4 src/ASF/common2/components/memory/sd_mmc/sd_mmc_spi.o
                0x00000ab4                sd_mmc_spi_init
 .text.sd_mmc_spi_select_device
                0x00000ba8       0x54 src/ASF/common2/components/memory/sd_mmc/sd_mmc_spi.o
                0x00000ba8                sd_mmc_spi_select_device
 .text.sd_mmc_spi_deselect_device
                0x00000bfc       0x28 src/ASF/common2/components/memory/sd_mmc/sd_mmc_spi.o
                0x00000bfc                sd_mmc_spi_deselect_device
 .text.sd_mmc_spi_send_clock
                0x00000c24       0x34 src/ASF/common2/components/memory/sd_mmc/sd_mmc_spi.o
                0x00000c24                sd_mmc_spi_send_clock
 .text.sd_mmc_spi_adtc_start
                0x00000c58      0x15c src/ASF/common2/components/memory/sd_mmc/sd_mmc_spi.o
                0x00000c58                sd_mmc_spi_adtc_start
 .text.sd_mmc_spi_send_cmd
                0x00000db4       0x14 src/ASF/common2/components/memory/sd_mmc/sd_mmc_spi.o
                0x00000db4                sd_mmc_spi_send_cmd
 .text.sd_mmc_spi_get_response
                0x00000dc8        0xc src/ASF/common2/components/memory/sd_mmc/sd_mmc_spi.o
                0x00000dc8                sd_mmc_spi_get_response
 .text.sd_mmc_spi_read_word
                0x00000dd4       0x70 src/ASF/common2/components/memory/sd_mmc/sd_mmc_spi.o
                0x00000dd4                sd_mmc_spi_read_word
 .text.sd_mmc_spi_start_read_blocks
                0x00000e44       0x68 src/ASF/common2/components/memory/sd_mmc/sd_mmc_spi.o
                0x00000e44                sd_mmc_spi_start_read_blocks
 .text.sd_mmc_spi_wait_end_of_read_blocks
                0x00000eac        0x4 src/ASF/common2/components/memory/sd_mmc/sd_mmc_spi.o
                0x00000eac                sd_mmc_spi_wait_end_of_read_blocks
 .text.sd_mmc_spi_start_write_blocks
                0x00000eb0       0x74 src/ASF/common2/components/memory/sd_mmc/sd_mmc_spi.o
                0x00000eb0                sd_mmc_spi_start_write_blocks
 .text.sd_mmc_spi_wait_end_of_write_blocks
                0x00000f24       0x24 src/ASF/common2/components/memory/sd_mmc/sd_mmc_spi.o
                0x00000f24                sd_mmc_spi_wait_end_of_write_blocks
 .text.mem_test_unit_ready
                0x00000f48       0x18 src/ASF/common/services/storage/ctrl_access/ctrl_access.o
                0x00000f48                mem_test_unit_ready
 .text.mem_read_capacity
                0x00000f60       0x1c src/ASF/common/services/storage/ctrl_access/ctrl_access.o
                0x00000f60                mem_read_capacity
 .text.mem_sector_size
                0x00000f7c        0xc src/ASF/common/services/storage/ctrl_access/ctrl_access.o
                0x00000f7c                mem_sector_size
 .text.mem_wr_protect
                0x00000f88       0x1c src/ASF/common/services/storage/ctrl_access/ctrl_access.o
                0x00000f88                mem_wr_protect
 .text.memory_2_ram
                0x00000fa4       0x20 src/ASF/common/services/storage/ctrl_access/ctrl_access.o
                0x00000fa4                memory_2_ram
 .text.ram_2_memory
                0x00000fc4       0x20 src/ASF/common/services/storage/ctrl_access/ctrl_access.o
                0x00000fc4                ram_2_memory
 .text.cpu_irq_enter_critical
                0x00000fe4       0x34 src/ASF/common/utils/interrupt/interrupt_sam_nvic.o
                0x00000fe4                cpu_irq_enter_critical
 .text.cpu_irq_leave_critical
                0x00001018       0x30 src/ASF/common/utils/interrupt/interrupt_sam_nvic.o
                0x00001018                cpu_irq_leave_critical
 .text.extint_register_callback
                0x00001048       0x28 src/ASF/sam0/drivers/extint/extint_callback.o
                0x00001048                extint_register_callback
 .text.extint_chan_enable_callback
                0x00001070       0x20 src/ASF/sam0/drivers/extint/extint_callback.o
                0x00001070                extint_chan_enable_callback
 .text.EIC_Handler
                0x00001090       0x40 src/ASF/sam0/drivers/extint/extint_callback.o
                0x00001090                EIC_Handler
 .text.extint_is_syncing
                0x000010d0       0x18 src/ASF/sam0/drivers/extint/extint_sam_l_c/extint.o
 .text._extint_enable
                0x000010e8       0x20 src/ASF/sam0/drivers/extint/extint_sam_l_c/extint.o
 .text._extint_disable
                0x00001108       0x20 src/ASF/sam0/drivers/extint/extint_sam_l_c/extint.o
 .text._system_extint_init
                0x00001128       0x58 src/ASF/sam0/drivers/extint/extint_sam_l_c/extint.o
                0x00001128                _system_extint_init
 .text.extint_chan_get_config_defaults
                0x00001180       0x14 src/ASF/sam0/drivers/extint/extint_sam_l_c/extint.o
                0x00001180                extint_chan_get_config_defaults
 .text.extint_chan_set_config
                0x00001194       0x84 src/ASF/sam0/drivers/extint/extint_sam_l_c/extint.o
                0x00001194                extint_chan_set_config
 .text.RTC_Handler
                0x00001218       0x90 src/ASF/sam0/drivers/rtc/rtc_sam_l_c/rtc_count_interrupt.o
                0x00001218                RTC_Handler
 .text._i2c_master_wait_for_sync
                0x000012a8        0xc src/ASF/sam0/drivers/sercom/i2c/i2c_sam0/i2c_master.o
 .text.i2c_master_init
                0x000012b4      0x2e8 src/ASF/sam0/drivers/sercom/i2c/i2c_sam0/i2c_master.o
                0x000012b4                i2c_master_init
 .text._i2c_master_address_response
                0x0000159c       0x2c src/ASF/sam0/drivers/sercom/i2c/i2c_sam0/i2c_master.o
                0x0000159c                _i2c_master_address_response
 .text._i2c_master_wait_for_bus
                0x000015c8       0x28 src/ASF/sam0/drivers/sercom/i2c/i2c_sam0/i2c_master.o
                0x000015c8                _i2c_master_wait_for_bus
 .text._i2c_master_send_hs_master_code
                0x000015f0       0x20 src/ASF/sam0/drivers/sercom/i2c/i2c_sam0/i2c_master.o
                0x000015f0                _i2c_master_send_hs_master_code
 .text._i2c_master_read_packet
                0x00001610      0x154 src/ASF/sam0/drivers/sercom/i2c/i2c_sam0/i2c_master.o
 .text._i2c_master_write_packet
                0x00001764       0xc8 src/ASF/sam0/drivers/sercom/i2c/i2c_sam0/i2c_master.o
 .text.i2c_master_read_packet_wait
                0x0000182c       0x20 src/ASF/sam0/drivers/sercom/i2c/i2c_sam0/i2c_master.o
                0x0000182c                i2c_master_read_packet_wait
 .text.i2c_master_write_packet_wait
                0x0000184c       0x20 src/ASF/sam0/drivers/sercom/i2c/i2c_sam0/i2c_master.o
                0x0000184c                i2c_master_write_packet_wait
 .text._i2c_master_wait_for_sync
                0x0000186c        0xc src/ASF/sam0/drivers/sercom/i2c/i2c_sam0/i2c_master_interrupt.o
 .text._i2c_master_read
                0x00001878       0x70 src/ASF/sam0/drivers/sercom/i2c/i2c_sam0/i2c_master_interrupt.o
 .text._i2c_master_write
                0x000018e8       0x3c src/ASF/sam0/drivers/sercom/i2c/i2c_sam0/i2c_master_interrupt.o
 .text._i2c_master_interrupt_handler
                0x00001924      0x18c src/ASF/sam0/drivers/sercom/i2c/i2c_sam0/i2c_master_interrupt.o
                0x00001924                _i2c_master_interrupt_handler
 .text._sercom_default_handler
                0x00001ab0        0x2 src/ASF/sam0/drivers/sercom/sercom_interrupt.o
 *fill*         0x00001ab2        0x2 
 .text._sercom_set_handler
                0x00001ab4       0x38 src/ASF/sam0/drivers/sercom/sercom_interrupt.o
                0x00001ab4                _sercom_set_handler
 .text._sercom_get_interrupt_vector
                0x00001aec       0x2c src/ASF/sam0/drivers/sercom/sercom_interrupt.o
                0x00001aec                _sercom_get_interrupt_vector
 .text.SERCOM0_Handler
                0x00001b18       0x10 src/ASF/sam0/drivers/sercom/sercom_interrupt.o
                0x00001b18                SERCOM0_Handler
 .text.SERCOM1_Handler
                0x00001b28       0x10 src/ASF/sam0/drivers/sercom/sercom_interrupt.o
                0x00001b28                SERCOM1_Handler
 .text.SERCOM2_Handler
                0x00001b38       0x10 src/ASF/sam0/drivers/sercom/sercom_interrupt.o
                0x00001b38                SERCOM2_Handler
 .text.SERCOM3_Handler
                0x00001b48       0x10 src/ASF/sam0/drivers/sercom/sercom_interrupt.o
                0x00001b48                SERCOM3_Handler
 .text.SERCOM4_Handler
                0x00001b58       0x10 src/ASF/sam0/drivers/sercom/sercom_interrupt.o
                0x00001b58                SERCOM4_Handler
 .text.SERCOM5_Handler
                0x00001b68       0x10 src/ASF/sam0/drivers/sercom/sercom_interrupt.o
                0x00001b68                SERCOM5_Handler
 .text._spi_interrupt_handler
                0x00001b78      0x1fc src/ASF/sam0/drivers/sercom/spi/spi_interrupt.o
                0x00001b78                _spi_interrupt_handler
 .text._usart_write_buffer
                0x00001d74       0x40 src/ASF/sam0/drivers/sercom/usart/usart_interrupt.o
                0x00001d74                _usart_write_buffer
 .text._usart_read_buffer
                0x00001db4       0x50 src/ASF/sam0/drivers/sercom/usart/usart_interrupt.o
                0x00001db4                _usart_read_buffer
 .text.usart_register_callback
                0x00001e04       0x18 src/ASF/sam0/drivers/sercom/usart/usart_interrupt.o
                0x00001e04                usart_register_callback
 .text.usart_read_job
                0x00001e1c       0x10 src/ASF/sam0/drivers/sercom/usart/usart_interrupt.o
                0x00001e1c                usart_read_job
 .text.usart_write_buffer_job
                0x00001e2c       0x20 src/ASF/sam0/drivers/sercom/usart/usart_interrupt.o
                0x00001e2c                usart_write_buffer_job
 .text.usart_abort_job
                0x00001e4c       0x1e src/ASF/sam0/drivers/sercom/usart/usart_interrupt.o
                0x00001e4c                usart_abort_job
 *fill*         0x00001e6a        0x2 
 .text._usart_interrupt_handler
                0x00001e6c      0x168 src/ASF/sam0/drivers/sercom/usart/usart_interrupt.o
                0x00001e6c                _usart_interrupt_handler
 .text.tc_register_callback
                0x00001fd4       0x26 src/ASF/sam0/drivers/tc/tc_interrupt.o
                0x00001fd4                tc_register_callback
 *fill*         0x00001ffa        0x2 
 .text._tc_interrupt_handler
                0x00001ffc       0x5c src/ASF/sam0/drivers/tc/tc_interrupt.o
                0x00001ffc                _tc_interrupt_handler
 .text.TC0_Handler
                0x00002058       0x10 src/ASF/sam0/drivers/tc/tc_interrupt.o
                0x00002058                TC0_Handler
 .text.TC1_Handler
                0x00002068       0x10 src/ASF/sam0/drivers/tc/tc_interrupt.o
                0x00002068                TC1_Handler
 .text.TC4_Handler
                0x00002078       0x10 src/ASF/sam0/drivers/tc/tc_interrupt.o
                0x00002078                TC4_Handler
 .text.system_apb_clock_set_mask
                0x00002088       0x44 src/ASF/sam0/drivers/tc/tc_sam_l_c/tc.o
 .text._tc_get_inst_index
                0x000020cc       0x38 src/ASF/sam0/drivers/tc/tc_sam_l_c/tc.o
                0x000020cc                _tc_get_inst_index
 .text.tc_init  0x00002104      0x268 src/ASF/sam0/drivers/tc/tc_sam_l_c/tc.o
                0x00002104                tc_init
 .text.tc_set_count_value
                0x0000236c       0x2c src/ASF/sam0/drivers/tc/tc_sam_l_c/tc.o
                0x0000236c                tc_set_count_value
 .text.tc_get_count_value
                0x00002398       0x3e src/ASF/sam0/drivers/tc/tc_sam_l_c/tc.o
                0x00002398                tc_get_count_value
 *fill*         0x000023d6        0x2 
 .text.USB_Handler
                0x000023d8      0x4c8 src/ASF/sam0/drivers/usb/usb_sam_l/usb.o
                0x000023d8                USB_Handler
 .text.Dummy_Handler
                0x000028a0        0x2 src/ASF/sam0/utils/cmsis/saml21/source/gcc/startup_saml21.o
                0x000028a0                DMAC_Handler
                0x000028a0                TRNG_Handler
                0x000028a0                HardFault_Handler
                0x000028a0                AC_Handler
                0x000028a0                SysTick_Handler
                0x000028a0                PendSV_Handler
                0x000028a0                NMI_Handler
                0x000028a0                ADC_Handler
                0x000028a0                TCC1_Handler
                0x000028a0                TCC0_Handler
                0x000028a0                WDT_Handler
                0x000028a0                Dummy_Handler
                0x000028a0                SVC_Handler
                0x000028a0                TCC2_Handler
                0x000028a0                EVSYS_Handler
                0x000028a0                NVMCTRL_Handler
                0x000028a0                SYSTEM_Handler
                0x000028a0                DAC_Handler
                0x000028a0                PTC_Handler
                0x000028a0                AES_Handler
 *fill*         0x000028a2        0x2 
 .text.Reset_Handler
                0x000028a4       0x70 src/ASF/sam0/utils/cmsis/saml21/source/gcc/startup_saml21.o
                0x000028a4                Reset_Handler
 .text._sbrk    0x00002914       0x20 src/ASF/sam0/utils/syscalls/gcc/syscalls.o
                0x00002914                _sbrk
 .text.usart_write_callback
                0x00002934        0xc src/comms/comms.o
                0x00002934                usart_write_callback
 .text.usart_read_callback
                0x00002940       0x40 src/comms/comms.o
                0x00002940                usart_read_callback
 .text._usart_wait_for_sync.constprop.5
                0x00002980       0x10 src/comms/comms.o
 .text.spi_disable.constprop.8
                0x00002990       0x3c src/comms/comms.o
 .text.spi_attach_slave
                0x000029cc       0x48 src/comms/comms.o
 .text.spi_enable.constprop.9
                0x00002a14       0x38 src/comms/comms.o
 .text.disable_comms
                0x00002a4c       0x6c src/comms/comms.o
                0x00002a4c                disable_comms
 .text.setup_spi
                0x00002ab8       0xe8 src/comms/comms.o
                0x00002ab8                setup_spi
 .text.config_spi
                0x00002ba0       0x28 src/comms/comms.o
                0x00002ba0                config_spi
 .text.spi_clear
                0x00002bc8       0x30 src/comms/comms.o
                0x00002bc8                spi_clear
 .text.configure_usart
                0x00002bf8       0xc0 src/comms/comms.o
                0x00002bf8                configure_usart
 .text.configure_usart_callbacks
                0x00002cb8       0x34 src/comms/comms.o
                0x00002cb8                configure_usart_callbacks
 .text.clear_rx_buffer
                0x00002cec       0x50 src/comms/comms.o
                0x00002cec                clear_rx_buffer
 .text.configure_i2c_master
                0x00002d3c       0xb4 src/comms/comms.o
                0x00002d3c                configure_i2c_master
 .text.i2c_read_write
                0x00002df0       0x90 src/comms/comms.o
                0x00002df0                i2c_read_write
 .text.max17055_reg_read_write
                0x00002e80       0x3c src/comms/comms.o
                0x00002e80                max17055_reg_read_write
 .text.sd_mmc_test_unit_ready
                0x00002ebc       0x48 src/comms/sd_mmc_mem.o
                0x00002ebc                sd_mmc_test_unit_ready
 .text.sd_mmc_test_unit_ready_0
                0x00002f04       0x10 src/comms/sd_mmc_mem.o
                0x00002f04                sd_mmc_test_unit_ready_0
 .text.sd_mmc_test_unit_ready_1
                0x00002f14       0x10 src/comms/sd_mmc_mem.o
                0x00002f14                sd_mmc_test_unit_ready_1
 .text.sd_mmc_read_capacity
                0x00002f24       0x20 src/comms/sd_mmc_mem.o
                0x00002f24                sd_mmc_read_capacity
 .text.sd_mmc_read_capacity_0
                0x00002f44       0x10 src/comms/sd_mmc_mem.o
                0x00002f44                sd_mmc_read_capacity_0
 .text.sd_mmc_read_capacity_1
                0x00002f54       0x10 src/comms/sd_mmc_mem.o
                0x00002f54                sd_mmc_read_capacity_1
 .text.sd_mmc_unload_0
                0x00002f64        0xc src/comms/sd_mmc_mem.o
                0x00002f64                sd_mmc_unload_0
 .text.sd_mmc_unload_1
                0x00002f70        0xc src/comms/sd_mmc_mem.o
                0x00002f70                sd_mmc_unload_1
 .text.sd_mmc_wr_protect_0
                0x00002f7c       0x10 src/comms/sd_mmc_mem.o
                0x00002f7c                sd_mmc_wr_protect_0
 .text.sd_mmc_wr_protect_1
                0x00002f8c       0x10 src/comms/sd_mmc_mem.o
                0x00002f8c                sd_mmc_wr_protect_1
 .text.sd_mmc_removal_0
                0x00002f9c        0x4 src/comms/sd_mmc_mem.o
                0x00002f9c                sd_mmc_removal_0
 .text.sd_mmc_removal_1
                0x00002fa0        0x4 src/comms/sd_mmc_mem.o
                0x00002fa0                sd_mmc_removal_1
 .text.sd_mmc_mem_2_ram
                0x00002fa4       0x40 src/comms/sd_mmc_mem.o
                0x00002fa4                sd_mmc_mem_2_ram
 .text.sd_mmc_mem_2_ram_0
                0x00002fe4       0x14 src/comms/sd_mmc_mem.o
                0x00002fe4                sd_mmc_mem_2_ram_0
 .text.sd_mmc_mem_2_ram_1
                0x00002ff8       0x14 src/comms/sd_mmc_mem.o
                0x00002ff8                sd_mmc_mem_2_ram_1
 .text.sd_mmc_ram_2_mem
                0x0000300c       0x40 src/comms/sd_mmc_mem.o
                0x0000300c                sd_mmc_ram_2_mem
 .text.sd_mmc_ram_2_mem_0
                0x0000304c       0x14 src/comms/sd_mmc_mem.o
                0x0000304c                sd_mmc_ram_2_mem_0
 .text.sd_mmc_ram_2_mem_1
                0x00003060       0x14 src/comms/sd_mmc_mem.o
                0x00003060                sd_mmc_ram_2_mem_1
 .text.bcd_adj  0x00003074       0x1e src/extern_clock/extern_clock.o
                0x00003074                bcd_adj
 *fill*         0x00003092        0x2 
 .text.get_time
                0x00003094       0x9c src/extern_clock/extern_clock.o
                0x00003094                get_time
 .text.set_time
                0x00003130       0x40 src/extern_clock/extern_clock.o
                0x00003130                set_time
 .text.ext_osc_onoff
                0x00003170       0x28 src/extern_clock/extern_clock.o
                0x00003170                ext_osc_onoff
 .text.bcd2dec  0x00003198       0x10 src/extern_clock/extern_clock.o
                0x00003198                bcd2dec
 .text.gen_posix_time
                0x000031a8       0x9c src/extern_clock/extern_clock.o
                0x000031a8                gen_posix_time
 .text.disk_initialize
                0x00003244       0x34 src/FatFS_R13C/diskio.o
                0x00003244                disk_initialize
 .text.disk_status
                0x00003278       0x1c src/FatFS_R13C/diskio.o
                0x00003278                disk_status
 .text.disk_readp
                0x00003294       0x70 src/FatFS_R13C/diskio.o
                0x00003294                disk_readp
 .text.disk_writep
                0x00003304       0x70 src/FatFS_R13C/diskio.o
                0x00003304                disk_writep
 .text.disk_ioctl
                0x00003374       0x68 src/FatFS_R13C/diskio.o
                0x00003374                disk_ioctl
 .text.get_fattime
                0x000033dc       0x44 src/FatFS_R13C/fattime_rtc.o
                0x000033dc                get_fattime
 .text.ld_dword
                0x00003420       0x16 src/FatFS_R13C/ff.o
 .text.st_dword
                0x00003436       0x10 src/FatFS_R13C/ff.o
 .text.mem_cmp  0x00003446       0x1a src/FatFS_R13C/ff.o
 .text.clst2sect
                0x00003460       0x18 src/FatFS_R13C/ff.o
 .text.sum_sfn  0x00003478       0x1c src/FatFS_R13C/ff.o
 .text.get_ldnumber
                0x00003494       0x30 src/FatFS_R13C/ff.o
 .text.validate
                0x000034c4       0x3c src/FatFS_R13C/ff.o
 .text.mem_cpy.part.0
                0x00003500       0x10 src/FatFS_R13C/ff.o
 .text.ld_clust.isra.3
                0x00003510       0x1e src/FatFS_R13C/ff.o
 .text.st_clust.isra.4
                0x0000352e       0x16 src/FatFS_R13C/ff.o
 .text.sync_window.part.5
                0x00003544       0x44 src/FatFS_R13C/ff.o
 .text.dir_clear
                0x00003588       0x78 src/FatFS_R13C/ff.o
 .text.move_window
                0x00003600       0x48 src/FatFS_R13C/ff.o
 .text.check_fs
                0x00003648       0x84 src/FatFS_R13C/ff.o
 .text.find_volume
                0x000036cc      0x2f8 src/FatFS_R13C/ff.o
 .text.put_fat  0x000039c4      0x114 src/FatFS_R13C/ff.o
 .text.get_fat.isra.9
                0x00003ad8       0xc8 src/FatFS_R13C/ff.o
 .text.dir_sdi  0x00003ba0       0x9c src/FatFS_R13C/ff.o
 .text.create_chain
                0x00003c3c       0xf4 src/FatFS_R13C/ff.o
 .text.remove_chain
                0x00003d30       0x7c src/FatFS_R13C/ff.o
 .text.dir_next
                0x00003dac       0xc0 src/FatFS_R13C/ff.o
 .text.dir_find
                0x00003e6c      0x180 src/FatFS_R13C/ff.o
 .text.follow_path
                0x00003fec      0x2f4 src/FatFS_R13C/ff.o
 .text.sync_fs  0x000042e0       0xcc src/FatFS_R13C/ff.o
 .text.dir_register
                0x000043ac      0x278 src/FatFS_R13C/ff.o
 .text.f_mount  0x00004624       0x54 src/FatFS_R13C/ff.o
                0x00004624                f_mount
 .text.f_open   0x00004678      0x204 src/FatFS_R13C/ff.o
                0x00004678                f_open
 .text.f_write  0x0000487c      0x1ac src/FatFS_R13C/ff.o
                0x0000487c                f_write
 .text.f_sync   0x00004a28       0xb0 src/FatFS_R13C/ff.o
                0x00004a28                f_sync
 .text.f_close  0x00004ad8       0x24 src/FatFS_R13C/ff.o
                0x00004ad8                f_close
 .text.f_lseek  0x00004afc      0x160 src/FatFS_R13C/ff.o
                0x00004afc                f_lseek
 .text.ff_uni2oem
                0x00004c5c       0x40 src/FatFS_R13C/ffunicode.o
                0x00004c5c                ff_uni2oem
 .text.ff_oem2uni
                0x00004c9c       0x28 src/FatFS_R13C/ffunicode.o
                0x00004c9c                ff_oem2uni
 .text.ff_wtoupper
                0x00004cc4       0x98 src/FatFS_R13C/ffunicode.o
                0x00004cc4                ff_wtoupper
 .text.glcd_spi_write
                0x00004d5c       0x38 src/glcd/ATSAML21.o
                0x00004d5c                glcd_spi_write
 .text.glcd_reset
                0x00004d94       0x28 src/glcd/ATSAML21.o
                0x00004d94                glcd_reset
 .text.glcd_init
                0x00004dbc       0x60 src/glcd/ATSAML21.o
                0x00004dbc                glcd_init
 .text.glcd_update_bbox
                0x00004e1c       0x58 src/glcd/glcd.o
                0x00004e1c                glcd_update_bbox
 .text.glcd_reset_bbox
                0x00004e74       0x20 src/glcd/glcd.o
                0x00004e74                glcd_reset_bbox
 .text.glcd_clear_buffer
                0x00004e94       0x2c src/glcd/glcd.o
                0x00004e94                glcd_clear_buffer
 .text.glcd_select_screen
                0x00004ec0       0x14 src/glcd/glcd.o
                0x00004ec0                glcd_select_screen
 .text.glcd_set_pixel
                0x00004ed4       0x48 src/glcd/graphics.o
                0x00004ed4                glcd_set_pixel
 .text.glcd_draw_line
                0x00004f1c       0xcc src/glcd/graphics.o
                0x00004f1c                glcd_draw_line
 .text.glcd_draw_circle
                0x00004fe8      0x13c src/glcd/graphics.o
                0x00004fe8                glcd_draw_circle
 .text.glcd_command
                0x00005124       0x18 src/glcd/ST7565R.o
                0x00005124                glcd_command
 .text.glcd_data
                0x0000513c       0x18 src/glcd/ST7565R.o
                0x0000513c                glcd_data
 .text.glcd_set_contrast
                0x00005154       0x1c src/glcd/ST7565R.o
                0x00005154                glcd_set_contrast
 .text.glcd_set_y_address
                0x00005170       0x14 src/glcd/ST7565R.o
                0x00005170                glcd_set_y_address
 .text.glcd_set_column_upper
                0x00005184       0x14 src/glcd/ST7565R.o
                0x00005184                glcd_set_column_upper
 .text.glcd_set_column_lower
                0x00005198       0x10 src/glcd/ST7565R.o
                0x00005198                glcd_set_column_lower
 .text.glcd_set_x_address
                0x000051a8       0x18 src/glcd/ST7565R.o
                0x000051a8                glcd_set_x_address
 .text.glcd_write
                0x000051c0       0x6c src/glcd/ST7565R.o
                0x000051c0                glcd_write
 .text.glcd_ST7565R_init
                0x0000522c       0x30 src/glcd/ST7565R.o
                0x0000522c                glcd_ST7565R_init
 .text.glcd_draw_char_xy
                0x0000525c      0x1f0 src/glcd/text.o
                0x0000525c                glcd_draw_char_xy
 .text.glcd_draw_string_xy
                0x0000544c       0x38 src/glcd/text.o
                0x0000544c                glcd_draw_string_xy
 .text.glcd_tiny_set_font
                0x00005484       0x1c src/glcd/text_tiny.o
                0x00005484                glcd_tiny_set_font
 .text.glcd_tiny_draw_char
                0x000054a0       0x90 src/glcd/text_tiny.o
                0x000054a0                glcd_tiny_draw_char
 .text.glcd_tiny_draw_string
                0x00005530       0x54 src/glcd/text_tiny.o
                0x00005530                glcd_tiny_draw_string
 .text._usart_wait_for_sync
                0x00005584        0xa src/ASF/sam0/drivers/sercom/usart/usart.o
 *fill*         0x0000558e        0x2 
 .text.usart_init
                0x00005590      0x2e0 src/ASF/sam0/drivers/sercom/usart/usart.o
                0x00005590                usart_init
 .text.port_pin_set_output_level
                0x00005870       0x2c src/ASF/sam0/drivers/sercom/spi/spi.o
 .text.spi_is_write_complete
                0x0000589c        0xa src/ASF/sam0/drivers/sercom/spi/spi.o
 .text.spi_is_ready_to_write
                0x000058a6        0xa src/ASF/sam0/drivers/sercom/spi/spi.o
 .text.spi_is_ready_to_read
                0x000058b0        0xa src/ASF/sam0/drivers/sercom/spi/spi.o
 *fill*         0x000058ba        0x2 
 .text.spi_write
                0x000058bc       0x20 src/ASF/sam0/drivers/sercom/spi/spi.o
 .text.spi_read
                0x000058dc       0x3c src/ASF/sam0/drivers/sercom/spi/spi.o
 .text.spi_disable
                0x00005918       0x38 src/ASF/sam0/drivers/sercom/spi/spi.o
 .text.spi_set_baudrate
                0x00005950       0x8c src/ASF/sam0/drivers/sercom/spi/spi.o
                0x00005950                spi_set_baudrate
 .text.spi_init
                0x000059dc      0x214 src/ASF/sam0/drivers/sercom/spi/spi.o
                0x000059dc                spi_init
 .text.spi_read_buffer_wait
                0x00005bf0       0xf4 src/ASF/sam0/drivers/sercom/spi/spi.o
                0x00005bf0                spi_read_buffer_wait
 .text.spi_select_slave
                0x00005ce4       0x98 src/ASF/sam0/drivers/sercom/spi/spi.o
                0x00005ce4                spi_select_slave
 .text.spi_write_buffer_wait
                0x00005d7c      0x1c0 src/ASF/sam0/drivers/sercom/spi/spi.o
                0x00005d7c                spi_write_buffer_wait
 .text.spi_transceive_buffer_wait
                0x00005f3c      0x200 src/ASF/sam0/drivers/sercom/spi/spi.o
                0x00005f3c                spi_transceive_buffer_wait
 .text.long_division
                0x0000613c       0x6c src/ASF/sam0/drivers/sercom/sercom.o
 .text._sercom_get_sync_baud_val
                0x000061a8       0x28 src/ASF/sam0/drivers/sercom/sercom.o
                0x000061a8                _sercom_get_sync_baud_val
 .text._sercom_get_async_baud_val
                0x000061d0       0x98 src/ASF/sam0/drivers/sercom/sercom.o
                0x000061d0                _sercom_get_async_baud_val
 .text.sercom_set_gclk_generator
                0x00006268       0x44 src/ASF/sam0/drivers/sercom/sercom.o
                0x00006268                sercom_set_gclk_generator
 .text._sercom_get_default_pad
                0x000062ac      0x158 src/ASF/sam0/drivers/sercom/sercom.o
                0x000062ac                _sercom_get_default_pad
 .text._sercom_get_sercom_inst_index
                0x00006404       0x30 src/ASF/sam0/drivers/sercom/sercom.o
                0x00006404                _sercom_get_sercom_inst_index
 .text.delay_init
                0x00006434       0x40 src/ASF/common2/services/delay/sam0/systick_counter.o
                0x00006434                delay_init
 .text.delay_cycles_us
                0x00006474       0x2c src/ASF/common2/services/delay/sam0/systick_counter.o
                0x00006474                delay_cycles_us
 .text.delay_cycles_ms
                0x000064a0       0x2c src/ASF/common2/services/delay/sam0/systick_counter.o
                0x000064a0                delay_cycles_ms
 .text.port_pin_set_config
                0x000064cc       0x20 src/ASF/sam0/drivers/port/port.o
                0x000064cc                port_pin_set_config
 .text._system_dfll_wait_for_sync
                0x000064ec       0x14 src/ASF/sam0/drivers/system/clock/clock_saml21/clock.o
 .text.system_switch_performance_level
                0x00006500       0x28 src/ASF/sam0/drivers/system/clock/clock_saml21/clock.o
 .text.system_clock_source_get_hz
                0x00006528       0x8c src/ASF/sam0/drivers/system/clock/clock_saml21/clock.o
                0x00006528                system_clock_source_get_hz
 .text.system_clock_source_xosc32k_set_config
                0x000065b4       0x8c src/ASF/sam0/drivers/system/clock/clock_saml21/clock.o
                0x000065b4                system_clock_source_xosc32k_set_config
 .text.system_clock_source_enable
                0x00006640       0xa4 src/ASF/sam0/drivers/system/clock/clock_saml21/clock.o
                0x00006640                system_clock_source_enable
 .text.system_clock_source_is_ready
                0x000066e4       0x64 src/ASF/sam0/drivers/system/clock/clock_saml21/clock.o
                0x000066e4                system_clock_source_is_ready
 .text.system_clock_init
                0x00006748       0xc4 src/ASF/sam0/drivers/system/clock/clock_saml21/clock.o
                0x00006748                system_clock_init
 .text.system_gclk_is_syncing
                0x0000680c       0x20 src/ASF/sam0/drivers/system/clock/clock_saml21/gclk.o
 .text.system_gclk_init
                0x0000682c       0x20 src/ASF/sam0/drivers/system/clock/clock_saml21/gclk.o
                0x0000682c                system_gclk_init
 .text.system_gclk_gen_set_config
                0x0000684c       0x98 src/ASF/sam0/drivers/system/clock/clock_saml21/gclk.o
                0x0000684c                system_gclk_gen_set_config
 .text.system_gclk_gen_enable
                0x000068e4       0x38 src/ASF/sam0/drivers/system/clock/clock_saml21/gclk.o
                0x000068e4                system_gclk_gen_enable
 .text.system_gclk_gen_get_hz
                0x0000691c       0x68 src/ASF/sam0/drivers/system/clock/clock_saml21/gclk.o
                0x0000691c                system_gclk_gen_get_hz
 .text.system_gclk_chan_enable
                0x00006984       0x30 src/ASF/sam0/drivers/system/clock/clock_saml21/gclk.o
                0x00006984                system_gclk_chan_enable
 .text.system_gclk_chan_disable
                0x000069b4       0x30 src/ASF/sam0/drivers/system/clock/clock_saml21/gclk.o
                0x000069b4                system_gclk_chan_disable
 .text.system_gclk_chan_set_config
                0x000069e4       0x24 src/ASF/sam0/drivers/system/clock/clock_saml21/gclk.o
                0x000069e4                system_gclk_chan_set_config
 .text.system_gclk_chan_get_hz
                0x00006a08       0x30 src/ASF/sam0/drivers/system/clock/clock_saml21/gclk.o
                0x00006a08                system_gclk_chan_get_hz
 .text._system_pinmux_config
                0x00006a38       0x84 src/ASF/sam0/drivers/system/pinmux/pinmux.o
 .text.system_pinmux_pin_set_config
                0x00006abc       0x2c src/ASF/sam0/drivers/system/pinmux/pinmux.o
                0x00006abc                system_pinmux_pin_set_config
 .text._system_dummy_init
                0x00006ae8        0x2 src/ASF/sam0/drivers/system/system.o
                0x00006ae8                _system_events_init
                0x00006ae8                _system_dummy_init
                0x00006ae8                _system_divas_init
 *fill*         0x00006aea        0x2 
 .text.system_init
                0x00006aec       0x2c src/ASF/sam0/drivers/system/system.o
                0x00006aec                system_init
 .text.arch_ioport_set_port_mode
                0x00006b18       0x5c src/main.o
 .text.arch_ioport_set_pin_dir
                0x00006b74       0x38 src/main.o
 .text.tc_get_config_defaults
                0x00006bac       0x36 src/main.o
 .text.tc_start_counter
                0x00006be2       0x18 src/main.o
 .text.do_nothing
                0x00006bfa        0x2 src/main.o
                0x00006bfa                do_nothing
 .text.set_backlight_init
                0x00006bfc       0x20 src/main.o
                0x00006bfc                set_backlight_init
 .text.set_bluetooth_init
                0x00006c1c       0x28 src/main.o
                0x00006c1c                set_bluetooth_init
 .text.menu1_init
                0x00006c44       0x28 src/main.o
                0x00006c44                menu1_init
 .text.timer_callback_1s
                0x00006c6c       0x20 src/main.o
                0x00006c6c                timer_callback_1s
 .text.menu1    0x00006c8c      0x18c src/main.o
                0x00006c8c                menu1
 .text.set_clock_init
                0x00006e18       0x40 src/main.o
                0x00006e18                set_clock_init
 .text.set_clock
                0x00006e58      0x1d8 src/main.o
                0x00006e58                set_clock
 .text.tc_disable.isra.2
                0x00007030       0x16 src/main.o
 *fill*         0x00007046        0x2 
 .text.laser_on_off.part.5
                0x00007048       0x28 src/main.o
 .text.aim_func
                0x00007070       0x48 src/main.o
                0x00007070                aim_func
 .text.aim_abort
                0x000070b8       0x18 src/main.o
                0x000070b8                aim_abort
 .text.set_bluetooth
                0x000070d0      0x1d4 src/main.o
                0x000070d0                set_bluetooth
 .text.extint_routine
                0x000072a4       0xb4 src/main.o
                0x000072a4                extint_routine
 .text.timer_callback_longbutton
                0x00007358       0x20 src/main.o
                0x00007358                timer_callback_longbutton
 .text.ioport_reset_pin_mode
                0x00007378       0x18 src/main.o
 .text.configure_SD
                0x00007390       0x5c src/main.o
                0x00007390                configure_SD
 .text.save_measurement
                0x000073ec      0x200 src/main.o
                0x000073ec                save_measurement
 .text.print_data_screen
                0x000075ec      0x278 src/main.o
                0x000075ec                print_data_screen
 .text.laser_parse_buffer
                0x00007864      0x108 src/main.o
                0x00007864                laser_parse_buffer
 .text.dot_product
                0x0000796c       0x2c src/main.o
                0x0000796c                dot_product
 .text.calc_compass
                0x00007998      0x14c src/main.o
                0x00007998                calc_compass
 .text.calc_inclination
                0x00007ae4       0x94 src/main.o
                0x00007ae4                calc_inclination
 .text.parse_acc_data
                0x00007b78       0x18 src/main.o
                0x00007b78                parse_acc_data
 .text.read_accel
                0x00007b90       0xd8 src/main.o
                0x00007b90                read_accel
 .text.setup_accel
                0x00007c68       0xa0 src/main.o
                0x00007c68                setup_accel
 .text.parse_mag_data
                0x00007d08       0x28 src/main.o
                0x00007d08                parse_mag_data
 .text.read_mag
                0x00007d30      0x10c src/main.o
                0x00007d30                read_mag
 .text.active_reading
                0x00007e3c      0x110 src/main.o
                0x00007e3c                active_reading
 .text.setup_mag
                0x00007f4c       0xf0 src/main.o
                0x00007f4c                setup_mag
 .text.config_batt
                0x0000803c       0xec src/main.o
                0x0000803c                config_batt
 .text.setup_batt
                0x00008128       0x40 src/main.o
                0x00008128                setup_batt
 .text.backlight_level
                0x00008168       0x74 src/main.o
                0x00008168                backlight_level
 .text.set_backlight
                0x000081dc      0x1e0 src/main.o
                0x000081dc                set_backlight
 .text.main_screen
                0x000083bc       0x4c src/main.o
                0x000083bc                main_screen
 .text.take_measurement
                0x00008408      0x284 src/main.o
                0x00008408                take_measurement
 .text.measure_func
                0x0000868c       0x20 src/main.o
                0x0000868c                measure_func
 .text.config_pins_powerup
                0x000086ac      0x12c src/main.o
                0x000086ac                config_pins_powerup
 .text.config_pins_powerdown
                0x000087d8       0xc8 src/main.o
                0x000087d8                config_pins_powerdown
 .text.configure_extint_channel
                0x000088a0       0x5c src/main.o
                0x000088a0                configure_extint_channel
 .text.configure_extint_callbacks
                0x000088fc       0x5c src/main.o
                0x000088fc                configure_extint_callbacks
 .text.configure_tc
                0x00008958       0xfc src/main.o
                0x00008958                configure_tc
 .text.configure_tc_callbacks
                0x00008a54       0x7c src/main.o
                0x00008a54                configure_tc_callbacks
 .text.setup_XOSC32k
                0x00008ad0       0x50 src/main.o
                0x00008ad0                setup_XOSC32k
 .text.clock_32k_source
                0x00008b20       0x34 src/main.o
                0x00008b20                clock_32k_source
 .text.powerdown_func
                0x00008b54       0xbc src/main.o
                0x00008b54                powerdown_func
 .text.powerup_func
                0x00008c10       0xec src/main.o
                0x00008c10                powerup_func
 .text.clock_16M_source
                0x00008cfc       0x34 src/main.o
                0x00008cfc                clock_16M_source
 .text.startup.main
                0x00008d30      0x1b8 src/main.o
                0x00008d30                main
 .text.atan2    0x00008ee8        0x8 c:/program files (x86)/atmel/studio/7.0/toolchain/arm/arm-gnu-toolchain/bin/../lib/gcc/arm-none-eabi/6.3.1/../../../../arm-none-eabi/lib/thumb/v6-m\libm.a(lib_a-w_atan2.o)
                0x00008ee8                atan2
 .text.sqrt     0x00008ef0       0xc0 c:/program files (x86)/atmel/studio/7.0/toolchain/arm/arm-gnu-toolchain/bin/../lib/gcc/arm-none-eabi/6.3.1/../../../../arm-none-eabi/lib/thumb/v6-m\libm.a(lib_a-w_sqrt.o)
                0x00008ef0                sqrt
 .text.__ieee754_atan2
                0x00008fb0      0x178 c:/program files (x86)/atmel/studio/7.0/toolchain/arm/arm-gnu-toolchain/bin/../lib/gcc/arm-none-eabi/6.3.1/../../../../arm-none-eabi/lib/thumb/v6-m\libm.a(lib_a-e_atan2.o)
                0x00008fb0                __ieee754_atan2
 .text.__ieee754_sqrt
                0x00009128      0x1c0 c:/program files (x86)/atmel/studio/7.0/toolchain/arm/arm-gnu-toolchain/bin/../lib/gcc/arm-none-eabi/6.3.1/../../../../arm-none-eabi/lib/thumb/v6-m\libm.a(lib_a-e_sqrt.o)
                0x00009128                __ieee754_sqrt
 .text.atan     0x000092e8      0x338 c:/program files (x86)/atmel/studio/7.0/toolchain/arm/arm-gnu-toolchain/bin/../lib/gcc/arm-none-eabi/6.3.1/../../../../arm-none-eabi/lib/thumb/v6-m\libm.a(lib_a-s_atan.o)
                0x000092e8                atan
 .text.fabs     0x00009620        0x8 c:/program files (x86)/atmel/studio/7.0/toolchain/arm/arm-gnu-toolchain/bin/../lib/gcc/arm-none-eabi/6.3.1/../../../../arm-none-eabi/lib/thumb/v6-m\libm.a(lib_a-s_fabs.o)
                0x00009620                fabs
 .text.matherr  0x00009628        0x4 c:/program files (x86)/atmel/studio/7.0/toolchain/arm/arm-gnu-toolchain/bin/../lib/gcc/arm-none-eabi/6.3.1/../../../../arm-none-eabi/lib/thumb/v6-m\libm.a(lib_a-s_matherr.o)
                0x00009628                matherr
 .text          0x0000962c       0x14 c:/program files (x86)/atmel/studio/7.0/toolchain/arm/arm-gnu-toolchain/bin/../lib/gcc/arm-none-eabi/6.3.1/thumb/v6-m\libgcc.a(_thumb1_case_uqi.o)
                0x0000962c                __gnu_thumb1_case_uqi
 .text          0x00009640      0x114 c:/program files (x86)/atmel/studio/7.0/toolchain/arm/arm-gnu-toolchain/bin/../lib/gcc/arm-none-eabi/6.3.1/thumb/v6-m\libgcc.a(_udivsi3.o)
                0x00009640                __aeabi_uidiv
                0x00009640                __udivsi3
                0x0000974c                __aeabi_uidivmod
 .text          0x00009754      0x1d4 c:/program files (x86)/atmel/studio/7.0/toolchain/arm/arm-gnu-toolchain/bin/../lib/gcc/arm-none-eabi/6.3.1/thumb/v6-m\libgcc.a(_divsi3.o)
                0x00009754                __divsi3
                0x00009754                __aeabi_idiv
                0x00009920                __aeabi_idivmod
 .text          0x00009928        0x4 c:/program files (x86)/atmel/studio/7.0/toolchain/arm/arm-gnu-toolchain/bin/../lib/gcc/arm-none-eabi/6.3.1/thumb/v6-m\libgcc.a(_dvmd_tls.o)
                0x00009928                __aeabi_idiv0
                0x00009928                __aeabi_ldiv0
 .text          0x0000992c       0x18 c:/program files (x86)/atmel/studio/7.0/toolchain/arm/arm-gnu-toolchain/bin/../lib/gcc/arm-none-eabi/6.3.1/thumb/v6-m\libgcc.a(_ashldi3.o)
                0x0000992c                __aeabi_llsl
                0x0000992c                __ashldi3
 .text          0x00009944       0x7c c:/program files (x86)/atmel/studio/7.0/toolchain/arm/arm-gnu-toolchain/bin/../lib/gcc/arm-none-eabi/6.3.1/thumb/v6-m\libgcc.a(_arm_cmpdf2.o)
                0x00009944                __aeabi_cdrcmple
                0x00009954                __aeabi_cdcmple
                0x00009954                __aeabi_cdcmpeq
                0x00009964                __aeabi_dcmpeq
                0x00009970                __aeabi_dcmplt
                0x00009984                __aeabi_dcmple
                0x00009998                __aeabi_dcmpgt
                0x000099ac                __aeabi_dcmpge
 .text          0x000099c0       0x74 c:/program files (x86)/atmel/studio/7.0/toolchain/arm/arm-gnu-toolchain/bin/../lib/gcc/arm-none-eabi/6.3.1/thumb/v6-m\libgcc.a(_arm_cmpsf2.o)
                0x000099c0                __aeabi_cfrcmple
                0x000099c8                __aeabi_cfcmpeq
                0x000099c8                __aeabi_cfcmple
                0x000099d8                __aeabi_fcmpeq
                0x000099e4                __aeabi_fcmplt
                0x000099f8                __aeabi_fcmple
                0x00009a0c                __aeabi_fcmpgt
                0x00009a20                __aeabi_fcmpge
 .text          0x00009a34       0x3c c:/program files (x86)/atmel/studio/7.0/toolchain/arm/arm-gnu-toolchain/bin/../lib/gcc/arm-none-eabi/6.3.1/thumb/v6-m\libgcc.a(_clzsi2.o)
                0x00009a34                __clzsi2
 .text          0x00009a70       0x40 c:/program files (x86)/atmel/studio/7.0/toolchain/arm/arm-gnu-toolchain/bin/../lib/gcc/arm-none-eabi/6.3.1/thumb/v6-m\libgcc.a(_ctzsi2.o)
                0x00009a70                __ctzsi2
 .text          0x00009ab0       0x54 c:/program files (x86)/atmel/studio/7.0/toolchain/arm/arm-gnu-toolchain/bin/../lib/gcc/arm-none-eabi/6.3.1/thumb/v6-m\libgcc.a(_muldi3.o)
                0x00009ab0                __muldi3
                0x00009ab0                __aeabi_lmul
 .text          0x00009b04      0x324 c:/program files (x86)/atmel/studio/7.0/toolchain/arm/arm-gnu-toolchain/bin/../lib/gcc/arm-none-eabi/6.3.1/thumb/v6-m\libgcc.a(addsf3.o)
                0x00009b04                __aeabi_fadd
 .text          0x00009e28      0x290 c:/program files (x86)/atmel/studio/7.0/toolchain/arm/arm-gnu-toolchain/bin/../lib/gcc/arm-none-eabi/6.3.1/thumb/v6-m\libgcc.a(divsf3.o)
                0x00009e28                __aeabi_fdiv
 .text          0x0000a0b8       0x4c c:/program files (x86)/atmel/studio/7.0/toolchain/arm/arm-gnu-toolchain/bin/../lib/gcc/arm-none-eabi/6.3.1/thumb/v6-m\libgcc.a(eqsf2.o)
                0x0000a0b8                __eqsf2
                0x0000a0b8                __nesf2
 .text          0x0000a104       0x80 c:/program files (x86)/atmel/studio/7.0/toolchain/arm/arm-gnu-toolchain/bin/../lib/gcc/arm-none-eabi/6.3.1/thumb/v6-m\libgcc.a(gesf2.o)
                0x0000a104                __gesf2
                0x0000a104                __gtsf2
 .text          0x0000a184       0x84 c:/program files (x86)/atmel/studio/7.0/toolchain/arm/arm-gnu-toolchain/bin/../lib/gcc/arm-none-eabi/6.3.1/thumb/v6-m\libgcc.a(lesf2.o)
                0x0000a184                __ltsf2
                0x0000a184                __lesf2
 .text          0x0000a208      0x240 c:/program files (x86)/atmel/studio/7.0/toolchain/arm/arm-gnu-toolchain/bin/../lib/gcc/arm-none-eabi/6.3.1/thumb/v6-m\libgcc.a(mulsf3.o)
                0x0000a208                __aeabi_fmul
 .text          0x0000a448      0x338 c:/program files (x86)/atmel/studio/7.0/toolchain/arm/arm-gnu-toolchain/bin/../lib/gcc/arm-none-eabi/6.3.1/thumb/v6-m\libgcc.a(subsf3.o)
                0x0000a448                __aeabi_fsub
 .text          0x0000a780       0xa0 c:/program files (x86)/atmel/studio/7.0/toolchain/arm/arm-gnu-toolchain/bin/../lib/gcc/arm-none-eabi/6.3.1/thumb/v6-m\libgcc.a(floatsisf.o)
                0x0000a780                __aeabi_i2f
 .text          0x0000a820       0x8c c:/program files (x86)/atmel/studio/7.0/toolchain/arm/arm-gnu-toolchain/bin/../lib/gcc/arm-none-eabi/6.3.1/thumb/v6-m\libgcc.a(floatunsisf.o)
                0x0000a820                __aeabi_ui2f
 .text          0x0000a8ac      0x620 c:/program files (x86)/atmel/studio/7.0/toolchain/arm/arm-gnu-toolchain/bin/../lib/gcc/arm-none-eabi/6.3.1/thumb/v6-m\libgcc.a(adddf3.o)
                0x0000a8ac                __aeabi_dadd
 .text          0x0000aecc      0x668 c:/program files (x86)/atmel/studio/7.0/toolchain/arm/arm-gnu-toolchain/bin/../lib/gcc/arm-none-eabi/6.3.1/thumb/v6-m\libgcc.a(divdf3.o)
                0x0000aecc                __aeabi_ddiv
 .text          0x0000b534       0x74 c:/program files (x86)/atmel/studio/7.0/toolchain/arm/arm-gnu-toolchain/bin/../lib/gcc/arm-none-eabi/6.3.1/thumb/v6-m\libgcc.a(eqdf2.o)
                0x0000b534                __nedf2
                0x0000b534                __eqdf2
 .text          0x0000b5a8       0xc8 c:/program files (x86)/atmel/studio/7.0/toolchain/arm/arm-gnu-toolchain/bin/../lib/gcc/arm-none-eabi/6.3.1/thumb/v6-m\libgcc.a(gedf2.o)
                0x0000b5a8                __gedf2
                0x0000b5a8                __gtdf2
 .text          0x0000b670       0xc4 c:/program files (x86)/atmel/studio/7.0/toolchain/arm/arm-gnu-toolchain/bin/../lib/gcc/arm-none-eabi/6.3.1/thumb/v6-m\libgcc.a(ledf2.o)
                0x0000b670                __ledf2
                0x0000b670                __ltdf2
 .text          0x0000b734      0x500 c:/program files (x86)/atmel/studio/7.0/toolchain/arm/arm-gnu-toolchain/bin/../lib/gcc/arm-none-eabi/6.3.1/thumb/v6-m\libgcc.a(muldf3.o)
                0x0000b734                __aeabi_dmul
 .text          0x0000bc34      0x62c c:/program files (x86)/atmel/studio/7.0/toolchain/arm/arm-gnu-toolchain/bin/../lib/gcc/arm-none-eabi/6.3.1/thumb/v6-m\libgcc.a(subdf3.o)
                0x0000bc34                __aeabi_dsub
 .text          0x0000c260       0x40 c:/program files (x86)/atmel/studio/7.0/toolchain/arm/arm-gnu-toolchain/bin/../lib/gcc/arm-none-eabi/6.3.1/thumb/v6-m\libgcc.a(unorddf2.o)
                0x0000c260                __aeabi_dcmpun
 .text          0x0000c2a0       0x68 c:/program files (x86)/atmel/studio/7.0/toolchain/arm/arm-gnu-toolchain/bin/../lib/gcc/arm-none-eabi/6.3.1/thumb/v6-m\libgcc.a(fixdfsi.o)
                0x0000c2a0                __aeabi_d2iz
 .text          0x0000c308       0x70 c:/program files (x86)/atmel/studio/7.0/toolchain/arm/arm-gnu-toolchain/bin/../lib/gcc/arm-none-eabi/6.3.1/thumb/v6-m\libgcc.a(floatunsidf.o)
                0x0000c308                __aeabi_ui2d
 .text          0x0000c378       0xa4 c:/program files (x86)/atmel/studio/7.0/toolchain/arm/arm-gnu-toolchain/bin/../lib/gcc/arm-none-eabi/6.3.1/thumb/v6-m\libgcc.a(extendsfdf2.o)
                0x0000c378                __aeabi_f2d
 .text          0x0000c41c      0x114 c:/program files (x86)/atmel/studio/7.0/toolchain/arm/arm-gnu-toolchain/bin/../lib/gcc/arm-none-eabi/6.3.1/thumb/v6-m\libgcc.a(truncdfsf2.o)
                0x0000c41c                __aeabi_d2f
 .text.__errno  0x0000c530        0xc c:/program files (x86)/atmel/studio/7.0/toolchain/arm/arm-gnu-toolchain/bin/../lib/gcc/arm-none-eabi/6.3.1/../../../../arm-none-eabi/lib/thumb/v6-m\libc_nano.a(lib_a-errno.o)
                0x0000c530                __errno
 .text.__libc_init_array
                0x0000c53c       0x48 c:/program files (x86)/atmel/studio/7.0/toolchain/arm/arm-gnu-toolchain/bin/../lib/gcc/arm-none-eabi/6.3.1/../../../../arm-none-eabi/lib/thumb/v6-m\libc_nano.a(lib_a-init.o)
                0x0000c53c                __libc_init_array
 .text.memcpy   0x0000c584       0x12 c:/program files (x86)/atmel/studio/7.0/toolchain/arm/arm-gnu-toolchain/bin/../lib/gcc/arm-none-eabi/6.3.1/../../../../arm-none-eabi/lib/thumb/v6-m\libc_nano.a(lib_a-memcpy-stub.o)
                0x0000c584                memcpy
 .text.memset   0x0000c596       0x10 c:/program files (x86)/atmel/studio/7.0/toolchain/arm/arm-gnu-toolchain/bin/../lib/gcc/arm-none-eabi/6.3.1/../../../../arm-none-eabi/lib/thumb/v6-m\libc_nano.a(lib_a-memset.o)
                0x0000c596                memset
 *fill*         0x0000c5a6        0x2 
 .text.sprintf  0x0000c5a8       0x44 c:/program files (x86)/atmel/studio/7.0/toolchain/arm/arm-gnu-toolchain/bin/../lib/gcc/arm-none-eabi/6.3.1/../../../../arm-none-eabi/lib/thumb/v6-m\libc_nano.a(lib_a-sprintf.o)
                0x0000c5a8                siprintf
                0x0000c5a8                sprintf
 .text.strcat   0x0000c5ec       0x1a c:/program files (x86)/atmel/studio/7.0/toolchain/arm/arm-gnu-toolchain/bin/../lib/gcc/arm-none-eabi/6.3.1/../../../../arm-none-eabi/lib/thumb/v6-m\libc_nano.a(lib_a-strcat.o)
                0x0000c5ec                strcat
 .text.strcpy   0x0000c606       0x10 c:/program files (x86)/atmel/studio/7.0/toolchain/arm/arm-gnu-toolchain/bin/../lib/gcc/arm-none-eabi/6.3.1/../../../../arm-none-eabi/lib/thumb/v6-m\libc_nano.a(lib_a-strcpy.o)
                0x0000c606                strcpy
 .text          0x0000c616        0xe c:/program files (x86)/atmel/studio/7.0/toolchain/arm/arm-gnu-toolchain/bin/../lib/gcc/arm-none-eabi/6.3.1/../../../../arm-none-eabi/lib/thumb/v6-m\libc_nano.a(lib_a-strlen.o)
                0x0000c616                strlen
 .text._free_r  0x0000c624       0x94 c:/program files (x86)/atmel/studio/7.0/toolchain/arm/arm-gnu-toolchain/bin/../lib/gcc/arm-none-eabi/6.3.1/../../../../arm-none-eabi/lib/thumb/v6-m\libc_nano.a(lib_a-nano-freer.o)
                0x0000c624                _free_r
 .text._malloc_r
                0x0000c6b8       0xbc c:/program files (x86)/atmel/studio/7.0/toolchain/arm/arm-gnu-toolchain/bin/../lib/gcc/arm-none-eabi/6.3.1/../../../../arm-none-eabi/lib/thumb/v6-m\libc_nano.a(lib_a-nano-mallocr.o)
                0x0000c6b8                _malloc_r
 .text.__ssputs_r
                0x0000c774       0xc4 c:/program files (x86)/atmel/studio/7.0/toolchain/arm/arm-gnu-toolchain/bin/../lib/gcc/arm-none-eabi/6.3.1/../../../../arm-none-eabi/lib/thumb/v6-m\libc_nano.a(lib_a-nano-svfprintf.o)
                0x0000c774                __ssputs_r
 .text._svfprintf_r
                0x0000c838      0x208 c:/program files (x86)/atmel/studio/7.0/toolchain/arm/arm-gnu-toolchain/bin/../lib/gcc/arm-none-eabi/6.3.1/../../../../arm-none-eabi/lib/thumb/v6-m\libc_nano.a(lib_a-nano-svfprintf.o)
                0x0000c838                _svfiprintf_r
                0x0000c838                _svfprintf_r
 .text._printf_common
                0x0000ca40       0xda c:/program files (x86)/atmel/studio/7.0/toolchain/arm/arm-gnu-toolchain/bin/../lib/gcc/arm-none-eabi/6.3.1/../../../../arm-none-eabi/lib/thumb/v6-m\libc_nano.a(lib_a-nano-vfprintf_i.o)
                0x0000ca40                _printf_common
 *fill*         0x0000cb1a        0x2 
 .text._printf_i
                0x0000cb1c      0x234 c:/program files (x86)/atmel/studio/7.0/toolchain/arm/arm-gnu-toolchain/bin/../lib/gcc/arm-none-eabi/6.3.1/../../../../arm-none-eabi/lib/thumb/v6-m\libc_nano.a(lib_a-nano-vfprintf_i.o)
                0x0000cb1c                _printf_i
 .text._sbrk_r  0x0000cd50       0x24 c:/program files (x86)/atmel/studio/7.0/toolchain/arm/arm-gnu-toolchain/bin/../lib/gcc/arm-none-eabi/6.3.1/../../../../arm-none-eabi/lib/thumb/v6-m\libc_nano.a(lib_a-sbrkr.o)
                0x0000cd50                _sbrk_r
 .text.memchr   0x0000cd74       0x16 c:/program files (x86)/atmel/studio/7.0/toolchain/arm/arm-gnu-toolchain/bin/../lib/gcc/arm-none-eabi/6.3.1/../../../../arm-none-eabi/lib/thumb/v6-m\libc_nano.a(lib_a-memchr-stub.o)
                0x0000cd74                memchr
 .text.memmove  0x0000cd8a       0x24 c:/program files (x86)/atmel/studio/7.0/toolchain/arm/arm-gnu-toolchain/bin/../lib/gcc/arm-none-eabi/6.3.1/../../../../arm-none-eabi/lib/thumb/v6-m\libc_nano.a(lib_a-memmove.o)
                0x0000cd8a                memmove
 .text.__malloc_lock
                0x0000cdae        0x2 c:/program files (x86)/atmel/studio/7.0/toolchain/arm/arm-gnu-toolchain/bin/../lib/gcc/arm-none-eabi/6.3.1/../../../../arm-none-eabi/lib/thumb/v6-m\libc_nano.a(lib_a-mlock.o)
                0x0000cdae                __malloc_lock
 .text.__malloc_unlock
                0x0000cdb0        0x2 c:/program files (x86)/atmel/studio/7.0/toolchain/arm/arm-gnu-toolchain/bin/../lib/gcc/arm-none-eabi/6.3.1/../../../../arm-none-eabi/lib/thumb/v6-m\libc_nano.a(lib_a-mlock.o)
                0x0000cdb0                __malloc_unlock
 .text._realloc_r
                0x0000cdb2       0x4c c:/program files (x86)/atmel/studio/7.0/toolchain/arm/arm-gnu-toolchain/bin/../lib/gcc/arm-none-eabi/6.3.1/../../../../arm-none-eabi/lib/thumb/v6-m\libc_nano.a(lib_a-nano-reallocr.o)
                0x0000cdb2                _realloc_r
 .text._malloc_usable_size_r
                0x0000cdfe       0x10 c:/program files (x86)/atmel/studio/7.0/toolchain/arm/arm-gnu-toolchain/bin/../lib/gcc/arm-none-eabi/6.3.1/../../../../arm-none-eabi/lib/thumb/v6-m\libc_nano.a(lib_a-nano-msizer.o)
                0x0000cdfe                _malloc_usable_size_r
 *(.glue_7t)
 .glue_7t       0x0000ce0e        0x0 linker stubs
 *(.glue_7)
 .glue_7        0x0000ce0e        0x0 linker stubs
 *(.rodata .rodata* .gnu.linkonce.r.*)
 *fill*         0x0000ce0e        0x2 
 .rodata.mmc_trans_multipliers
                0x0000ce10       0x40 src/ASF/common2/components/memory/sd_mmc/sd_mmc.o
                0x0000ce10                mmc_trans_multipliers
 .rodata.sd_mmc_trans_units
                0x0000ce50       0x1c src/ASF/common2/components/memory/sd_mmc/sd_mmc.o
                0x0000ce50                sd_mmc_trans_units
 .rodata.sd_trans_multipliers
                0x0000ce6c       0x40 src/ASF/common2/components/memory/sd_mmc/sd_mmc.o
                0x0000ce6c                sd_trans_multipliers
 .rodata.lun_desc
                0x0000ceac       0x40 src/ASF/common/services/storage/ctrl_access/ctrl_access.o
 .rodata.str1.1
                0x0000ceec       0x2a src/ASF/common/services/storage/ctrl_access/ctrl_access.o
 *fill*         0x0000cf16        0x2 
 .rodata        0x0000cf18       0x24 src/ASF/sam0/drivers/tc/tc_sam_l_c/tc.o
 .rodata._usb_device_irq_bits
                0x0000cf3c        0xe src/ASF/sam0/drivers/usb/usb_sam_l/usb.o
 .rodata.ExCvt  0x0000cf4a       0x80 src/FatFS_R13C/ff.o
 .rodata.LfnOfs
                0x0000cfca        0xd src/FatFS_R13C/ff.o
 .rodata.check_fs.str1.1
                0x0000cfd7        0xa src/FatFS_R13C/ff.o
 .rodata.follow_path.str1.1
                0x0000cfe1       0x10 src/FatFS_R13C/ff.o
 *fill*         0x0000cff1        0x1 
 .rodata.cvt1.4394
                0x0000cff2      0x1f2 src/FatFS_R13C/ffunicode.o
 .rodata.cvt2.4395
                0x0000d1e4       0xbc src/FatFS_R13C/ffunicode.o
 .rodata.uc437  0x0000d2a0      0x100 src/FatFS_R13C/ffunicode.o
 .rodata        0x0000d3a0       0x18 src/ASF/sam0/drivers/sercom/sercom.o
 .rodata        0x0000d3b8       0x30 src/main.o
 .rodata.Font5x7
                0x0000d3e8      0x1e0 src/main.o
 .rodata.configure_SD.str1.1
                0x0000d5c8       0x10 src/main.o
                                  0x1 (size before relaxing)
 .rodata.menu1.str1.1
                0x0000d5c8       0x4f src/main.o
 .rodata.print_data_screen.str1.1
                0x0000d617       0x23 src/main.o
 .rodata.print_powerdown.str1.1
                0x0000d63a       0x34 src/main.o
 .rodata.save_measurement.str1.1
                0x0000d66e       0x81 src/main.o
 .rodata.set_backlight.str1.1
                0x0000d6ef       0x3a src/main.o
 .rodata.set_bluetooth.str1.1
                0x0000d729       0x5b src/main.o
 .rodata.set_clock.str1.1
                0x0000d784       0x60 src/main.o
 .rodata.tc_interrupt_vectors.15321
                0x0000d7e4        0x3 src/main.o
 *fill*         0x0000d7e7        0x1 
 .rodata.sqrt.str1.4
                0x0000d7e8        0x8 c:/program files (x86)/atmel/studio/7.0/toolchain/arm/arm-gnu-toolchain/bin/../lib/gcc/arm-none-eabi/6.3.1/../../../../arm-none-eabi/lib/thumb/v6-m\libm.a(lib_a-w_sqrt.o)
                                  0x5 (size before relaxing)
 .rodata.atanhi
                0x0000d7f0       0x20 c:/program files (x86)/atmel/studio/7.0/toolchain/arm/arm-gnu-toolchain/bin/../lib/gcc/arm-none-eabi/6.3.1/../../../../arm-none-eabi/lib/thumb/v6-m\libm.a(lib_a-s_atan.o)
 .rodata.atanlo
                0x0000d810       0x20 c:/program files (x86)/atmel/studio/7.0/toolchain/arm/arm-gnu-toolchain/bin/../lib/gcc/arm-none-eabi/6.3.1/../../../../arm-none-eabi/lib/thumb/v6-m\libm.a(lib_a-s_atan.o)
 .rodata        0x0000d830       0x80 c:/program files (x86)/atmel/studio/7.0/toolchain/arm/arm-gnu-toolchain/bin/../lib/gcc/arm-none-eabi/6.3.1/thumb/v6-m\libgcc.a(divsf3.o)
 .rodata        0x0000d8b0       0x40 c:/program files (x86)/atmel/studio/7.0/toolchain/arm/arm-gnu-toolchain/bin/../lib/gcc/arm-none-eabi/6.3.1/thumb/v6-m\libgcc.a(mulsf3.o)
 .rodata        0x0000d8f0       0x40 c:/program files (x86)/atmel/studio/7.0/toolchain/arm/arm-gnu-toolchain/bin/../lib/gcc/arm-none-eabi/6.3.1/thumb/v6-m\libgcc.a(divdf3.o)
 .rodata        0x0000d930       0x40 c:/program files (x86)/atmel/studio/7.0/toolchain/arm/arm-gnu-toolchain/bin/../lib/gcc/arm-none-eabi/6.3.1/thumb/v6-m\libgcc.a(muldf3.o)
 .rodata._svfprintf_r.str1.1
                0x0000d970       0x11 c:/program files (x86)/atmel/studio/7.0/toolchain/arm/arm-gnu-toolchain/bin/../lib/gcc/arm-none-eabi/6.3.1/../../../../arm-none-eabi/lib/thumb/v6-m\libc_nano.a(lib_a-nano-svfprintf.o)
 .rodata._printf_i.str1.1
                0x0000d981       0x22 c:/program files (x86)/atmel/studio/7.0/toolchain/arm/arm-gnu-toolchain/bin/../lib/gcc/arm-none-eabi/6.3.1/../../../../arm-none-eabi/lib/thumb/v6-m\libc_nano.a(lib_a-nano-vfprintf_i.o)
 *(.ARM.extab* .gnu.linkonce.armextab.*)
                0x0000d9a4                . = ALIGN (0x4)
 *fill*         0x0000d9a3        0x1 
 *(.init)
 .init          0x0000d9a4        0x4 c:/program files (x86)/atmel/studio/7.0/toolchain/arm/arm-gnu-toolchain/bin/../lib/gcc/arm-none-eabi/6.3.1/thumb/v6-m/crti.o
                0x0000d9a4                _init
 .init          0x0000d9a8        0x8 c:/program files (x86)/atmel/studio/7.0/toolchain/arm/arm-gnu-toolchain/bin/../lib/gcc/arm-none-eabi/6.3.1/thumb/v6-m/crtn.o
                0x0000d9b0                . = ALIGN (0x4)
                0x0000d9b0                __preinit_array_start = .
 *(.preinit_array)
                0x0000d9b0                __preinit_array_end = .
                0x0000d9b0                . = ALIGN (0x4)
                0x0000d9b0                __init_array_start = .
 *(SORT(.init_array.*))
 *(.init_array)
 .init_array    0x0000d9b0        0x4 c:/program files (x86)/atmel/studio/7.0/toolchain/arm/arm-gnu-toolchain/bin/../lib/gcc/arm-none-eabi/6.3.1/thumb/v6-m/crtbegin.o
                0x0000d9b4                __init_array_end = .
                0x0000d9b4                . = ALIGN (0x4)
 *crtbegin.o(.ctors)
 *(EXCLUDE_FILE(*crtend.o) .ctors)
 *(SORT(.ctors.*))
 *crtend.o(.ctors)
                0x0000d9b4                . = ALIGN (0x4)
 *(.fini)
 .fini          0x0000d9b4        0x4 c:/program files (x86)/atmel/studio/7.0/toolchain/arm/arm-gnu-toolchain/bin/../lib/gcc/arm-none-eabi/6.3.1/thumb/v6-m/crti.o
                0x0000d9b4                _fini
 .fini          0x0000d9b8        0x8 c:/program files (x86)/atmel/studio/7.0/toolchain/arm/arm-gnu-toolchain/bin/../lib/gcc/arm-none-eabi/6.3.1/thumb/v6-m/crtn.o
                0x0000d9c0                . = ALIGN (0x4)
                0x0000d9c0                __fini_array_start = .
 *(.fini_array)
 .fini_array    0x0000d9c0        0x4 c:/program files (x86)/atmel/studio/7.0/toolchain/arm/arm-gnu-toolchain/bin/../lib/gcc/arm-none-eabi/6.3.1/thumb/v6-m/crtbegin.o
 *(SORT(.fini_array.*))
                0x0000d9c4                __fini_array_end = .
 *crtbegin.o(.dtors)
 *(EXCLUDE_FILE(*crtend.o) .dtors)
 *(SORT(.dtors.*))
 *crtend.o(.dtors)
                0x0000d9c4                . = ALIGN (0x4)
                0x0000d9c4                _efixed = .
                [!provide]                PROVIDE (__exidx_start, .)

.vfp11_veneer   0x0000d9c4        0x0
 .vfp11_veneer  0x0000d9c4        0x0 linker stubs

.v4_bx          0x0000d9c4        0x0
 .v4_bx         0x0000d9c4        0x0 linker stubs

.iplt           0x0000d9c4        0x0
 .iplt          0x0000d9c4        0x0 c:/program files (x86)/atmel/studio/7.0/toolchain/arm/arm-gnu-toolchain/bin/../lib/gcc/arm-none-eabi/6.3.1/thumb/v6-m/crtbegin.o

.eh_frame       0x0000d9c4        0x0
 .eh_frame      0x0000d9c4        0x0 c:/program files (x86)/atmel/studio/7.0/toolchain/arm/arm-gnu-toolchain/bin/../lib/gcc/arm-none-eabi/6.3.1/thumb/v6-m/crtbegin.o

.rel.dyn        0x0000d9c4        0x0
 .rel.iplt      0x0000d9c4        0x0 c:/program files (x86)/atmel/studio/7.0/toolchain/arm/arm-gnu-toolchain/bin/../lib/gcc/arm-none-eabi/6.3.1/thumb/v6-m/crtbegin.o

.jcr            0x0000d9c4        0x0
 .jcr           0x0000d9c4        0x0 c:/program files (x86)/atmel/studio/7.0/toolchain/arm/arm-gnu-toolchain/bin/../lib/gcc/arm-none-eabi/6.3.1/thumb/v6-m/crtbegin.o

.igot.plt       0x0000d9c4        0x0
 .igot.plt      0x0000d9c4        0x0 c:/program files (x86)/atmel/studio/7.0/toolchain/arm/arm-gnu-toolchain/bin/../lib/gcc/arm-none-eabi/6.3.1/thumb/v6-m/crtbegin.o

.ARM.exidx
 *(.ARM.exidx* .gnu.linkonce.armexidx.*)
                [!provide]                PROVIDE (__exidx_end, .)
                0x0000d9c4                . = ALIGN (0x4)
                0x0000d9c4                _etext = .

.relocate       0x20000000      0x260 load address 0x0000d9c4
                0x20000000                . = ALIGN (0x4)
                0x20000000                _srelocate = .
 *(.ramfunc .ramfunc.*)
 *(.data .data.*)
 .data.ss_pins  0x20000000        0x1 src/ASF/common2/components/memory/sd_mmc/sd_mmc_spi.o
                0x20000000                ss_pins
 .data.g_interrupt_enabled
                0x20000001        0x1 src/ASF/common/utils/interrupt/interrupt_sam_nvic.o
                0x20000001                g_interrupt_enabled
 *fill*         0x20000002        0x2 
 .data.days_per_month_acc
                0x20000004       0x30 src/extern_clock/extern_clock.o
                0x20000004                days_per_month_acc
 .data.cycles_per_ms
                0x20000034        0x4 src/ASF/common2/services/delay/sam0/systick_counter.o
 .data.cycles_per_us
                0x20000038        0x4 src/ASF/common2/services/delay/sam0/systick_counter.o
 .data.DesignCap
                0x2000003c        0x2 src/main.o
                0x2000003c                DesignCap
 .data.IchgTerm
                0x2000003e        0x2 src/main.o
                0x2000003e                IchgTerm
 .data.VEmpty   0x20000040        0x2 src/main.o
                0x20000040                VEmpty
 .data.blue     0x20000042        0x1 src/main.o
                0x20000042                blue
 .data.cmd_laser_on
                0x20000043        0x5 src/main.o
                0x20000043                cmd_laser_on
 .data.cmd_laser_single
                0x20000048        0x5 src/main.o
                0x20000048                cmd_laser_single
 .data.cycle_count1
                0x2000004d        0x1 src/main.o
                0x2000004d                cycle_count1
 .data.cycle_count2
                0x2000004e        0x1 src/main.o
                0x2000004e                cycle_count2
 .data.green    0x2000004f        0x1 src/main.o
                0x2000004f                green
 .data.read_status
                0x20000050        0x4 src/main.o
                0x20000050                read_status
 .data.read_x   0x20000054        0x4 src/main.o
                0x20000054                read_x
 .data.read_y   0x20000058        0x4 src/main.o
                0x20000058                read_y
 .data.read_z   0x2000005c        0x4 src/main.o
                0x2000005c                read_z
 .data.red      0x20000060        0x1 src/main.o
                0x20000060                red
 .data.set_mode4
                0x20000061        0x4 src/main.o
                0x20000061                set_mode4
 .data.state_change
                0x20000065        0x1 src/main.o
                0x20000065                state_change
 *fill*         0x20000066        0x2 
 .data.state_functions
                0x20000068       0x78 src/main.o
                0x20000068                state_functions
 .data.state_nextstate
                0x200000e0       0x63 src/main.o
                0x200000e0                state_nextstate
 .data.str_header_ft
                0x20000143       0x59 src/main.o
                0x20000143                str_header_ft
 .data.str_header_mt
                0x2000019c       0x5b src/main.o
                0x2000019c                str_header_mt
 .data.sw_reset
                0x200001f7        0x4 src/main.o
                0x200001f7                sw_reset
 .data.__fdlib_version
                0x200001fb        0x1 c:/program files (x86)/atmel/studio/7.0/toolchain/arm/arm-gnu-toolchain/bin/../lib/gcc/arm-none-eabi/6.3.1/../../../../arm-none-eabi/lib/thumb/v6-m\libm.a(lib_a-s_lib_ver.o)
                0x200001fb                __fdlib_version
 .data._impure_ptr
                0x200001fc        0x4 c:/program files (x86)/atmel/studio/7.0/toolchain/arm/arm-gnu-toolchain/bin/../lib/gcc/arm-none-eabi/6.3.1/../../../../arm-none-eabi/lib/thumb/v6-m\libc_nano.a(lib_a-impure.o)
                0x200001fc                _impure_ptr
 .data.impure_data
                0x20000200       0x60 c:/program files (x86)/atmel/studio/7.0/toolchain/arm/arm-gnu-toolchain/bin/../lib/gcc/arm-none-eabi/6.3.1/../../../../arm-none-eabi/lib/thumb/v6-m\libc_nano.a(lib_a-impure.o)
                0x20000260                . = ALIGN (0x4)
                0x20000260                _erelocate = .

.lpram          0x30000000        0x0
                0x30000000                . = ALIGN (0x8)
                0x30000000                _slpram = .
 *(.lpram .lpram.*)
                0x30000000                . = ALIGN (0x8)
                0x30000000                _elpram = .

.bss            0x20000260     0x1158 load address 0x0000dc24
                0x20000260                . = ALIGN (0x4)
                0x20000260                _sbss = .
                0x20000260                _szero = .
 *(.bss .bss.*)
 .bss           0x20000260       0x1c c:/program files (x86)/atmel/studio/7.0/toolchain/arm/arm-gnu-toolchain/bin/../lib/gcc/arm-none-eabi/6.3.1/thumb/v6-m/crtbegin.o
 .bss.sd_mmc_card
                0x2000027c        0x4 src/ASF/common2/components/memory/sd_mmc/sd_mmc.o
 .bss.sd_mmc_cards
                0x20000280       0x20 src/ASF/common2/components/memory/sd_mmc/sd_mmc.o
 .bss.sd_mmc_nb_block_remaining
                0x200002a0        0x2 src/ASF/common2/components/memory/sd_mmc/sd_mmc.o
 .bss.sd_mmc_nb_block_to_tranfer
                0x200002a2        0x2 src/ASF/common2/components/memory/sd_mmc/sd_mmc.o
 .bss.sd_mmc_slot_sel
                0x200002a4        0x1 src/ASF/common2/components/memory/sd_mmc/sd_mmc.o
 *fill*         0x200002a5        0x1 
 .bss.sd_mmc_spi_block_size
                0x200002a6        0x2 src/ASF/common2/components/memory/sd_mmc/sd_mmc_spi.o
 .bss.sd_mmc_spi_devices
                0x200002a8        0x3 src/ASF/common2/components/memory/sd_mmc/sd_mmc_spi.o
 .bss.sd_mmc_spi_err
                0x200002ab        0x1 src/ASF/common2/components/memory/sd_mmc/sd_mmc_spi.o
 .bss.sd_mmc_spi_nb_block
                0x200002ac        0x2 src/ASF/common2/components/memory/sd_mmc/sd_mmc_spi.o
 *fill*         0x200002ae        0x2 
 .bss.sd_mmc_spi_response_32
                0x200002b0        0x4 src/ASF/common2/components/memory/sd_mmc/sd_mmc_spi.o
 .bss.sd_mmc_spi_transfert_pos
                0x200002b4        0x4 src/ASF/common2/components/memory/sd_mmc/sd_mmc_spi.o
 .bss.slave_configs
                0x200002b8        0x3 src/ASF/common2/components/memory/sd_mmc/sd_mmc_spi.o
 *fill*         0x200002bb        0x1 
 .bss.cpu_irq_critical_section_counter
                0x200002bc        0x4 src/ASF/common/utils/interrupt/interrupt_sam_nvic.o
 .bss.cpu_irq_prev_interrupt_state
                0x200002c0        0x1 src/ASF/common/utils/interrupt/interrupt_sam_nvic.o
 .bss._handler_table_initialized
                0x200002c1        0x1 src/ASF/sam0/drivers/sercom/sercom_interrupt.o
 *fill*         0x200002c2        0x2 
 .bss._sercom_interrupt_handlers
                0x200002c4       0x18 src/ASF/sam0/drivers/sercom/sercom_interrupt.o
 .bss._usb_instances
                0x200002dc        0x4 src/ASF/sam0/drivers/usb/usb_sam_l/usb.o
 .bss.device_callback_lpm_wakeup_enable
                0x200002e0        0x4 src/ASF/sam0/drivers/usb/usb_sam_l/usb.o
 .bss.ep_callback_para
                0x200002e4        0x8 src/ASF/sam0/drivers/usb/usb_sam_l/usb.o
 .bss.host_pipe_job_busy_status
                0x200002ec        0x4 src/ASF/sam0/drivers/usb/usb_sam_l/usb.o
                0x200002ec                host_pipe_job_busy_status
 .bss.pipe_callback_para
                0x200002f0        0x6 src/ASF/sam0/drivers/usb/usb_sam_l/usb.o
 *fill*         0x200002f6        0x2 
 .bss.heap.5296
                0x200002f8        0x4 src/ASF/sam0/utils/syscalls/gcc/syscalls.o
 .bss.sd_mmc_ejected
                0x200002fc        0x2 src/comms/sd_mmc_mem.o
 *fill*         0x200002fe        0x2 
 .bss.FatFs     0x20000300        0x4 src/FatFS_R13C/ff.o
 .bss.Fsid      0x20000304        0x2 src/FatFS_R13C/ff.o
 .bss._sercom_config
                0x20000306        0x2 src/ASF/sam0/drivers/sercom/sercom.o
 .bss._system_clock_inst
                0x20000308       0x18 src/ASF/sam0/drivers/system/clock/clock_saml21/clock.o
 .bss.brightness
                0x20000320        0x1 src/main.o
                0x20000320                brightness
 .bss.buttonE_triggered
                0x20000321        0x1 src/main.o
                0x20000321                buttonE_triggered
 *fill*         0x20000322        0x2 
 .bss.current_unit_dist
                0x20000324        0x4 src/main.o
                0x20000324                current_unit_dist
 .bss.data_buf_ind
                0x20000328        0x1 src/main.o
                0x20000328                data_buf_ind
 *fill*         0x20000329        0x3 
 .bss.data_ref  0x2000032c        0x4 src/main.o
                0x2000032c                data_ref
 .bss.read_buffer.19908
                0x20000330        0x4 src/main.o
 .bss.__malloc_free_list
                0x20000334        0x4 c:/program files (x86)/atmel/studio/7.0/toolchain/arm/arm-gnu-toolchain/bin/../lib/gcc/arm-none-eabi/6.3.1/../../../../arm-none-eabi/lib/thumb/v6-m\libc_nano.a(lib_a-nano-mallocr.o)
                0x20000334                __malloc_free_list
 .bss.__malloc_sbrk_start
                0x20000338        0x4 c:/program files (x86)/atmel/studio/7.0/toolchain/arm/arm-gnu-toolchain/bin/../lib/gcc/arm-none-eabi/6.3.1/../../../../arm-none-eabi/lib/thumb/v6-m\libc_nano.a(lib_a-nano-mallocr.o)
                0x20000338                __malloc_sbrk_start
 *(COMMON)
 COMMON         0x2000033c       0xfc src/ASF/common2/components/memory/sd_mmc/sd_mmc.o
                0x2000033c                slave_mag2
                0x2000033f                slave_lcd
                0x20000342                slave_acc2
                0x20000348                usart_laser
                0x2000037c                slave_SD
                0x2000037f                rx_buffer
                0x20000393                rx_buffer_index
                0x20000394                spi_main
                0x200003d0                i2c_master_instance
                0x200003f8                slave_acc1
                0x200003fb                slave_mag1
                0x200003fe                write_complete
                0x200003ff                reception_complete
                0x20000400                config_spi_master
 COMMON         0x20000438        0x5 src/ASF/common/services/sleepmgr/saml/sleepmgr.o
                0x20000438                sleepmgr_locks
 COMMON         0x2000043d        0x1 src/ASF/sam0/drivers/extint/extint_callback.o
                0x2000043d                _current_channel
 *fill*         0x2000043e        0x2 
 COMMON         0x20000440       0x40 src/ASF/sam0/drivers/extint/extint_sam_l_c/extint.o
                0x20000440                _extint_dev
 COMMON         0x20000480        0x4 src/ASF/sam0/drivers/rtc/rtc_sam_l_c/rtc_count.o
                0x20000480                _rtc_instance
 COMMON         0x20000484       0x18 src/ASF/sam0/drivers/sercom/sercom_interrupt.o
                0x20000484                _sercom_instances
 COMMON         0x2000049c        0x2 src/ASF/sam0/drivers/sercom/spi/spi_interrupt.o
                0x2000049c                dummy_write
 *fill*         0x2000049e        0x2 
 COMMON         0x200004a0        0xc src/ASF/sam0/drivers/tc/tc_interrupt.o
                0x200004a0                _tc_instances
 COMMON         0x200004ac      0x100 src/ASF/sam0/drivers/usb/usb_sam_l/usb.o
                0x200004ac                usb_descriptor_table
 COMMON         0x200005ac       0x28 src/extern_clock/extern_clock.o
                0x200005ac                current_time
                0x200005c0                temp_time
 COMMON         0x200005d4      0x40c src/glcd/glcd.o
                0x200005d4                glcd_bbox
                0x200005d8                glcd_buffer
                0x200009d8                glcd_buffer_selected
                0x200009dc                glcd_bbox_selected
 COMMON         0x200009e0        0xc src/glcd/text.o
                0x200009e0                font_current
 COMMON         0x200009ec      0x9c5 src/main.o
                0x200009ec                file2
                0x20000c14                batt_voltage
                0x20000c18                timer2
                0x20000c34                current_state
                0x20000c38                data_buf
                0x20000eb8                batt_SOC
                0x20000ebc                cur_Y
                0x20000ec0                debug2
                0x20000ec1                debug4
                0x20000ec2                HibCFG
                0x20000ec4                filename
                0x20000ee2                display_str
                0x20000f00                cur_X_high
                0x20000f04                debounce_counter
                0x20000f08                cur_X
                0x20000f0c                cur_Y_high
                0x20000f10                current_input
                0x20000f11                SD_status
                0x20000f12                last_input
                0x20000f13                debug1
                0x20000f14                timer1
                0x20000f30                cur_Y_low
                0x20000f34                cur_X_low
                0x20000f38                FatFS
                0x2000116c                file1
                0x20001394                timer3
                0x200013b0                debug3
 *fill*         0x200013b1        0x3 
 COMMON         0x200013b4        0x4 c:/program files (x86)/atmel/studio/7.0/toolchain/arm/arm-gnu-toolchain/bin/../lib/gcc/arm-none-eabi/6.3.1/../../../../arm-none-eabi/lib/thumb/v6-m\libc_nano.a(lib_a-reent.o)
                0x200013b4                errno
                0x200013b8                . = ALIGN (0x4)
                0x200013b8                _ebss = .
                0x200013b8                _ezero = .

.stack          0x200013b8     0x2000 load address 0x0000ed7c
                0x200013b8                . = ALIGN (0x8)
                0x200013b8                _sstack = .
                0x200033b8                . = (. + STACK_SIZE)
 *fill*         0x200013b8     0x2000 
                0x200033b8                . = ALIGN (0x8)
                0x200033b8                _estack = .
                0x200033b8                . = ALIGN (0x4)
                0x200033b8                _end = .
OUTPUT(trident_4.0_v1.elf elf32-littlearm)

.ARM.attributes
                0x00000000       0x28
 .ARM.attributes
                0x00000000       0x1e c:/program files (x86)/atmel/studio/7.0/toolchain/arm/arm-gnu-toolchain/bin/../lib/gcc/arm-none-eabi/6.3.1/thumb/v6-m/crti.o
 .ARM.attributes
                0x0000001e       0x2c c:/program files (x86)/atmel/studio/7.0/toolchain/arm/arm-gnu-toolchain/bin/../lib/gcc/arm-none-eabi/6.3.1/thumb/v6-m/crtbegin.o
 .ARM.attributes
                0x0000004a       0x32 src/ASF/common2/boards/user_board/init.o
 .ARM.attributes
                0x0000007c       0x32 src/ASF/common2/components/memory/sd_mmc/sd_mmc.o
 .ARM.attributes
                0x000000ae       0x32 src/ASF/common2/components/memory/sd_mmc/sd_mmc_spi.o
 .ARM.attributes
                0x000000e0       0x32 src/ASF/common/services/sleepmgr/saml/sleepmgr.o
 .ARM.attributes
                0x00000112       0x32 src/ASF/common/services/storage/ctrl_access/ctrl_access.o
 .ARM.attributes
                0x00000144       0x32 src/ASF/common/utils/interrupt/interrupt_sam_nvic.o
 .ARM.attributes
                0x00000176       0x32 src/ASF/sam0/drivers/extint/extint_callback.o
 .ARM.attributes
                0x000001a8       0x32 src/ASF/sam0/drivers/extint/extint_sam_l_c/extint.o
 .ARM.attributes
                0x000001da       0x32 src/ASF/sam0/drivers/rtc/rtc_sam_l_c/rtc_count.o
 .ARM.attributes
                0x0000020c       0x32 src/ASF/sam0/drivers/rtc/rtc_sam_l_c/rtc_count_interrupt.o
 .ARM.attributes
                0x0000023e       0x32 src/ASF/sam0/drivers/sercom/i2c/i2c_sam0/i2c_master.o
 .ARM.attributes
                0x00000270       0x32 src/ASF/sam0/drivers/sercom/i2c/i2c_sam0/i2c_master_interrupt.o
 .ARM.attributes
                0x000002a2       0x32 src/ASF/sam0/drivers/sercom/sercom_interrupt.o
 .ARM.attributes
                0x000002d4       0x32 src/ASF/sam0/drivers/sercom/spi/spi_interrupt.o
 .ARM.attributes
                0x00000306       0x32 src/ASF/sam0/drivers/sercom/usart/usart_interrupt.o
 .ARM.attributes
                0x00000338       0x32 src/ASF/sam0/drivers/tc/tc_interrupt.o
 .ARM.attributes
                0x0000036a       0x32 src/ASF/sam0/drivers/tc/tc_sam_l_c/tc.o
 .ARM.attributes
                0x0000039c       0x32 src/ASF/sam0/drivers/usb/usb_sam_l/usb.o
 .ARM.attributes
                0x000003ce       0x32 src/ASF/sam0/utils/cmsis/saml21/source/gcc/startup_saml21.o
 .ARM.attributes
                0x00000400       0x32 src/ASF/sam0/utils/syscalls/gcc/syscalls.o
 .ARM.attributes
                0x00000432       0x32 src/comms/comms.o
 .ARM.attributes
                0x00000464       0x32 src/comms/sd_mmc_mem.o
 .ARM.attributes
                0x00000496       0x32 src/extern_clock/extern_clock.o
 .ARM.attributes
                0x000004c8       0x32 src/FatFS_R13C/diskio.o
 .ARM.attributes
                0x000004fa       0x32 src/FatFS_R13C/fattime_rtc.o
 .ARM.attributes
                0x0000052c       0x32 src/FatFS_R13C/ff.o
 .ARM.attributes
                0x0000055e       0x32 src/FatFS_R13C/ffunicode.o
 .ARM.attributes
                0x00000590       0x32 src/glcd/ATSAML21.o
 .ARM.attributes
                0x000005c2       0x32 src/glcd/glcd.o
 .ARM.attributes
                0x000005f4       0x32 src/glcd/graphics.o
 .ARM.attributes
                0x00000626       0x32 src/glcd/ST7565R.o
 .ARM.attributes
                0x00000658       0x32 src/glcd/text.o
 .ARM.attributes
                0x0000068a       0x32 src/glcd/text_tiny.o
 .ARM.attributes
                0x000006bc       0x32 src/ASF/sam0/drivers/sercom/usart/usart.o
 .ARM.attributes
                0x000006ee       0x32 src/ASF/sam0/drivers/sercom/spi/spi.o
 .ARM.attributes
                0x00000720       0x32 src/ASF/sam0/drivers/sercom/sercom.o
 .ARM.attributes
                0x00000752       0x32 src/ASF/common2/services/delay/sam0/systick_counter.o
 .ARM.attributes
                0x00000784       0x32 src/ASF/sam0/drivers/port/port.o
 .ARM.attributes
                0x000007b6       0x32 src/ASF/sam0/drivers/system/clock/clock_saml21/clock.o
 .ARM.attributes
                0x000007e8       0x32 src/ASF/sam0/drivers/system/clock/clock_saml21/gclk.o
 .ARM.attributes
                0x0000081a       0x32 src/ASF/sam0/drivers/system/pinmux/pinmux.o
 .ARM.attributes
                0x0000084c       0x32 src/ASF/sam0/drivers/system/system.o
 .ARM.attributes
                0x0000087e       0x32 src/main.o
 .ARM.attributes
                0x000008b0       0x2c c:/program files (x86)/atmel/studio/7.0/toolchain/arm/arm-gnu-toolchain/bin/../lib/gcc/arm-none-eabi/6.3.1/../../../../arm-none-eabi/lib/thumb/v6-m\libm.a(lib_a-w_atan2.o)
 .ARM.attributes
                0x000008dc       0x2c c:/program files (x86)/atmel/studio/7.0/toolchain/arm/arm-gnu-toolchain/bin/../lib/gcc/arm-none-eabi/6.3.1/../../../../arm-none-eabi/lib/thumb/v6-m\libm.a(lib_a-w_sqrt.o)
 .ARM.attributes
                0x00000908       0x2c c:/program files (x86)/atmel/studio/7.0/toolchain/arm/arm-gnu-toolchain/bin/../lib/gcc/arm-none-eabi/6.3.1/../../../../arm-none-eabi/lib/thumb/v6-m\libm.a(lib_a-e_atan2.o)
 .ARM.attributes
                0x00000934       0x2c c:/program files (x86)/atmel/studio/7.0/toolchain/arm/arm-gnu-toolchain/bin/../lib/gcc/arm-none-eabi/6.3.1/../../../../arm-none-eabi/lib/thumb/v6-m\libm.a(lib_a-e_sqrt.o)
 .ARM.attributes
                0x00000960       0x2c c:/program files (x86)/atmel/studio/7.0/toolchain/arm/arm-gnu-toolchain/bin/../lib/gcc/arm-none-eabi/6.3.1/../../../../arm-none-eabi/lib/thumb/v6-m\libm.a(lib_a-s_atan.o)
 .ARM.attributes
                0x0000098c       0x2c c:/program files (x86)/atmel/studio/7.0/toolchain/arm/arm-gnu-toolchain/bin/../lib/gcc/arm-none-eabi/6.3.1/../../../../arm-none-eabi/lib/thumb/v6-m\libm.a(lib_a-s_fabs.o)
 .ARM.attributes
                0x000009b8       0x2c c:/program files (x86)/atmel/studio/7.0/toolchain/arm/arm-gnu-toolchain/bin/../lib/gcc/arm-none-eabi/6.3.1/../../../../arm-none-eabi/lib/thumb/v6-m\libm.a(lib_a-s_lib_ver.o)
 .ARM.attributes
                0x000009e4       0x2c c:/program files (x86)/atmel/studio/7.0/toolchain/arm/arm-gnu-toolchain/bin/../lib/gcc/arm-none-eabi/6.3.1/../../../../arm-none-eabi/lib/thumb/v6-m\libm.a(lib_a-s_matherr.o)
 .ARM.attributes